 DEPRECATED  `test.poolOptions` was removed in Vitest 4. All previous `poolOptions` are now top-level options. Please, refer to the migration guide: https://vitest.dev/guide/migration#pool-rework

[1m[46m RUN [49m[22m [36mv4.0.18 [39m[90mC:/Users/krazy/Projects/Expense Tracker/frontend[39m

 [32mΓ£ô[39m src/components/ExpenseForm.test.jsx[2m > [22mExpenseForm - People Selection Enhancement[2m > [22mshould show people dropdown only for medical expenses[32m 113[2mms[22m[39m
 [32mΓ£ô[39m src/components/ExpenseForm.test.jsx[2m > [22mExpenseForm - People Selection Enhancement[2m > [22mshould handle single person selection correctly[32m 238[2mms[22m[39m
 [32mΓ£ô[39m src/components/ExpenseForm.test.jsx[2m > [22mExpenseForm - People Selection Enhancement[2m > [22mshould trigger allocation modal for multiple people selection[32m 123[2mms[22m[39m
 [32mΓ£ô[39m src/components/ExpenseForm.test.jsx[2m > [22mExpenseForm - People Selection Enhancement[2m > [22mshould handle allocation modal correctly[32m 134[2mms[22m[39m
 [31m├ù[39m src/components/ExpenseForm.test.jsx[2m > [22mExpenseForm - People Selection Enhancement[2m > [22mshould clear people selection when changing away from medical expenses[33m 1118[2mms[22m[39m
[31m   ΓåÆ expected 'false' to be 'true' // Object.is equality

Ignored nodes: comments, script, style
[36m<html>[31m
  [36m<head />[31m
  [36m<body>[31m
    [36m<div>[31m
      [36m<div[31m
        [33mclass[31m=[32m"expense-form-container"[31m
      [36m>[31m
        [36m<h2>[31m
          [0mAdd New Expense[0m
        [36m</h2>[31m
        [36m<form[31m
          [33mclass[31m=[32m"expense-form"[31m
        [36m>[31m
          [36m<div[31m
            [33mclass[31m=[32m"form-row"[31m
          [36m>[31m
            [36m<div[31m
              [33mclass[31m=[32m"form-group"[31m
            [36m>[31m
              [36m<label[31m
                [33mfor[31m=[32m"date"[31m
              [36m>[31m
                [0mDate *[0m
              [36m</label>[31m
              [36m<input[31m
                [33mid[31m=[32m"date"[31m
                [33mname[31m=[32m"date"[31m
                [33mrequired[31m=[32m""[31m
                [33mtype[31m=[32m"date"[31m
                [33mvalue[31m=[32m"2025-01-15"[31m
              [36m/>[31m
            [36m</div>[31m
            [36m<div[31m
              [33mclass[31m=[32m"form-group autocomplete-wrapper"[31m
            [36m>[31m
              [36m<label[31m
                [33mfor[31m=[32m"place"[31m
              [36m>[31m
                [0mPlace[0m
              [36m</label>[31m
              [36m<input[31m
                [33mautocomplete[31m=[32m"off"[31m
                [33mid[31m=[32m"place"[31m
                [33mmaxlength[31m=[32m"200"[31m
                [33mname[31m=[32m"place"[31m
                [33mplaceholder[31m=[32m"Where was this expense?"[31m
                [33mtype[31m=[32m"text"[31m
                [33mvalue[31m=[32m""[31m
              [36m/>[31m
            [36m</div>[31m
          [36m</div>[31m
          [36m<div[31m
            [33mclass[31m=[32m"form-row"[31m
          [36m>[31m
            [36m<div[31m
              [33mclass[31m=[32m"form-group"[31m
            [36m>[31m
              [36m<label[31m
                [33mfor[31m=[32m"type"[31m
              [36m>[31m
                [0mType *[0m
              [36m</label>[31m
              [36m<select[31m
                [33mclass[31m=[32m""[31m
                [33mid[31m=[32m"type"[31m
                [33mname[31m=[32m"type"[31m
                [33mrequired[31m=[32m""[31m
              [36m>[31m
                [36m<option[31m
                  [33mvalue[31m=[32m"Other"[31m
                [36m>[31m
                  [0mOther[0m
                [36m</option>[31m
                [36m<option[31m
                  [33mvalue[31m=[32m"Groceries"[31m
                [36m>[31m
                  [0mGroceries[0m
                [36m</option>[31m
                [36m<option[31m
                  [33mvalue[31m=[32m"Gas"[31m
                [36m>[31m
                  [0mGas[0m
                [36m</option>[31m
                [36m<option[31m
                  [33mvalue[31m=[32m"Dining Out"[31m
                [36m>[31m
                  [0mDining Out[0m
                [36m</option>[31m
                [36m<option[31m
                  [33mvalue[31m=[32m"Tax - Medical"[31m
                [36m>[31m
                  [0mTax - Medical[0m
                [36m</option>[31m
                [36m<option[31m
                  [33mvalue[31m=[32m"Tax - Donation"[31m
                [36m>[31m
                  [0mTax - Donation[0m
                [36m</option>[31m
              [36m</select>[31m
            [36m</div>[31m
            [36m<div[31m
              [33mclass[31m=[32m"form-group"[31m
            [36m>[31m
              [36m<label[31m
                [33mfor[31m=[32m"amount"[31m
              [36m>[31m
                [0mAmount *[0m
              [36m</label>[31m
              [36m<input[31m
                [33mid[31m=[32m"amount"[31m
                [33mmin[31m=[32m"0.01"[31m
                [33mname[31m=[32m"amount"[31m
                [33mplaceholder[31m=[32m"0.00"[31m
                [33mrequired[31m=[32m""[31m
                [33mstep[31m=[32m"0.01"[31m
                [33mtype[31m=[32m"number"[31m
                [33mvalue[31m=[32m""[31m
              [36m/>[31m
            [36m</div>[31m
          [36m</div>[31m
          [36m<div[31m
            [33mclass[31m=[32m"form-group"[31m
          [36m>[31m
            [36m<label[31m
              [33mfor[31m=[32m"payment_method_id"[31m
            [36m>[31m
              [0mPayment Method *[0m
            [36m</label>[31m
            [36m<select[31m
              [33mid[31m=[32m"payment_method_id"[31m
              [33mname[31m=[32m"payment_method_id"[31m
              [33mrequired[31m=[32m""[31m
            [36m>[31m
              [36m<option[31m
                [33mvalue[31m=[32m""[31m
              [36m>[31m
                [0mSelect payment method...[0m
              [36m</option>[31m
              [36m<optgroup[31m
                [33mlabel[31m=[32m"Cash"[31m
              [36m>[31m
                [36m<option[31m
                  [33mvalue[31m=[32m"1"[31m
                [36m>[31m
                  [0mCash[0m
                [36m</option>[31m
              [36m</optgroup>[31m
              [36m<optgroup[31m
                [33mlabel[31m=[32m"Debit"[31m
              [36m>[31m
                [36m<option[31m
                  [33mvalue[31m=[32m"3"[31m
                [36m>[31m
                  [0mDebit Card[0m
                [36m</option>[31m
              [36m</optgroup>[31m
              [36m<optgroup[31m
                [33mlabel[31m=[32m"Credit Card"[31m
              [36m>[31m
                [36m<option[31m
                  [33mvalue[31m=[32m"2"[31m
                [36m>[31m
                  [0mCredit Card[0m
                [36m</option>[31m
              [36m</optgroup>[31m
            [36m</select>[31m
          [36m</div>[31m
          [36m<div[31m
            [33mclass[31m=[32m"collapsible-section "[31m
          [36m>[31m
            [36m<div[31m
              [33maria-controls[31m=[32m"collapsible-content-people-assignment"[31m
              [33maria-expanded[31m=[32m"false"[31m
              [33mclass[31m=[32m"collapsible-header"[31m
              [33mid[31m=[32m"collapsible-header-people-assignment"[31m
              [33mrole[31m=[32m"button"[31m
              [33mtabindex[31m=[32m"0"[31m
            [36m>[31m
              [36m<div[31m
                [33mclass[31m=[32m"collapsible-header-left"[31m
              [36m>[31m
                [36m<span[31m
                  [33mclass[31m=[32m"collapsible-icon collapsed"[31m
                [36m>[31m
                  [0mΓû╢[0m
                [36m</span>[31m
                [36m<span[31m
                  [33mclass[31m=[32m"collapsible-title"[31m
                [36m>[31m
                  [0mPeople Assignment[0m
                [36m</span>[31m
              [36m</div>[31m
            [36m</div>[31m
          [36m</div>[31m
          [36m<div[31m
            [33mclass[31m=[32m"collapsible-section "[31m
          [36m>[31m
            [36m<div[31m
              [33maria-controls[31m=[32m"collapsible-content-insurance-tracking"[31m
              [33maria-expanded[31m=[32m"false"[31m
              [33mclass[31m=[32m"collapsible-header"[31m
              [33mid[31m=[32m"collapsible-header-insurance-tracking"[31m
              [33mrole[31m=[32m"button"[31m
              [33mtabindex[31m=[32m"0"[31m
            [36m>[31m
              [36m<div[31m
                [33mclass[31m=[32m"collapsible-header-left"[31m
              [36m>[31m
                [36m<span[31m
                  [33mclass[31m=[32m"collapsible-icon collapsed"[31m
                [36m>[31m
                  [0mΓû╢[0m
                [36m</span>[31m
                [36m<span[31m
                  [33mclass[31m=[32m"collapsible-title"[31m
                [36m>[31m
                  [0mInsurance Tracking[0m
                [36m</span>[31m
              [36m</div>[31m
            [36m</div>[31m
          [36m</div>[31m
          [36m<div[31m
            [33mclass[31m=[32m"collapsible-section "[31m
          [36m>[31m
            [36m<div[31m
              [33maria-controls[31m=[32m"collapsible-content-invoice-attachments"[31m
              [33maria-expanded[31m=[32m"false"[31m
              [33mclass[31m=[32m"collapsible-header"[31m
              [33mid[31m=[32m"collapsible-header-invoice-attachments"[31m
              [33mrole[31m=[32m"button"[31m
              [33mtabindex[31m=[32m"0"[31m
            [36m>[31m
              [36m<div[31m
                [33mclass[31m=[32m"collapsible-header-left"[31m
              [36m>[31m
                [36m<span[31m
                  [33mclass[31m=[32m"collapsible-icon collapsed"[31m
                [36m>[31m
                  [0mΓû╢[0m
                [36m</span>[31m
                [36m<span[31m
                  [33mclass[31m=[32m"collapsible-title"[31m
                [36m>[31m
                  [0mInvoice Attachments[0m
                [36m</span>[31m
              [36m</div>[31m
            [36m</div>[31m
          [36m</div>[31m
          [36m<div[31m
            [33mclass[31m=[32m"collapsible-section "[31m
          [36m>[31m
            [36m<div[31m
              [33maria-controls[31m=[32m"collapsible-content-advanced-options"[31m
              [33maria-expanded[31m=[32m"false"[31m
              [33mclass[31m=[32m"collapsible-header"[31m
              [33mid[31m=[32m"collapsible-header-advanced-options"[31m
              [33mrole[31m=[32m"button"[31m
              [33mtabindex[31m=[32m"0"[31m
            [36m>[31m
              [36m<div[31m
                [33mclass[31m=[32m"collapsible-header-left"[31m
              [36m>[31m
                [36m<span[31m
                  [33mclass[31m=[32m"collapsible-icon collapsed"[31m
                [36m>[31m
                  [0mΓû╢[0m
                [36m</span>[31m
                [36m<span[31m
                  [33mclass[31m=[32m"collapsible-title"[31m
                [36m>[31m
                  [0mAdvanced Options[0m
                [36m</span>[31m
              [36m</div>[31m
            [36m</div>[31m
          [36m</div>[31m
          [36m<div[31m
            [33mclass[31m=[32m"form-group"[31m
          [36m>[31m
            [36m<label[31m
              [33mfor[31m=[32m"notes"[31m
            [36m>[31m
              [0mNotes[0m
            [36m</label>[31m
            [36m<textarea[31m
              [33mid[31m=[32m"notes"[31m
              [33mmaxlength[31m=[32m"200"[31m
              [33mname[31m=[32m"notes"[31m
              [33mplaceholder[31m=[32m"Additional notes..."[31m
              [33mrows[31m=[32m"3"[31m
            [36m/>[31m
          [36m</div>[31m
          [36m<button[31m
            [33mclass[31m=[32m"submit-button"[31m
            [33mtype[31m=[32m"submit"[31m
          [36m>[31m
            [0mAdd Expense[0m
          [36m</button>[31m
        [36m</form>[31m
      [36m</div>[31m
    [36m</div>[31m
  [36m</body>[31m
[36m</html>[31m[39m
 [32mΓ£ô[39m src/components/ExpenseForm.test.jsx[2m > [22mExpenseForm - People Selection Enhancement[2m > [22mshould validate form correctly with people selection[32m 68[2mms[22m[39m
 [32mΓ£ô[39m src/components/ExpenseForm.test.jsx[2m > [22mExpenseForm - Future Months Feature[2m > [22mshould render future months checkbox[32m 36[2mms[22m[39m
 [32mΓ£ô[39m src/components/ExpenseForm.test.jsx[2m > [22mExpenseForm - Future Months Feature[2m > [22mshould have future months checkbox unchecked by default[32m 46[2mms[22m[39m
 [32mΓ£ô[39m src/components/ExpenseForm.test.jsx[2m > [22mExpenseForm - Future Months Feature[2m > [22mshould show date range preview when future months checkbox is checked[32m 60[2mms[22m[39m
 [31m├ù[39m src/components/ExpenseForm.test.jsx[2m > [22mExpenseForm - Future Months Feature[2m > [22mshould reset future months to 0 after successful submission[33m 1139[2mms[22m[39m
[31m   ΓåÆ expected true to be false // Object.is equality

Ignored nodes: comments, script, style
[36m<html>[31m
  [36m<head />[31m
  [36m<body>[31m
    [36m<div>[31m
      [36m<div[31m
        [33mclass[31m=[32m"expense-form-container"[31m
      [36m>[31m
        [36m<h2>[31m
          [0mAdd New Expense[0m
        [36m</h2>[31m
        [36m<form[31m
          [33mclass[31m=[32m"expense-form"[31m
        [36m>[31m
          [36m<div[31m
            [33mclass[31m=[32m"form-row"[31m
          [36m>[31m
            [36m<div[31m
              [33mclass[31m=[32m"form-group"[31m
            [36m>[31m
              [36m<label[31m
                [33mfor[31m=[32m"date"[31m
              [36m>[31m
                [0mDate *[0m
              [36m</label>[31m
              [36m<input[31m
                [33mid[31m=[32m"date"[31m
                [33mname[31m=[32m"date"[31m
                [33mrequired[31m=[32m""[31m
                [33mtype[31m=[32m"date"[31m
                [33mvalue[31m=[32m"2025-01-15"[31m
              [36m/>[31m
            [36m</div>[31m
            [36m<div[31m
              [33mclass[31m=[32m"form-group autocomplete-wrapper"[31m
            [36m>[31m
              [36m<label[31m
                [33mfor[31m=[32m"place"[31m
              [36m>[31m
                [0mPlace[0m
              [36m</label>[31m
              [36m<input[31m
                [33mautocomplete[31m=[32m"off"[31m
                [33mid[31m=[32m"place"[31m
                [33mmaxlength[31m=[32m"200"[31m
                [33mname[31m=[32m"place"[31m
                [33mplaceholder[31m=[32m"Where was this expense?"[31m
                [33mtype[31m=[32m"text"[31m
                [33mvalue[31m=[32m""[31m
              [36m/>[31m
            [36m</div>[31m
          [36m</div>[31m
          [36m<div[31m
            [33mclass[31m=[32m"form-row"[31m
          [36m>[31m
            [36m<div[31m
              [33mclass[31m=[32m"form-group"[31m
            [36m>[31m
              [36m<label[31m
                [33mfor[31m=[32m"type"[31m
              [36m>[31m
                [0mType *[0m
              [36m</label>[31m
              [36m<select[31m
                [33mclass[31m=[32m""[31m
                [33mid[31m=[32m"type"[31m
                [33mname[31m=[32m"type"[31m
                [33mrequired[31m=[32m""[31m
              [36m>[31m
                [36m<option[31m
                  [33mvalue[31m=[32m"Other"[31m
                [36m>[31m
                  [0mOther[0m
                [36m</option>[31m
                [36m<option[31m
                  [33mvalue[31m=[32m"Groceries"[31m
                [36m>[31m
                  [0mGroceries[0m
                [36m</option>[31m
                [36m<option[31m
                  [33mvalue[31m=[32m"Gas"[31m
                [36m>[31m
                  [0mGas[0m
                [36m</option>[31m
                [36m<option[31m
                  [33mvalue[31m=[32m"Dining Out"[31m
                [36m>[31m
                  [0mDining Out[0m
                [36m</option>[31m
                [36m<option[31m
                  [33mvalue[31m=[32m"Tax - Medical"[31m
                [36m>[31m
                  [0mTax - Medical[0m
                [36m</option>[31m
                [36m<option[31m
                  [33mvalue[31m=[32m"Tax - Donation"[31m
                [36m>[31m
                  [0mTax - Donation[0m
                [36m</option>[31m
                [36m<option[31m
                  [33mvalue[31m=[32m"Subscriptions"[31m
                [36m>[31m
                  [0mSubscriptions[0m
                [36m</option>[31m
              [36m</select>[31m
            [36m</div>[31m
            [36m<div[31m
              [33mclass[31m=[32m"form-group"[31m
            [36m>[31m
              [36m<label[31m
                [33mfor[31m=[32m"amount"[31m
              [36m>[31m
                [0mAmount *[0m
              [36m</label>[31m
              [36m<input[31m
                [33mid[31m=[32m"amount"[31m
                [33mmin[31m=[32m"0.01"[31m
                [33mname[31m=[32m"amount"[31m
                [33mplaceholder[31m=[32m"0.00"[31m
                [33mrequired[31m=[32m""[31m
                [33mstep[31m=[32m"0.01"[31m
                [33mtype[31m=[32m"number"[31m
                [33mvalue[31m=[32m""[31m
              [36m/>[31m
            [36m</div>[31m
          [36m</div>[31m
          [36m<div[31m
            [33mclass[31m=[32m"form-group"[31m
          [36m>[31m
            [36m<label[31m
              [33mfor[31m=[32m"payment_method_id"[31m
            [36m>[31m
              [0mPayment Method *[0m
            [36m</label>[31m
            [36m<select[31m
              [33mid[31m=[32m"payment_method_id"[31m
              [33mname[31m=[32m"payment_method_id"[31m
              [33mrequired[31m=[32m""[31m
            [36m>[31m
              [36m<option[31m
                [33mvalue[31m=[32m""[31m
              [36m>[31m
                [0mSelect payment method...[0m
              [36m</option>[31m
              [36m<optgroup[31m
                [33mlabel[31m=[32m"Cash"[31m
              [36m>[31m
                [36m<option[31m
                  [33mvalue[31m=[32m"1"[31m
                [36m>[31m
                  [0mCash[0m
                [36m</option>[31m
              [36m</optgroup>[31m
              [36m<optgroup[31m
                [33mlabel[31m=[32m"Debit"[31m
              [36m>[31m
                [36m<option[31m
                  [33mvalue[31m=[32m"3"[31m
                [36m>[31m
                  [0mDebit Card[0m
                [36m</option>[31m
              [36m</optgroup>[31m
              [36m<optgroup[31m
                [33mlabel[31m=[32m"Credit Card"[31m
              [36m>[31m
                [36m<option[31m
                  [33mvalue[31m=[32m"2"[31m
                [36m>[31m
                  [0mCredit Card[0m
                [36m</option>[31m
              [36m</optgroup>[31m
            [36m</select>[31m
          [36m</div>[31m
          [36m<div[31m
            [33mclass[31m=[32m"collapsible-section "[31m
          [36m>[31m
            [36m<div[31m
              [33maria-controls[31m=[32m"collapsible-content-reimbursement"[31m
              [33maria-expanded[31m=[32m"false"[31m
              [33mclass[31m=[32m"collapsible-header"[31m
              [33mid[31m=[32m"collapsible-header-reimbursement"[31m
              [33mrole[31m=[32m"button"[31m
              [33mtabindex[31m=[32m"0"[31m
            [36m>[31m
              [36m<div[31m
                [33mclass[31m=[32m"collapsible-header-left"[31m
              [36m>[31m
                [36m<span[31m
                  [33mclass[31m=[32m"collapsible-icon collapsed"[31m
                [36m>[31m
                  [0mΓû╢[0m
                [36m</span>[31m
                [36m<span[31m
                  [33mclass[31m=[32m"collapsible-title"[31m
                [36m>[31m
                  [0mReimbursement[0m
                [36m</span>[31m
              [36m</div>[31m
            [36m</div>[31m
          [36m</div>[31m
          [36m<div[31m
            [33mclass[31m=[32m"collapsible-section "[31m
          [36m>[31m
            [36m<div[31m
              [33maria-controls[31m=[32m"collapsible-content-advanced-options"[31m
              [33maria-expanded[31m=[32m"false"[31m
              [33mclass[31m=[32m"collapsible-header"[31m
              [33mid[31m=[32m"collapsible-header-advanced-options"[31m
              [33mrole[31m=[32m"button"[31m
              [33mtabindex[31m=[32m"0"[31m
            [36m>[31m
              [36m<div[31m
                [33mclass[31m=[32m"collapsible-header-left"[31m
              [36m>[31m
                [36m<span[31m
                  [33mclass[31m=[32m"collapsible-icon collapsed"[31m
                [36m>[31m
                  [0mΓû╢[0m
                [36m</span>[31m
                [36m<span[31m
                  [33mclass[31m=[32m"collapsible-title"[31m
                [36m>[31m
                  [0mAdvanced Options[0m
                [36m</span>[31m
              [36m</div>[31m
            [36m</div>[31m
          [36m</div>[31m
          [36m<div[31m
            [33mclass[31m=[32m"form-group"[31m
          [36m>[31m
            [36m<label[31m
              [33mfor[31m=[32m"notes"[31m
            [36m>[31m
              [0mNotes[0m
            [36m</label>[31m
            [36m<textarea[31m
              [33mid[31m=[32m"notes"[31m
              [33mmaxlength[31m=[32m"200"[31m
              [33mname[31m=[32m"notes"[31m
              [33mplaceholder[31m=[32m"Additional notes..."[31m
              [33mrows[31m=[32m"3"[31m
            [36m/>[31m
          [36m</div>[31m
          [36m<div[31m
            [33mclass[31m=[32m"message success"[31m
          [36m>[31m
            [0mExpense added and added to 2 future months through March 2025[0m
          [36m</div>[31m
          [36m<button[31m
            [33mclass[31m=[32m"submit-button"[31m
            [33mtype[31m=[32m"submit"[31m
          [36m>[31m
            [0mAdd Expense[0m
          [36m</button>[31m
        [36m</form>[31m
      [36m</div>[31m
    [36m</div>[31m
  [36m</body>[31m
[36m</html>[31m[39m
 [32mΓ£ô[39m src/components/ExpenseForm.test.jsx[2m > [22mExpenseForm - Future Months Feature[2m > [22mshould pass futureMonths to createExpense API[32m 139[2mms[22m[39m
 [32mΓ£ô[39m src/components/ExpenseForm.test.jsx[2m > [22mExpenseForm - Future Months Feature[2m > [22mshould show success message with future expenses count[32m 129[2mms[22m[39m
 [32mΓ£ô[39m src/components/ExpenseForm.test.jsx[2m > [22mExpenseForm - Future Months Feature[2m > [22mshould not show preview when future months checkbox is unchecked[32m 91[2mms[22m[39m
 [32mΓ£ô[39m src/components/ExpenseForm.test.jsx[2m > [22mExpenseForm - Advanced Options Section[2m > [22mshould render Advanced Options section collapsed by default in create mode[32m 13[2mms[22m[39m
 [32mΓ£ô[39m src/components/ExpenseForm.test.jsx[2m > [22mExpenseForm - Advanced Options Section[2m > [22mshould expand Advanced Options section when header is clicked[32m 38[2mms[22m[39m
 [32mΓ£ô[39m src/components/ExpenseForm.test.jsx[2m > [22mExpenseForm - Advanced Options Section[2m > [22mshould display badge with future months count when set[32m 74[2mms[22m[39m
 [32mΓ£ô[39m src/components/ExpenseForm.test.jsx[2m > [22mExpenseForm - Advanced Options Section[2m > [22mshould show posted date field only for credit card payment methods[32m 49[2mms[22m[39m
 [31m├ù[39m src/components/ExpenseForm.test.jsx[2m > [22mExpenseForm - Advanced Options Section[2m > [22mshould display badge with posted date when set for credit card[33m 3039[2mms[22m[39m
[31m   ΓåÆ [2mexpect([22m[31mreceived[31m[2m).toBeInTheDocument()[22m

[31mreceived[31m value must be an HTMLElement or an SVGElement.
Received has type:  Null
Received has value: [31mnull[31m

Ignored nodes: comments, script, style
[36m<html>[31m
  [36m<head />[31m
  [36m<body>[31m
    [36m<div>[31m
      [36m<div[31m
        [33mclass[31m=[32m"expense-form-container"[31m
      [36m>[31m
        [36m<h2>[31m
          [0mAdd New Expense[0m
        [36m</h2>[31m
        [36m<form[31m
          [33mclass[31m=[32m"expense-form"[31m
        [36m>[31m
          [36m<div[31m
            [33mclass[31m=[32m"form-row"[31m
          [36m>[31m
            [36m<div[31m
              [33mclass[31m=[32m"form-group"[31m
            [36m>[31m
              [36m<label[31m
                [33mfor[31m=[32m"date"[31m
              [36m>[31m
                [0mDate *[0m
              [36m</label>[31m
              [36m<input[31m
                [33mid[31m=[32m"date"[31m
                [33mname[31m=[32m"date"[31m
                [33mrequired[31m=[32m""[31m
                [33mtype[31m=[32m"date"[31m
                [33mvalue[31m=[32m"2025-01-15"[31m
              [36m/>[31m
            [36m</div>[31m
            [36m<div[31m
              [33mclass[31m=[32m"form-group autocomplete-wrapper"[31m
            [36m>[31m
              [36m<label[31m
                [33mfor[31m=[32m"place"[31m
              [36m>[31m
                [0mPlace[0m
              [36m</label>[31m
              [36m<input[31m
                [33mautocomplete[31m=[32m"off"[31m
                [33mid[31m=[32m"place"[31m
                [33mmaxlength[31m=[32m"200"[31m
                [33mname[31m=[32m"place"[31m
                [33mplaceholder[31m=[32m"Where was this expense?"[31m
                [33mtype[31m=[32m"text"[31m
                [33mvalue[31m=[32m""[31m
              [36m/>[31m
            [36m</div>[31m
          [36m</div>[31m
          [36m<div[31m
            [33mclass[31m=[32m"form-row"[31m
          [36m>[31m
            [36m<div[31m
              [33mclass[31m=[32m"form-group"[31m
            [36m>[31m
              [36m<label[31m
                [33mfor[31m=[32m"type"[31m
              [36m>[31m
                [0mType *[0m
              [36m</label>[31m
              [36m<select[31m
                [33mclass[31m=[32m""[31m
                [33mid[31m=[32m"type"[31m
                [33mname[31m=[32m"type"[31m
                [33mrequired[31m=[32m""[31m
              [36m>[31m
                [36m<option[31m
                  [33mvalue[31m=[32m"Other"[31m
                [36m>[31m
                  [0mOther[0m
                [36m</option>[31m
                [36m<option[31m
                  [33mvalue[31m=[32m"Groceries"[31m
                [36m>[31m
                  [0mGroceries[0m
                [36m</option>[31m
                [36m<option[31m
                  [33mvalue[31m=[32m"Gas"[31m
                [36m>[31m
                  [0mGas[0m
                [36m</option>[31m
                [36m<option[31m
                  [33mvalue[31m=[32m"Dining Out"[31m
                [36m>[31m
                  [0mDining Out[0m
                [36m</option>[31m
                [36m<option[31m
                  [33mvalue[31m=[32m"Tax - Medical"[31m
                [36m>[31m
                  [0mTax - Medical[0m
                [36m</option>[31m
                [36m<option[31m
                  [33mvalue[31m=[32m"Tax - Donation"[31m
                [36m>[31m
                  [0mTax - Donation[0m
                [36m</option>[31m
              [36m</select>[31m
            [36m</div>[31m
            [36m<div[31m
              [33mclass[31m=[32m"form-group"[31m
            [36m>[31m
              [36m<label[31m
                [33mfor[31m=[32m"amount"[31m
              [36m>[31m
                [0mAmount *[0m
              [36m</label>[31m
              [36m<input[31m
                [33mid[31m=[32m"amount"[31m
                [33mmin[31m=[32m"0.01"[31m
                [33mname[31m=[32m"amount"[31m
                [33mplaceholder[31m=[32m"0.00"[31m
                [33mrequired[31m=[32m""[31m
                [33mstep[31m=[32m"0.01"[31m
                [33mtype[31m=[32m"number"[31m
                [33mvalue[31m=[32m""[31m
              [36m/>[31m
            [36m</div>[31m
          [36m</div>[31m
          [36m<div[31m
            [33mclass[31m=[32m"form-group"[31m
          [36m>[31m
            [36m<label[31m
              [33mfor[31m=[32m"payment_method_id"[31m
            [36m>[31m
              [0mPayment Method *[0m
            [36m</label>[31m
            [36m<select[31m
              [33mid[31m=[32m"payment_method_id"[31m
              [33mname[31m=[32m"payment_method_id"[31m
              [33mrequired[31m=[32m""[31m
            [36m>[31m
              [36m<option[31m
                [33mvalue[31m=[32m""[31m
              [36m>[31m
                [0mSelect payment method...[0m
              [36m</option>[31m
              [36m<optgroup[31m
                [33mlabel[31m=[32m"Cash"[31m
              [36m>[31m
                [36m<option[31m
                  [33mvalue[31m=[32m"1"[31m
                [36m>[31m
                  [0mCash[0m
                [36m</option>[31m
              [36m</optgroup>[31m
              [36m<optgroup[31m
                [33mlabel[31m=[32m"Debit"[31m
              [36m>[31m
                [36m<option[31m
                  [33mvalue[31m=[32m"2"[31m
                [36m>[31m
                  [0mDebit[0m
                [36m</option>[31m
              [36m</optgroup>[31m
              [36m<optgroup[31m
                [33mlabel[31m=[32m"Credit Card"[31m
              [36m>[31m
                [36m<option[31m
                  [33mvalue[31m=[32m"3"[31m
                [36m>[31m
                  [0mVISA[0m
                [36m</option>[31m
                [36m<option[31m
                  [33mvalue[31m=[32m"4"[31m
                [36m>[31m
                  [0mMastercard[0m
                [36m</option>[31m
              [36m</optgroup>[31m
            [36m</select>[31m
          [36m</div>[31m
          [36m<div[31m
            [33mclass[31m=[32m"collapsible-section "[31m
          [36m>[31m
            [36m<div[31m
              [33maria-controls[31m=[32m"collapsible-content-reimbursement"[31m
              [33maria-expanded[31m=[32m"false"[31m
              [33mclass[31m=[32m"collapsible-header"[31m
              [33mid[31m=[32m"collapsible-header-reimbursement"[31m
              [33mrole[31m=[32m"button"[31m
              [33mtabindex[31m=[32m"0"[31m
            [36m>[31m
              [36m<div[31m
                [33mclass[31m=[32m"collapsible-header-left"[31m
              [36m>[31m
                [36m<span[31m
                  [33mclass[31m=[32m"collapsible-icon collapsed"[31m
                [36m>[31m
                  [0mΓû╢[0m
                [36m</span>[31m
                [36m<span[31m
                  [33mclass[31m=[32m"collapsible-title"[31m
                [36m>[31m
                  [0mReimbursement[0m
                [36m</span>[31m
              [36m</div>[31m
            [36m</div>[31m
          [36m</div>[31m
          [36m<div[31m
            [33mclass[31m=[32m"collapsible-section "[31m
          [36m>[31m
            [36m<div[31m
              [33maria-controls[31m=[32m"collapsible-content-advanced-options"[31m
              [33maria-expanded[31m=[32m"true"[31m
              [33mclass[31m=[32m"collapsible-header"[31m
              [33mid[31m=[32m"collapsible-header-advanced-options"[31m
              [33mrole[31m=[32m"button"[31m
              [33mtabindex[31m=[32m"0"[31m
            [36m>[31m
              [36m<div[31m
                [33mclass[31m=[32m"collapsible-header-left"[31m
              [36m>[31m
                [36m<span[31m
                  [33mclass[31m=[32m"collapsible-icon expanded"[31m
                [36m>[31m
                  [0mΓû╝[0m
                [36m</span>[31m
                [36m<span[31m
                  [33mclass[31m=[32m"collapsible-title"[31m
                [36m>[31m
                  [0mAdvanced Options[0m
                [36m</span>[31m
              [36m</div>[31m
            [36m</div>[31m
            [36m<div[31m
              [33maria-labelledby[31m=[32m"collapsible-header-advanced-options"[31m
              [33mclass[31m=[32m"collapsible-content"[31m
              [33mid[31m=[32m"collapsible-content-advanced-options"[31m
              [33mrole[31m=[32m"region"[31m
            [36m>[31m
              [36m<div[31m
                [33mclass[31m=[32m"form-group future-months-section"[31m
              [36m>[31m
                [36m<div[31m
                  [33mclass[31m=[32m"future-months-row"[31m
                [36m>[31m
                  [36m<label[31m
                    [33mclass[31m=[32m"checkbox-label"[31m
                  [36m>[31m
                    [36m<input[31m
                      [33mtype[31m=[32m"checkbox"[31m
                    [36m/>[31m
                    [36m<span>[31m
                      [0mAdd to Future Months[0m
                    [36m</span>[31m
                    [36m<span[31m
                      [33mclass[31m=[32m"help-tooltip-wrapper"[31m
                    [36m>[31m
                      [36m<span[31m
                        [33maria-label[31m=[32m"Help information"[31m
                        [33mclass[31m=[32m"help-tooltip-icon"[31m
                        [33mrole[31m=[32m"button"[31m
                        [33mtabindex[31m=[32m"0"[31m
                      [36m>[31m
                        [0mΓôÿ[0m
                      [36m</span>[31m
                    [36m</span>[31m
                  [36m</label>[31m
                [36m</div>[31m
              [36m</div>[31m
            [36m</div>[31m
          [36m</div>[31m
          [36m<div[31m
            [33mclass[31m=[32m"form-group"[31m
          [36m>[31m
            [36m<label[31m
              [33mfor[31m=[32m"notes"[31m
            [36m>[31m
              [0mNotes[0m
            [36m</label>[31m
            [36m<textarea[31m
              [33mid[31m=[32m"notes"[31m
              [33mmaxlength[31m=[32m"200"[31m
              [33mname[31m=[32m"notes"[31m
              [33mplaceholder[31m=[32m"Additional notes..."[31m
              [33mrows[31m=[32m"3"[31m
            [36m/>[31m
          [36m</div>[31m
          [36m<button[31m
            [33mclass[31m=[32m"submit-button"[31m
            [33mtype[31m=[32m"submit"[31m
          [36m>[31m
            [0mAdd Expense[0m
          [36m</button>[31m
        [36m</form>[31m
      [36m</div>[31m
    [36m</div>[31m
  [36m</body>[31m
[36m</html>[31m[39m
 [31m├ù[39m src/components/ExpenseForm.test.jsx[2m > [22mExpenseForm - Advanced Options Section[2m > [22mshould display badge with both future months and posted date when both are set[33m 1079[2mms[22m[39m
[31m   ΓåÆ [2mexpect([22m[31mreceived[31m[2m).toBeInTheDocument()[22m

[31mreceived[31m value must be an HTMLElement or an SVGElement.
Received has type:  Null
Received has value: [31mnull[31m

Ignored nodes: comments, script, style
[36m<html>[31m
  [36m<head />[31m
  [36m<body>[31m
    [36m<div>[31m
      [36m<div[31m
        [33mclass[31m=[32m"expense-form-container"[31m
      [36m>[31m
        [36m<h2>[31m
          [0mAdd New Expense[0m
        [36m</h2>[31m
        [36m<form[31m
          [33mclass[31m=[32m"expense-form"[31m
        [36m>[31m
          [36m<div[31m
            [33mclass[31m=[32m"form-row"[31m
          [36m>[31m
            [36m<div[31m
              [33mclass[31m=[32m"form-group"[31m
            [36m>[31m
              [36m<label[31m
                [33mfor[31m=[32m"date"[31m
              [36m>[31m
                [0mDate *[0m
              [36m</label>[31m
              [36m<input[31m
                [33mid[31m=[32m"date"[31m
                [33mname[31m=[32m"date"[31m
                [33mrequired[31m=[32m""[31m
                [33mtype[31m=[32m"date"[31m
                [33mvalue[31m=[32m"2025-01-15"[31m
              [36m/>[31m
            [36m</div>[31m
            [36m<div[31m
              [33mclass[31m=[32m"form-group autocomplete-wrapper"[31m
            [36m>[31m
              [36m<label[31m
                [33mfor[31m=[32m"place"[31m
              [36m>[31m
                [0mPlace[0m
              [36m</label>[31m
              [36m<input[31m
                [33mautocomplete[31m=[32m"off"[31m
                [33mid[31m=[32m"place"[31m
                [33mmaxlength[31m=[32m"200"[31m
                [33mname[31m=[32m"place"[31m
                [33mplaceholder[31m=[32m"Where was this expense?"[31m
                [33mtype[31m=[32m"text"[31m
                [33mvalue[31m=[32m""[31m
              [36m/>[31m
            [36m</div>[31m
          [36m</div>[31m
          [36m<div[31m
            [33mclass[31m=[32m"form-row"[31m
          [36m>[31m
            [36m<div[31m
              [33mclass[31m=[32m"form-group"[31m
            [36m>[31m
              [36m<label[31m
                [33mfor[31m=[32m"type"[31m
              [36m>[31m
                [0mType *[0m
              [36m</label>[31m
              [36m<select[31m
                [33mclass[31m=[32m""[31m
                [33mid[31m=[32m"type"[31m
                [33mname[31m=[32m"type"[31m
                [33mrequired[31m=[32m""[31m
              [36m>[31m
                [36m<option[31m
                  [33mvalue[31m=[32m"Other"[31m
                [36m>[31m
                  [0mOther[0m
                [36m</option>[31m
                [36m<option[31m
                  [33mvalue[31m=[32m"Groceries"[31m
                [36m>[31m
                  [0mGroceries[0m
                [36m</option>[31m
                [36m<option[31m
                  [33mvalue[31m=[32m"Gas"[31m
                [36m>[31m
                  [0mGas[0m
                [36m</option>[31m
                [36m<option[31m
                  [33mvalue[31m=[32m"Dining Out"[31m
                [36m>[31m
                  [0mDining Out[0m
                [36m</option>[31m
                [36m<option[31m
                  [33mvalue[31m=[32m"Tax - Medical"[31m
                [36m>[31m
                  [0mTax - Medical[0m
                [36m</option>[31m
                [36m<option[31m
                  [33mvalue[31m=[32m"Tax - Donation"[31m
                [36m>[31m
                  [0mTax - Donation[0m
                [36m</option>[31m
              [36m</select>[31m
            [36m</div>[31m
            [36m<div[31m
              [33mclass[31m=[32m"form-group"[31m
            [36m>[31m
              [36m<label[31m
                [33mfor[31m=[32m"amount"[31m
              [36m>[31m
                [0mAmount *[0m
              [36m</label>[31m
              [36m<input[31m
                [33mid[31m=[32m"amount"[31m
                [33mmin[31m=[32m"0.01"[31m
                [33mname[31m=[32m"amount"[31m
                [33mplaceholder[31m=[32m"0.00"[31m
                [33mrequired[31m=[32m""[31m
                [33mstep[31m=[32m"0.01"[31m
                [33mtype[31m=[32m"number"[31m
                [33mvalue[31m=[32m""[31m
              [36m/>[31m
            [36m</div>[31m
          [36m</div>[31m
          [36m<div[31m
            [33mclass[31m=[32m"form-group"[31m
          [36m>[31m
            [36m<label[31m
              [33mfor[31m=[32m"payment_method_id"[31m
            [36m>[31m
              [0mPayment Method *[0m
            [36m</label>[31m
            [36m<select[31m
              [33mid[31m=[32m"payment_method_id"[31m
              [33mname[31m=[32m"payment_method_id"[31m
              [33mrequired[31m=[32m""[31m
            [36m>[31m
              [36m<option[31m
                [33mvalue[31m=[32m""[31m
              [36m>[31m
                [0mSelect payment method...[0m
              [36m</option>[31m
              [36m<optgroup[31m
                [33mlabel[31m=[32m"Cash"[31m
              [36m>[31m
                [36m<option[31m
                  [33mvalue[31m=[32m"1"[31m
                [36m>[31m
                  [0mCash[0m
                [36m</option>[31m
              [36m</optgroup>[31m
              [36m<optgroup[31m
                [33mlabel[31m=[32m"Debit"[31m
              [36m>[31m
                [36m<option[31m
                  [33mvalue[31m=[32m"2"[31m
                [36m>[31m
                  [0mDebit[0m
                [36m</option>[31m
              [36m</optgroup>[31m
              [36m<optgroup[31m
                [33mlabel[31m=[32m"Credit Card"[31m
              [36m>[31m
                [36m<option[31m
                  [33mvalue[31m=[32m"3"[31m
                [36m>[31m
                  [0mVISA[0m
                [36m</option>[31m
                [36m<option[31m
                  [33mvalue[31m=[32m"4"[31m
                [36m>[31m
                  [0mMastercard[0m
                [36m</option>[31m
              [36m</optgroup>[31m
            [36m</select>[31m
          [36m</div>[31m
          [36m<div[31m
            [33mclass[31m=[32m"collapsible-section "[31m
          [36m>[31m
            [36m<div[31m
              [33maria-controls[31m=[32m"collapsible-content-reimbursement"[31m
              [33maria-expanded[31m=[32m"false"[31m
              [33mclass[31m=[32m"collapsible-header"[31m
              [33mid[31m=[32m"collapsible-header-reimbursement"[31m
              [33mrole[31m=[32m"button"[31m
              [33mtabindex[31m=[32m"0"[31m
            [36m>[31m
              [36m<div[31m
                [33mclass[31m=[32m"collapsible-header-left"[31m
              [36m>[31m
                [36m<span[31m
                  [33mclass[31m=[32m"collapsible-icon collapsed"[31m
                [36m>[31m
                  [0mΓû╢[0m
                [36m</span>[31m
                [36m<span[31m
                  [33mclass[31m=[32m"collapsible-title"[31m
                [36m>[31m
                  [0mReimbursement[0m
                [36m</span>[31m
              [36m</div>[31m
            [36m</div>[31m
          [36m</div>[31m
          [36m<div[31m
            [33mclass[31m=[32m"collapsible-section "[31m
          [36m>[31m
            [36m<div[31m
              [33maria-controls[31m=[32m"collapsible-content-advanced-options"[31m
              [33maria-expanded[31m=[32m"true"[31m
              [33mclass[31m=[32m"collapsible-header"[31m
              [33mid[31m=[32m"collapsible-header-advanced-options"[31m
              [33mrole[31m=[32m"button"[31m
              [33mtabindex[31m=[32m"0"[31m
            [36m>[31m
              [36m<div[31m
                [33mclass[31m=[32m"collapsible-header-left"[31m
              [36m>[31m
                [36m<span[31m
                  [33mclass[31m=[32m"collapsible-icon expanded"[31m
                [36m>[31m
                  [0mΓû╝[0m
                [36m</span>[31m
                [36m<span[31m
                  [33mclass[31m=[32m"collapsible-title"[31m
                [36m>[31m
                  [0mAdvanced Options[0m
                [36m</span>[31m
                [36m<span[31m
                  [33mclass[31m=[32m"collapsible-badge"[31m
                [36m>[31m
                  [0mFuture: 2 months[0m
                [36m</span>[31m
              [36m</div>[31m
            [36m</div>[31m
            [36m<div[31m
              [33maria-labelledby[31m=[32m"collapsible-header-advanced-options"[31m
              [33mclass[31m=[32m"collapsible-content"[31m
              [33mid[31m=[32m"collapsible-content-advanced-options"[31m
              [33mrole[31m=[32m"region"[31m
            [36m>[31m
              [36m<div[31m
                [33mclass[31m=[32m"form-group future-months-section"[31m
              [36m>[31m
                [36m<div[31m
                  [33mclass[31m=[32m"future-months-row"[31m
                [36m>[31m
                  [36m<label[31m
                    [33mclass[31m=[32m"checkbox-label"[31m
                  [36m>[31m
                    [36m<input[31m
                      [33mtype[31m=[32m"checkbox"[31m
                    [36m/>[31m
                    [36m<span>[31m
                      [0mAdd to Future Months[0m
                    [36m</span>[31m
                    [36m<span[31m
                      [33mclass[31m=[32m"help-tooltip-wrapper"[31m
                    [36m>[31m
                      [36m<span[31m
                        [33maria-label[31m=[32m"Help information"[31m
                        [33mclass[31m=[32m"help-tooltip-icon"[31m
                        [33mrole[31m=[32m"button"[31m
                        [33mtabindex[31m=[32m"0"[31m
                      [36m>[31m
                        [0mΓôÿ[0m
                      [36m</span>[31m
                    [36m</span>[31m
                  [36m</label>[31m
                  [36m<div[31m
                    [33mclass[31m=[32m"future-months-count"[31m
                  [36m>[31m
                    [36m<select[31m
                      [33mclass[31m=[32m"future-months-select"[31m
                      [33mid[31m=[32m"futureMonths"[31m
                      [33mname[31m=[32m"futureMonths"[31m
                    [36m>[31m
                      [36m<option[31m
                        [33mvalue[31m=[32m"1"[31m
                      [36m>[31m
                        [0m1[0m
                      [36m</option>[31m
                      [36m<option[31m
                        [33mvalue[31m=[32m"2"[31m
                      [36m>[31m
                        [0m2[0m
                      [36m</option>[31m
                      [36m<option[31m
                        [33mvalue[31m=[32m"3"[31m
                      [36m>[31m
                        [0m3[0m
                      [36m</option>[31m
                      [36m<option[31m
                        [33mvalue[31m=[32m"4"[31m
                      [36m>[31m
                        [0m4[0m
                      [36m</option>[31m
                      [36m<option[31m
                        [33mvalue[31m=[32m"5"[31m
                      [36m>[31m
                        [0m5[0m
                      [36m</option>[31m
                      [36m<option[31m
                        [33mvalue[31m=[32m"6"[31m
                      [36m>[31m
                        [0m6[0m
                      [36m</option>[31m
                      [36m<option[31m
                        [33mvalue[31m=[32m"7"[31m
                      [36m>[31m
                        [0m7[0m
                      [36m</option>[31m
                      [36m<option[31m
                        [33mvalue[31m=[32m"8"[31m
                      [36m>[31m
                        [0m8[0m
                      [36m</option>[31m
                      [36m<option[31m
                        [33mvalue[31m=[32m"9"[31m
                      [36m>[31m
                        [0m9[0m
                      [36m</option>[31m
                      [36m<option[31m
                        [33mvalue[31m=[32m"10"[31m
                      [36m>[31m
                        [0m10[0m
                      [36m</option>[31m
                      [36m<option[31m
                        [33mvalue[31m=[32m"11"[31m
                      [36m>[31m
                        [0m11[0m
                      [36m</option>[31m
                      [36m<option[31m
                        [33mvalue[31m=[32m"12"[31m
                      [36m>[31m
                        [0m12[0m
                      [36m</option>[31m
                    [36m</select>[31m
                    [36m<span[31m
                      [33mclass[31m=[32m"months-label"[31m
                    [36m>[31m
                      [0mmonth[0m
                      [0ms[0m
                    [36m</span>[31m
                  [36m</div>[31m
                [36m</div>[31m
                [36m<div[31m
                  [33mclass[31m=[32m"future-months-preview"[31m
                [36m>[31m
                  [36m<span[31m
                    [33mclass[31m=[32m"preview-icon"[31m
                  [36m>[31m
                    [0m≡ƒôà[0m
                  [36m</span>[31m
                  [36m<span[31m
                    [33mclass[31m=[32m"preview-text"[31m
                  [36m>[31m
                    [0mWill create [0m
                    [0m2[0m
                    [0m additional expense[0m
                    [0ms[0m
                    [0m [0m
                    [0mthrough March 2025[0m
                  [36m</span>[31m
                [36m</div>[31m
              [36m</div>[31m
            [36m</div>[31m
          [36m</div>[31m
          [36m<div[31m
            [33mclass[31m=[32m"form-group"[31m
          [36m>[31m
            [36m<label[31m
              [33mfor[31m=[32m"notes"[31m
            [36m>[31m
              [0mNotes[0m
            [36m</label>[31m
            [36m<textarea[31m
              [33mid[31m=[32m"notes"[31m
              [33mmaxlength[31m=[32m"200"[31m
              [33mname[31m=[32m"notes"[31m
              [33mplaceholder[31m=[32m"Additional notes..."[31m
              [33mrows[31m=[32m"3"[31m
            [36m/>[31m
          [36m</div>[31m
          [36m<button[31m
            [33mclass[31m=[32m"submit-button"[31m
            [33mtype[31m=[32m"submit"[31m
          [36m>[31m
            [0mAdd Expense[0m
          [36m</button>[31m
        [36m</form>[31m
      [36m</div>[31m
    [36m</div>[31m
  [36m</body>[31m
[36m</html>[31m[39m
 [31m├ù[39m src/components/ExpenseForm.test.jsx[2m > [22mExpenseForm - Advanced Options Section[2m > [22mshould display help tooltip for posted date field[33m 1056[2mms[22m[39m
[31m   ΓåÆ [2mexpect([22m[31mreceived[31m[2m).toBeInTheDocument()[22m

[31mreceived[31m value must be an HTMLElement or an SVGElement.
Received has type:  Null
Received has value: [31mnull[31m

Ignored nodes: comments, script, style
[36m<html>[31m
  [36m<head />[31m
  [36m<body>[31m
    [36m<div>[31m
      [36m<div[31m
        [33mclass[31m=[32m"expense-form-container"[31m
      [36m>[31m
        [36m<h2>[31m
          [0mAdd New Expense[0m
        [36m</h2>[31m
        [36m<form[31m
          [33mclass[31m=[32m"expense-form"[31m
        [36m>[31m
          [36m<div[31m
            [33mclass[31m=[32m"form-row"[31m
          [36m>[31m
            [36m<div[31m
              [33mclass[31m=[32m"form-group"[31m
            [36m>[31m
              [36m<label[31m
                [33mfor[31m=[32m"date"[31m
              [36m>[31m
                [0mDate *[0m
              [36m</label>[31m
              [36m<input[31m
                [33mid[31m=[32m"date"[31m
                [33mname[31m=[32m"date"[31m
                [33mrequired[31m=[32m""[31m
                [33mtype[31m=[32m"date"[31m
                [33mvalue[31m=[32m"2025-01-15"[31m
              [36m/>[31m
            [36m</div>[31m
            [36m<div[31m
              [33mclass[31m=[32m"form-group autocomplete-wrapper"[31m
            [36m>[31m
              [36m<label[31m
                [33mfor[31m=[32m"place"[31m
              [36m>[31m
                [0mPlace[0m
              [36m</label>[31m
              [36m<input[31m
                [33mautocomplete[31m=[32m"off"[31m
                [33mid[31m=[32m"place"[31m
                [33mmaxlength[31m=[32m"200"[31m
                [33mname[31m=[32m"place"[31m
                [33mplaceholder[31m=[32m"Where was this expense?"[31m
                [33mtype[31m=[32m"text"[31m
                [33mvalue[31m=[32m""[31m
              [36m/>[31m
            [36m</div>[31m
          [36m</div>[31m
          [36m<div[31m
            [33mclass[31m=[32m"form-row"[31m
          [36m>[31m
            [36m<div[31m
              [33mclass[31m=[32m"form-group"[31m
            [36m>[31m
              [36m<label[31m
                [33mfor[31m=[32m"type"[31m
              [36m>[31m
                [0mType *[0m
              [36m</label>[31m
              [36m<select[31m
                [33mclass[31m=[32m""[31m
                [33mid[31m=[32m"type"[31m
                [33mname[31m=[32m"type"[31m
                [33mrequired[31m=[32m""[31m
              [36m>[31m
                [36m<option[31m
                  [33mvalue[31m=[32m"Other"[31m
                [36m>[31m
                  [0mOther[0m
                [36m</option>[31m
                [36m<option[31m
                  [33mvalue[31m=[32m"Groceries"[31m
                [36m>[31m
                  [0mGroceries[0m
                [36m</option>[31m
                [36m<option[31m
                  [33mvalue[31m=[32m"Gas"[31m
                [36m>[31m
                  [0mGas[0m
                [36m</option>[31m
                [36m<option[31m
                  [33mvalue[31m=[32m"Dining Out"[31m
                [36m>[31m
                  [0mDining Out[0m
                [36m</option>[31m
                [36m<option[31m
                  [33mvalue[31m=[32m"Tax - Medical"[31m
                [36m>[31m
                  [0mTax - Medical[0m
                [36m</option>[31m
                [36m<option[31m
                  [33mvalue[31m=[32m"Tax - Donation"[31m
                [36m>[31m
                  [0mTax - Donation[0m
                [36m</option>[31m
              [36m</select>[31m
            [36m</div>[31m
            [36m<div[31m
              [33mclass[31m=[32m"form-group"[31m
            [36m>[31m
              [36m<label[31m
                [33mfor[31m=[32m"amount"[31m
              [36m>[31m
                [0mAmount *[0m
              [36m</label>[31m
              [36m<input[31m
                [33mid[31m=[32m"amount"[31m
                [33mmin[31m=[32m"0.01"[31m
                [33mname[31m=[32m"amount"[31m
                [33mplaceholder[31m=[32m"0.00"[31m
                [33mrequired[31m=[32m""[31m
                [33mstep[31m=[32m"0.01"[31m
                [33mtype[31m=[32m"number"[31m
                [33mvalue[31m=[32m""[31m
              [36m/>[31m
            [36m</div>[31m
          [36m</div>[31m
          [36m<div[31m
            [33mclass[31m=[32m"form-group"[31m
          [36m>[31m
            [36m<label[31m
              [33mfor[31m=[32m"payment_method_id"[31m
            [36m>[31m
              [0mPayment Method *[0m
            [36m</label>[31m
            [36m<select[31m
              [33mid[31m=[32m"payment_method_id"[31m
              [33mname[31m=[32m"payment_method_id"[31m
              [33mrequired[31m=[32m""[31m
            [36m>[31m
              [36m<option[31m
                [33mvalue[31m=[32m""[31m
              [36m>[31m
                [0mSelect payment method...[0m
              [36m</option>[31m
              [36m<optgroup[31m
                [33mlabel[31m=[32m"Cash"[31m
              [36m>[31m
                [36m<option[31m
                  [33mvalue[31m=[32m"1"[31m
                [36m>[31m
                  [0mCash[0m
                [36m</option>[31m
              [36m</optgroup>[31m
              [36m<optgroup[31m
                [33mlabel[31m=[32m"Debit"[31m
              [36m>[31m
                [36m<option[31m
                  [33mvalue[31m=[32m"2"[31m
                [36m>[31m
                  [0mDebit[0m
                [36m</option>[31m
              [36m</optgroup>[31m
              [36m<optgroup[31m
                [33mlabel[31m=[32m"Credit Card"[31m
              [36m>[31m
                [36m<option[31m
                  [33mvalue[31m=[32m"3"[31m
                [36m>[31m
                  [0mVISA[0m
                [36m</option>[31m
                [36m<option[31m
                  [33mvalue[31m=[32m"4"[31m
                [36m>[31m
                  [0mMastercard[0m
                [36m</option>[31m
              [36m</optgroup>[31m
            [36m</select>[31m
          [36m</div>[31m
          [36m<div[31m
            [33mclass[31m=[32m"collapsible-section "[31m
          [36m>[31m
            [36m<div[31m
              [33maria-controls[31m=[32m"collapsible-content-reimbursement"[31m
              [33maria-expanded[31m=[32m"false"[31m
              [33mclass[31m=[32m"collapsible-header"[31m
              [33mid[31m=[32m"collapsible-header-reimbursement"[31m
              [33mrole[31m=[32m"button"[31m
              [33mtabindex[31m=[32m"0"[31m
            [36m>[31m
              [36m<div[31m
                [33mclass[31m=[32m"collapsible-header-left"[31m
              [36m>[31m
                [36m<span[31m
                  [33mclass[31m=[32m"collapsible-icon collapsed"[31m
                [36m>[31m
                  [0mΓû╢[0m
                [36m</span>[31m
                [36m<span[31m
                  [33mclass[31m=[32m"collapsible-title"[31m
                [36m>[31m
                  [0mReimbursement[0m
                [36m</span>[31m
              [36m</div>[31m
            [36m</div>[31m
          [36m</div>[31m
          [36m<div[31m
            [33mclass[31m=[32m"collapsible-section "[31m
          [36m>[31m
            [36m<div[31m
              [33maria-controls[31m=[32m"collapsible-content-advanced-options"[31m
              [33maria-expanded[31m=[32m"true"[31m
              [33mclass[31m=[32m"collapsible-header"[31m
              [33mid[31m=[32m"collapsible-header-advanced-options"[31m
              [33mrole[31m=[32m"button"[31m
              [33mtabindex[31m=[32m"0"[31m
            [36m>[31m
              [36m<div[31m
                [33mclass[31m=[32m"collapsible-header-left"[31m
              [36m>[31m
                [36m<span[31m
                  [33mclass[31m=[32m"collapsible-icon expanded"[31m
                [36m>[31m
                  [0mΓû╝[0m
                [36m</span>[31m
                [36m<span[31m
                  [33mclass[31m=[32m"collapsible-title"[31m
                [36m>[31m
                  [0mAdvanced Options[0m
                [36m</span>[31m
              [36m</div>[31m
            [36m</div>[31m
            [36m<div[31m
              [33maria-labelledby[31m=[32m"collapsible-header-advanced-options"[31m
              [33mclass[31m=[32m"collapsible-content"[31m
              [33mid[31m=[32m"collapsible-content-advanced-options"[31m
              [33mrole[31m=[32m"region"[31m
            [36m>[31m
              [36m<div[31m
                [33mclass[31m=[32m"form-group future-months-section"[31m
              [36m>[31m
                [36m<div[31m
                  [33mclass[31m=[32m"future-months-row"[31m
                [36m>[31m
                  [36m<label[31m
                    [33mclass[31m=[32m"checkbox-label"[31m
                  [36m>[31m
                    [36m<input[31m
                      [33mtype[31m=[32m"checkbox"[31m
                    [36m/>[31m
                    [36m<span>[31m
                      [0mAdd to Future Months[0m
                    [36m</span>[31m
                    [36m<span[31m
                      [33mclass[31m=[32m"help-tooltip-wrapper"[31m
                    [36m>[31m
                      [36m<span[31m
                        [33maria-label[31m=[32m"Help information"[31m
                        [33mclass[31m=[32m"help-tooltip-icon"[31m
                        [33mrole[31m=[32m"button"[31m
                        [33mtabindex[31m=[32m"0"[31m
                      [36m>[31m
                        [0mΓôÿ[0m
                      [36m</span>[31m
                    [36m</span>[31m
                  [36m</label>[31m
                [36m</div>[31m
              [36m</div>[31m
            [36m</div>[31m
          [36m</div>[31m
          [36m<div[31m
            [33mclass[31m=[32m"form-group"[31m
          [36m>[31m
            [36m<label[31m
              [33mfor[31m=[32m"notes"[31m
            [36m>[31m
              [0mNotes[0m
            [36m</label>[31m
            [36m<textarea[31m
              [33mid[31m=[32m"notes"[31m
              [33mmaxlength[31m=[32m"200"[31m
              [33mname[31m=[32m"notes"[31m
              [33mplaceholder[31m=[32m"Additional notes..."[31m
              [33mrows[31m=[32m"3"[31m
            [36m/>[31m
          [36m</div>[31m
          [36m<button[31m
            [33mclass[31m=[32m"submit-button"[31m
            [33mtype[31m=[32m"submit"[31m
          [36m>[31m
            [0mAdd Expense[0m
          [36m</button>[31m
        [36m</form>[31m
      [36m</div>[31m
    [36m</div>[31m
  [36m</body>[31m
[36m</html>[31m[39m
 [32mΓ£ô[39m src/components/ExpenseForm.test.jsx[2m > [22mExpenseForm - Advanced Options Section[2m > [22mshould display help tooltip for future months field[32m 32[2mms[22m[39m
 [32mΓ£ô[39m src/components/ExpenseForm.test.jsx[2m > [22mExpenseForm - Reimbursement Section[2m > [22mshould show Reimbursement section for non-medical expenses[32m 15[2mms[22m[39m
 [32mΓ£ô[39m src/components/ExpenseForm.test.jsx[2m > [22mExpenseForm - Reimbursement Section[2m > [22mshould hide Reimbursement section for medical expenses[32m 30[2mms[22m[39m
 [31m├ù[39m src/components/ExpenseForm.test.jsx[2m > [22mExpenseForm - Reimbursement Section[2m > [22mshould display badge with reimbursement amount when original cost is set[33m 1052[2mms[22m[39m
[31m   ΓåÆ expected 'Reimbursed: 50.00' to contain 'Reimbursed: $50.00'

Ignored nodes: comments, script, style
[36m<html>[31m
  [36m<head />[31m
  [36m<body>[31m
    [36m<div>[31m
      [36m<div[31m
        [33mclass[31m=[32m"expense-form-container"[31m
      [36m>[31m
        [36m<h2>[31m
          [0mAdd New Expense[0m
        [36m</h2>[31m
        [36m<form[31m
          [33mclass[31m=[32m"expense-form"[31m
        [36m>[31m
          [36m<div[31m
            [33mclass[31m=[32m"form-row"[31m
          [36m>[31m
            [36m<div[31m
              [33mclass[31m=[32m"form-group"[31m
            [36m>[31m
              [36m<label[31m
                [33mfor[31m=[32m"date"[31m
              [36m>[31m
                [0mDate *[0m
              [36m</label>[31m
              [36m<input[31m
                [33mid[31m=[32m"date"[31m
                [33mname[31m=[32m"date"[31m
                [33mrequired[31m=[32m""[31m
                [33mtype[31m=[32m"date"[31m
                [33mvalue[31m=[32m"2025-01-15"[31m
              [36m/>[31m
            [36m</div>[31m
            [36m<div[31m
              [33mclass[31m=[32m"form-group autocomplete-wrapper"[31m
            [36m>[31m
              [36m<label[31m
                [33mfor[31m=[32m"place"[31m
              [36m>[31m
                [0mPlace[0m
              [36m</label>[31m
              [36m<input[31m
                [33mautocomplete[31m=[32m"off"[31m
                [33mid[31m=[32m"place"[31m
                [33mmaxlength[31m=[32m"200"[31m
                [33mname[31m=[32m"place"[31m
                [33mplaceholder[31m=[32m"Where was this expense?"[31m
                [33mtype[31m=[32m"text"[31m
                [33mvalue[31m=[32m""[31m
              [36m/>[31m
            [36m</div>[31m
          [36m</div>[31m
          [36m<div[31m
            [33mclass[31m=[32m"form-row"[31m
          [36m>[31m
            [36m<div[31m
              [33mclass[31m=[32m"form-group"[31m
            [36m>[31m
              [36m<label[31m
                [33mfor[31m=[32m"type"[31m
              [36m>[31m
                [0mType *[0m
              [36m</label>[31m
              [36m<select[31m
                [33mclass[31m=[32m""[31m
                [33mid[31m=[32m"type"[31m
                [33mname[31m=[32m"type"[31m
                [33mrequired[31m=[32m""[31m
              [36m>[31m
                [36m<option[31m
                  [33mvalue[31m=[32m"Other"[31m
                [36m>[31m
                  [0mOther[0m
                [36m</option>[31m
                [36m<option[31m
                  [33mvalue[31m=[32m"Groceries"[31m
                [36m>[31m
                  [0mGroceries[0m
                [36m</option>[31m
                [36m<option[31m
                  [33mvalue[31m=[32m"Gas"[31m
                [36m>[31m
                  [0mGas[0m
                [36m</option>[31m
                [36m<option[31m
                  [33mvalue[31m=[32m"Dining Out"[31m
                [36m>[31m
                  [0mDining Out[0m
                [36m</option>[31m
                [36m<option[31m
                  [33mvalue[31m=[32m"Tax - Medical"[31m
                [36m>[31m
                  [0mTax - Medical[0m
                [36m</option>[31m
                [36m<option[31m
                  [33mvalue[31m=[32m"Tax - Donation"[31m
                [36m>[31m
                  [0mTax - Donation[0m
                [36m</option>[31m
              [36m</select>[31m
            [36m</div>[31m
            [36m<div[31m
              [33mclass[31m=[32m"form-group"[31m
            [36m>[31m
              [36m<label[31m
                [33mfor[31m=[32m"amount"[31m
              [36m>[31m
                [0mAmount *[0m
              [36m</label>[31m
              [36m<input[31m
                [33mid[31m=[32m"amount"[31m
                [33mmin[31m=[32m"0.01"[31m
                [33mname[31m=[32m"amount"[31m
                [33mplaceholder[31m=[32m"0.00"[31m
                [33mrequired[31m=[32m""[31m
                [33mstep[31m=[32m"0.01"[31m
                [33mtype[31m=[32m"number"[31m
                [33mvalue[31m=[32m"50.00"[31m
              [36m/>[31m
            [36m</div>[31m
          [36m</div>[31m
          [36m<div[31m
            [33mclass[31m=[32m"form-group"[31m
          [36m>[31m
            [36m<label[31m
              [33mfor[31m=[32m"payment_method_id"[31m
            [36m>[31m
              [0mPayment Method *[0m
            [36m</label>[31m
            [36m<select[31m
              [33mid[31m=[32m"payment_method_id"[31m
              [33mname[31m=[32m"payment_method_id"[31m
              [33mrequired[31m=[32m""[31m
            [36m>[31m
              [36m<option[31m
                [33mvalue[31m=[32m""[31m
              [36m>[31m
                [0mSelect payment method...[0m
              [36m</option>[31m
              [36m<optgroup[31m
                [33mlabel[31m=[32m"Cash"[31m
              [36m>[31m
                [36m<option[31m
                  [33mvalue[31m=[32m"1"[31m
                [36m>[31m
                  [0mCash[0m
                [36m</option>[31m
              [36m</optgroup>[31m
              [36m<optgroup[31m
                [33mlabel[31m=[32m"Debit"[31m
              [36m>[31m
                [36m<option[31m
                  [33mvalue[31m=[32m"2"[31m
                [36m>[31m
                  [0mDebit[0m
                [36m</option>[31m
              [36m</optgroup>[31m
            [36m</select>[31m
          [36m</div>[31m
          [36m<div[31m
            [33mclass[31m=[32m"collapsible-section "[31m
          [36m>[31m
            [36m<div[31m
              [33maria-controls[31m=[32m"collapsible-content-reimbursement"[31m
              [33maria-expanded[31m=[32m"true"[31m
              [33mclass[31m=[32m"collapsible-header"[31m
              [33mid[31m=[32m"collapsible-header-reimbursement"[31m
              [33mrole[31m=[32m"button"[31m
              [33mtabindex[31m=[32m"0"[31m
            [36m>[31m
              [36m<div[31m
                [33mclass[31m=[32m"collapsible-header-left"[31m
              [36m>[31m
                [36m<span[31m
                  [33mclass[31m=[32m"collapsible-icon expanded"[31m
                [36m>[31m
                  [0mΓû╝[0m
                [36m</span>[31m
                [36m<span[31m
                  [33mclass[31m=[32m"collapsible-title"[31m
                [36m>[31m
                  [0mReimbursement[0m
                [36m</span>[31m
                [36m<span[31m
                  [33mclass[31m=[32m"collapsible-badge"[31m
                [36m>[31m
                  [0mReimbursed: 50.00[0m
                [36m</span>[31m
              [36m</div>[31m
            [36m</div>[31m
            [36m<div[31m
              [33maria-labelledby[31m=[32m"collapsible-header-reimbursement"[31m
              [33mclass[31m=[32m"collapsible-content"[31m
              [33mid[31m=[32m"collapsible-content-reimbursement"[31m
              [33mrole[31m=[32m"region"[31m
            [36m>[31m
              [36m<div[31m
                [33mclass[31m=[32m"form-group reimbursement-section"[31m
              [36m>[31m
                [36m<label[31m
                  [33mfor[31m=[32m"genericOriginalCost"[31m
                [36m>[31m
                  [0mOriginal Cost $ (optional)[0m
                  [36m<span[31m
                    [33mclass[31m=[32m"help-tooltip-wrapper"[31m
                  [36m>[31m
                    [36m<span[31m
                      [33maria-label[31m=[32m"Help information"[31m
                      [33mclass[31m=[32m"help-tooltip-icon"[31m
                      [33mrole[31m=[32m"button"[31m
                      [33mtabindex[31m=[32m"0"[31m
                    [36m>[31m
                      [0mΓôÿ[0m
                    [36m</span>[31m
                  [36m</span>[31m
                [36m</label>[31m
                [36m<div[31m
                  [33mclass[31m=[32m"reimbursement-input-wrapper"[31m
                [36m>[31m
                  [36m<input[31m
                    [33mclass[31m=[32m""[31m
                    [33mid[31m=[32m"genericOriginalCost"[31m
                    [33mmin[31m=[32m"0"[31m
                    [33mname[31m=[32m"genericOriginalCost"[31m
                    [33mplaceholder[31m=[32m"0.00"[31m
                    [33mstep[31m=[32m"0.01"[31m
                    [33mtype[31m=[32m"number"[31m
                    [33mvalue[31m=[32m"100.00"[31m
                  [36m/>[31m
                  [36m<button[31m
                    [33maria-label[31m=[32m"Clear original cost"[31m
                    [33mclass[31m=[32m"clear-reimbursement-btn"[31m
                    [33mtitle[31m=[32m"Clear original cost"[31m
                    [33mtype[31m=[32m"button"[31m
                  [36m>[31m
                    [0mΓ£ò[0m
                  [36m</button>[31m
                [36m</div>[31m
                [36m<small[31m
                  [33mclass[31m=[32m"form-hint"[31m
                [36m>[31m
                  [0mIf you were reimbursed, enter the full amount charged here. Amount above is what you paid out-of-pocket.[0m
                [36m</small>[31m
                [36m<div[31m
                  [33mclass[31m=[32m"reimbursement-preview"[31m
                [36m>[31m
                  [36m<div[31m
                    [33mclass[31m=[32m"reimbursement-preview-item"[31m
                  [36m>[31m
                    [36m<span[31m
                      [33mclass[31m=[32m"preview-label"[31m
                    [36m>[31m
                      [0mCharged:[0m
                    [36m</span>[31m
                    [36m<span[31m
                      [33mclass[31m=[32m"preview-value"[31m
                    [36m>[31m
                      [0m$[0m
                      [0m100.00[0m
                    [36m</span>[31m
                  [36m</div>[31m
                  [36m<div[31m
                    [33mclass[31m=[32m"reimbursement-preview-item"[31m
                  [36m>[31m
                    [36m<span[31m
                      [33mclass[31m=[32m"preview-label"[31m
                    [36m>[31m
                      [0mReimbursed:[0m
                    [36m</span>[31m
                    [36m<span[31m
                      [33mclass[31m=[32m"preview-value reimbursed"[31m
                    [36m>[31m
                      [0m$[0m
                      [0m50.00[0m
                    [36m</span>[31m
                  [36m</div>[31m
                  [36m<div[31m
                    [33mclass[31m=[32m"reimbursement-preview-item"[31m
                  [36m>[31m
                    [36m<span[31m
                      [33mclass[31m=[32m"preview-label"[31m
                    [36m>[31m
                      [0mNet (out-of-pocket):[0m
                    [36m</span>[31m
                    [36m<span[31m
                      [33mclass[31m=[32m"preview-value net"[31m
                    [36m>[31m
                      [0m$[0m
                      [0m50.00[0m
                    [36m</span>[31m
                  [36m</div>[31m
                [36m</div>[31m
              [36m</div>[31m
            [36m</div>[31m
          [36m</div>[31m
          [36m<div[31m
            [33mclass[31m=[32m"collapsible-section "[31m
          [36m>[31m
            [36m<div[31m
              [33maria-controls[31m=[32m"collapsible-content-advanced-options"[31m
              [33maria-expanded[31m=[32m"false"[31m
              [33mclass[31m=[32m"collapsible-header"[31m
              [33mid[31m=[32m"collapsible-header-advanced-options"[31m
              [33mrole[31m=[32m"button"[31m
              [33mtabindex[31m=[32m"0"[31m
            [36m>[31m
              [36m<div[31m
                [33mclass[31m=[32m"collapsible-header-left"[31m
              [36m>[31m
                [36m<span[31m
                  [33mclass[31m=[32m"collapsible-icon collapsed"[31m
                [36m>[31m
                  [0mΓû╢[0m
                [36m</span>[31m
                [36m<span[31m
                  [33mclass[31m=[32m"collapsible-title"[31m
                [36m>[31m
                  [0mAdvanced Options[0m
                [36m</span>[31m
              [36m</div>[31m
            [36m</div>[31m
          [36m</div>[31m
          [36m<div[31m
            [33mclass[31m=[32m"form-group"[31m
          [36m>[31m
            [36m<label[31m
              [33mfor[31m=[32m"notes"[31m
            [36m>[31m
              [0mNotes[0m
            [36m</label>[31m
            [36m<textarea[31m
              [33mid[31m=[32m"notes"[31m
              [33mmaxlength[31m=[32m"200"[31m
              [33mname[31m=[32m"notes"[31m
              [33mplaceholder[31m=[32m"Additional notes..."[31m
              [33mrows[31m=[32m"3"[31m
            [36m/>[31m
          [36m</div>[31m
          [36m<button[31m
            [33mclass[31m=[32m"submit-button"[31m
            [33mtype[31m=[32m"submit"[31m
          [36m>[31m
            [0mAdd Expense[0m
          [36m</button>[31m
        [36m</form>[31m
      [36m</div>[31m
    [36m</div>[31m
  [36m</body>[31m
[36m</html>[31m[39m
 [32mΓ£ô[39m src/components/ExpenseForm.test.jsx[2m > [22mExpenseForm - Reimbursement Section[2m > [22mshould display breakdown with Charged, Reimbursed, and Net values[32m 39[2mms[22m[39m
 [32mΓ£ô[39m src/components/ExpenseForm.test.jsx[2m > [22mExpenseForm - Reimbursement Section[2m > [22mshould display validation error when net amount exceeds original cost[32m 49[2mms[22m[39m
 [32mΓ£ô[39m src/components/ExpenseForm.test.jsx[2m > [22mExpenseForm - Reimbursement Section[2m > [22mshould display help tooltip for original cost field[32m 47[2mms[22m[39m
 [32mΓ£ô[39m src/components/ExpenseForm.test.jsx[2m > [22mExpenseForm - Insurance Tracking Section[2m > [22mshould show Insurance Tracking section for medical expenses[32m 31[2mms[22m[39m
 [32mΓ£ô[39m src/components/ExpenseForm.test.jsx[2m > [22mExpenseForm - Insurance Tracking Section[2m > [22mshould hide Insurance Tracking section for non-medical expenses[32m 16[2mms[22m[39m
 [32mΓ£ô[39m src/components/ExpenseForm.test.jsx[2m > [22mExpenseForm - Insurance Tracking Section[2m > [22mshould display badge with claim status when insurance is enabled[32m 53[2mms[22m[39m
 [32mΓ£ô[39m src/components/ExpenseForm.test.jsx[2m > [22mExpenseForm - Insurance Tracking Section[2m > [22mshould show insurance details when checkbox is checked[32m 65[2mms[22m[39m
 [32mΓ£ô[39m src/components/ExpenseForm.test.jsx[2m > [22mExpenseForm - Insurance Tracking Section[2m > [22mshould display appropriate status note for each claim status[32m 107[2mms[22m[39m
 [32mΓ£ô[39m src/components/ExpenseForm.test.jsx[2m > [22mExpenseForm - Insurance Tracking Section[2m > [22mshould display help tooltips for insurance fields[32m 54[2mms[22m[39m
 [32mΓ£ô[39m src/components/ExpenseForm.test.jsx[2m > [22mExpenseForm - People Assignment Section[2m > [22mshould display People Assignment section only for medical expenses[32m 48[2mms[22m[39m
 [31m├ù[39m src/components/ExpenseForm.test.jsx[2m > [22mExpenseForm - People Assignment Section[2m > [22mshould display badge with people count when people are selected[32m 66[2mms[22m[39m
[31m   ΓåÆ 'set' on proxy: trap returned falsish for property 'selectedOptions'[39m
stderr | src/components/ExpenseForm.test.jsx > ExpenseForm - People Assignment Section > should display simple selection for single person without Edit button
[2026-02-09T00:58:57.453Z] [ERROR] [InvoiceApi] Failed to fetch invoices for expense: TypeError: __vite_ssr_import_0__.API_ENDPOINTS.INVOICES_FOR_EXPENSE is not a function
    at getInvoicesForExpense (C:/Users/krazy/Projects/Expense Tracker/frontend/src/services/invoiceApi.js:93:57)
    at C:/Users/krazy/Projects/Expense Tracker/frontend/src/hooks/useInvoiceManagement.js:62:53
    at C:/Users/krazy/Projects/Expense Tracker/frontend/src/hooks/useInvoiceManagement.js:42:20
    at C:/Users/krazy/Projects/Expense Tracker/frontend/src/hooks/useInvoiceManagement.js:60:26
    at fetchInvoiceData (C:/Users/krazy/Projects/Expense Tracker/frontend/src/components/ExpenseForm.jsx:288:38)
    at C:/Users/krazy/Projects/Expense Tracker/frontend/src/components/ExpenseForm.jsx:322:5
    at Object.react_stack_bottom_frame (C:\Users\krazy\Projects\Expense Tracker\frontend\node_modules\react-dom\cjs\react-dom-client.development.js:25989:20)
    at runWithFiberInDEV (C:\Users\krazy\Projects\Expense Tracker\frontend\node_modules\react-dom\cjs\react-dom-client.development.js:874:13)
    at commitHookEffectListMount (C:\Users\krazy\Projects\Expense Tracker\frontend\node_modules\react-dom\cjs\react-dom-client.development.js:13249:29)
    at commitHookPassiveMountEffects (C:\Users\krazy\Projects\Expense Tracker\frontend\node_modules\react-dom\cjs\react-dom-client.development.js:13336:11)

stderr | src/components/ExpenseForm.test.jsx > ExpenseForm - People Assignment Section > should display simple selection for single person without Edit button
[2026-02-09T00:58:57.462Z] [ERROR] [useInvoiceManagement] Failed to fetch invoices for expense 1: Error: Unable to load invoices: __vite_ssr_import_0__.API_ENDPOINTS.INVOICES_FOR_EXPENSE is not a function
    at getInvoicesForExpense (C:/Users/krazy/Projects/Expense Tracker/frontend/src/services/invoiceApi.js:107:11)
    at C:/Users/krazy/Projects/Expense Tracker/frontend/src/hooks/useInvoiceManagement.js:62:53
    at C:/Users/krazy/Projects/Expense Tracker/frontend/src/hooks/useInvoiceManagement.js:42:20
    at C:/Users/krazy/Projects/Expense Tracker/frontend/src/hooks/useInvoiceManagement.js:60:26
    at fetchInvoiceData (C:/Users/krazy/Projects/Expense Tracker/frontend/src/components/ExpenseForm.jsx:288:38)
    at C:/Users/krazy/Projects/Expense Tracker/frontend/src/components/ExpenseForm.jsx:322:5
    at Object.react_stack_bottom_frame (C:\Users\krazy\Projects\Expense Tracker\frontend\node_modules\react-dom\cjs\react-dom-client.development.js:25989:20)
    at runWithFiberInDEV (C:\Users\krazy\Projects\Expense Tracker\frontend\node_modules\react-dom\cjs\react-dom-client.development.js:874:13)
    at commitHookEffectListMount (C:\Users\krazy\Projects\Expense Tracker\frontend\node_modules\react-dom\cjs\react-dom-client.development.js:13249:29)
    at commitHookPassiveMountEffects (C:\Users\krazy\Projects\Expense Tracker\frontend\node_modules\react-dom\cjs\react-dom-client.development.js:13336:11)

 [32mΓ£ô[39m src/components/ExpenseForm.test.jsx[2m > [22mExpenseForm - People Assignment Section[2m > [22mshould display allocation breakdown when amounts are set[32m 104[2mms[22m[39m
 [31m├ù[39m src/components/ExpenseForm.test.jsx[2m > [22mExpenseForm - People Assignment Section[2m > [22mshould display simple selection for single person without Edit button[33m 1036[2mms[22m[39m
[31m   ΓåÆ Found multiple elements with the text: Person A

Here are the matching elements:

Ignored nodes: comments, script, style
[36m<option[31m
  [33mvalue[31m=[32m"1"[31m
[36m>[31m
  [0mPerson A[0m
[36m</option>[31m

Ignored nodes: comments, script, style
[36m<span[31m
  [33mclass[31m=[32m"person-name"[31m
[36m>[31m
  [0mPerson A[0m
[36m</span>[31m

(If this is intentional, then use the `*AllBy*` variant of the query (like `queryAllByText`, `getAllByText`, or `findAllByText`)).

Ignored nodes: comments, script, style
[36m<body>[31m
  [36m<div>[31m
    [36m<div[31m
      [33mclass[31m=[32m"expense-form-container"[31m
    [36m>[31m
      [36m<h2>[31m
        [0mEdit Expense[0m
      [36m</h2>[31m
      [36m<form[31m
        [33mclass[31m=[32m"expense-form"[31m
      [36m>[31m
        [36m<div[31m
          [33mclass[31m=[32m"form-row"[31m
        [36m>[31m
          [36m<div[31m
            [33mclass[31m=[32m"form-group"[31m
          [36m>[31m
            [36m<label[31m
              [33mfor[31m=[32m"date"[31m
            [36m>[31m
              [0mDate *[0m
            [36m</label>[31m
            [36m<input[31m
              [33mid[31m=[32m"date"[31m
              [33mname[31m=[32m"date"[31m
              [33mrequired[31m=[32m""[31m
              [33mtype[31m=[32m"date"[31m
              [33mvalue[31m=[32m"2025-01-15"[31m
            [36m/>[31m
          [36m</div>[31m
          [36m<div[31m
            [33mclass[31m=[32m"form-group autocomplete-wrapper"[31m
          [36m>[31m
            [36m<label[31m
              [33mfor[31m=[32m"place"[31m
            [36m>[31m
              [0mPlace[0m
            [36m</label>[31m
            [36m<input[31m
              [33mautocomplete[31m=[32m"off"[31m
              [33mid[31m=[32m"place"[31m
              [33mmaxlength[31m=[32m"200"[31m
              [33mname[31m=[32m"place"[31m
              [33mplaceholder[31m=[32m"Where was this expense?"[31m
              [33mtype[31m=[32m"text"[31m
              [33mvalue[31m=[32m""[31m
            [36m/>[31m
          [36m</div>[31m
        [36m</div>[31m
        [36m<div[31m
          [33mclass[31m=[32m"form-row"[31m
        [36m>[31m
          [36m<div[31m
            [33mclass[31m=[32m"form-group"[31m
          [36m>[31m
            [36m<label[31m
              [33mfor[31m=[32m"type"[31m
            [36m>[31m
              [0mType *[0m
            [36m</label>[31m
            [36m<select[31m
              [33mclass[31m=[32m""[31m
              [33mid[31m=[32m"type"[31m
              [33mname[31m=[32m"type"[31m
              [33mrequired[31m=[32m""[31m
            [36m>[31m
              [36m<option[31m
                [33mvalue[31m=[32m"Other"[31m
              [36m>[31m
                [0mOther[0m
              [36m</option>[31m
              [36m<option[31m
                [33mvalue[31m=[32m"Groceries"[31m
              [36m>[31m
                [0mGroceries[0m
              [36m</option>[31m
              [36m<option[31m
                [33mvalue[31m=[32m"Gas"[31m
              [36m>[31m
                [0mGas[0m
              [36m</option>[31m
              [36m<option[31m
                [33mvalue[31m=[32m"Dining Out"[31m
              [36m>[31m
                [0mDining Out[0m
              [36m</option>[31m
              [36m<option[31m
                [33mvalue[31m=[32m"Tax - Medical"[31m
              [36m>[31m
                [0mTax - Medical[0m
              [36m</option>[31m
              [36m<option[31m
                [33mvalue[31m=[32m"Tax - Donation"[31m
              [36m>[31m
                [0mTax - Donation[0m
              [36m</option>[31m
            [36m</select>[31m
          [36m</div>[31m
          [36m<div[31m
            [33mclass[31m=[32m"form-group"[31m
          [36m>[31m
            [36m<label[31m
              [33mfor[31m=[32m"amount"[31m
            [36m>[31m
              [0mAmount *[0m
            [36m</label>[31m
            [36m<input[31m
              [33mid[31m=[32m"amount"[31m
              [33mmin[31m=[32m"0.01"[31m
              [33mname[31m=[32m"amount"[31m
              [33mplaceholder[31m=[32m"0.00"[31m
              [33mrequired[31m=[32m""[31m
              [33mstep[31m=[32m"0.01"[31m
              [33mtype[31m=[32m"number"[31m
              [33mvalue[31m=[32m"100"[31m
            [36m/>[31m
          [36m</div>[31m
        [36m</div>[31m
        [36m<div[31m
          [33mclass[31m=[32m"form-group"[31m
        [36m>[31m
          [36m<label[31m
            [33mfor[31m=[32m"payment_method_id"[31m
          [36m>[31m
            [0mPayment Method *[0m
          [36m</label>[31m
          [36m<select[31m
            [33mid[31m=[32m"payment_method_id"[31m
            [33mname[31m=[32m"payment_method_id"[31m
            [33mrequired[31m=[32m""[31m
          [36m>[31m
            [36m<option[31m
              [33mvalue[31m=[32m""[31m
            [36m>[31m
              [0mSelect payment method...[0m
            [36m</option>[31m
            [36m<optgroup[31m
              [33mlabel[31m=[32m"Cash"[31m
            [36m>[31m
              [36m<option[31m
                [33mvalue[31m=[32m"1"[31m
              [36m>[31m
                [0mCash[0m
              [36m</option>[31m
            [36m</optgroup>[31m
            [36m<optgroup[31m
              [33mlabel[31m=[32m"Debit"[31m
            [36m>[31m
              [36m<option[31m
                [33mvalue[31m=[32m"2"[31m
              [36m>[31m
                [0mDebit[0m
              [36m</option>[31m
            [36m</optgroup>[31m
          [36m</select>[31m
        [36m</div>[31m
        [36m<div[31m
          [33mclass[31m=[32m"collapsible-section "[31m
        [36m>[31m
          [36m<div[31m
            [33maria-controls[31m=[32m"collapsible-content-people-assignment"[31m
            [33maria-expanded[31m=[32m"true"[31m
            [33mclass[31m=[32m"collapsible-header"[31m
            [33mid[31m=[32m"collapsible-header-people-assignment"[31m
            [33mrole[31m=[32m"button"[31m
            [33mtabindex[31m=[32m"0"[31m
          [36m>[31m
            [36m<div[31m
              [33mclass[31m=[32m"collapsible-header-left"[31m
            [36m>[31m
              [36m<span[31m
                [33mclass[31m=[32m"collapsible-icon expanded"[31m
              [36m>[31m
                [0mΓû╝[0m
              [36m</span>[31m
              [36m<span[31m
                [33mclass[31m=[32m"collapsible-title"[31m
              [36m>[31m
                [0mPeople Assignment[0m
              [36m</span>[31m
              [36m<span[31m
                [33mclass[31m=[32m"collapsible-badge"[31m
              [36m>[31m
                [0m2 people[0m
              [36m</span>[31m
            [36m</div>[31m
          [36m</div>[31m
          [36m<div[31m
            [33maria-labelledby[31m=[32m"collapsible-header-people-assignment"[31m
            [33mclass[31m=[32m"collapsible-content"[31m
            [33mid[31m=[32m"collapsible-content-people-assignment"[31m
            [33mrole[31m=[32m"region"[31m
          [36m>[31m
            [36m<div[31m
              [33mclass[31m=[32m"form-group"[31m
            [36m>[31m
              [36m<label[31m
                [33mfor[31m=[32m"people"[31m
              [36m>[31m
                [0mAssign to People[0m
                [36m<span[31m
                  [33mclass[31m=[32m"help-tooltip-wrapper"[31m
                [36m>[31m
                  [36m<span[31m
                    [33maria-label[31m=[32m"Help information"[31m
                    [33mclass[31m=[32m"help-tooltip-icon"[31m
                    [33mrole[31m=[32m"button"[31m
                    [33mtabindex[31m=[32m"0"[31m
                  [36m>[31m
                    [0mΓôÿ[0m
                  [36m</span>[31m
                [36m</span>[31m
              [36m</label>[31m
              [36m<select[31m
                [33mclass[31m=[32m"people-select"[31m
                [33mid[31m=[32m"people"[31m
                [33mmultiple[31m=[32m""[31m
                [33mname[31m=[32m"people"[31m
                [33msize[31m=[32m"4"[31m
              [36m>[31m
                [36m<option[31m
                  [33mdisabled[31m=[32m""[31m
                  [33mvalue[31m=[32m""[31m
                [36m>[31m
                  [0mSelect family members...[0m
                [36m</option>[31m
                [36m<option[31m
                  [33mvalue[31m=[32m"1"[31m
                [36m>[31m
                  [0mPerson A[0m
                [36m</option>[31m
                [36m<option[31m
                  [33mvalue[31m=[32m"2"[31m
                [36m>[31m
                  [0mPerson B[0m
                [36m</option>[31m
                [36m<option[31m
                  [33mvalue[31m=[32m"3"[31m
                [36m>[31m
                  [0mPerson C[0m
                [36m</option>[31m
              [36m</select>[31m
              [36m<div[31m
                [33mclass[31m=[32m"selected-people-info"[31m
              [36m>[31m
                [36m<div[31m
                  [33mclass[31m=[32m"allocation-header-row"[31m
                [36m>[31m
                  [36m<span>[31m
                    [0mAllocations ([0m
                    [0m2[0m
                    [0m people)[0m
                  [36m</span>[31m
                  [36m<button[31m
                    [33mclass[31m=[32m"edit-allocation-button"[31m
                    [33mtype[31m=[32m"button"[31m
                  [36m>[31m
                    [0mΓ£Å∩╕Å Edit[0m
                  [36m</button>[31m
                [36m</div>[31m
                [36m<div[31m
                  [33mclass[31m=[32m"current-allocations"[31m
                [36m>[31m
                  [36m<div[31m
                    [33mclass[31m=[32m"allocation-item"[31m
                  [36m>[31m
                    [36m<span[31m
                      [33mclass[31m=[32m"person-name"[31m
                    [36m>[31m
                      [0mPerson A[0m
                    [36m</span>[31m
                    [36m<span[31m
                      [33mclass[31m=[32m"person-amount"[31m
                    [36m>[31m
                      [0m$[0m
                      [0m60.00[0m
                    [36m</span>[31m
                  [36m</div>[31m
                  [36m<div[31m
                    [33mclass[31m=[32m"allocation-item"[31m
                  [36m>[31m
                    [36m<span[31m
                      [33mclass[31m=[32m"person-name"[31m
                    [36m>[31m
                      [0mPerson B[0m
                    [36m</span>[31m
                    [36m<span[31m
                      [33mclass[31m=[32m"person-amount"[31m
                    [36m>[31m
                      [0m$[0m
                      [0m40.00[0m
                    [36m</span>[31m
                  [36m</div>[31m
                [36m</div>[31m
              [36m</div>[31m
            [36m</div>[31m
          [36m</div>[31m
        [36m</div>[31m
        [36m<div[31m
          [33mclass[31m=[32m"collapsible-section "[31m
        [36m>[31m
          [36m<div[31m
            [33maria-controls[31m=[32m"collapsible-content-insurance-tracking"[31m
            [33maria-expanded[31m=[32m"false"[31m
            [33mclass[31m=[32m"collapsible-header"[31m
            [33mid[31m=[32m"collapsible-header-insurance-tracking"[31m
            [33mrole[31m=[32m"button"[31m
            [33mtabindex[31m=[32m"0"[31m
          [36m>[31m
            [36m<div[31m
              [33mclass[31m=[32m"collapsible-header-left"[31m
            [36m>[31m
              [36m<span[31m
                [33mclass[31m=[32m"collapsible-icon collapsed"[31m
              [36m>[31m
                [0mΓû╢[0m
              [36m</span>[31m
              [36m<span[31m
                [33mclass[31m=[32m"collapsible-title"[31m
              [36m>[31m
                [0mInsurance Tracking[0m
              [36m</span>[31m
            [36m</div>[31m
          [36m</div>[31m
        [36m</div>[31m
        [36m<div[31m
          [33mclass[31m=[32m"collapsible-section "[31m
        [36m>[31m
          [36m<div[31m
            [33maria-controls[31m=[32m"collapsible-content-invoice-attachments"[31m
            [33maria-expanded[31m=[32m"false"[31m
            [33mclass[31m=[32m"collapsible-header"[31m
            [33mid[31m=[32m"collapsible-header-invoice-attachments"[31m
            [33mrole[31m=[32m"button"[31m
            [33mtabindex[31m=[32m"0"[31m
          [36m>[31m
            [36m<div[31m
              [33mclass[31m=[32m"collapsible-header-left"[31m
            [36m>[31m
              [36m<span[31m
                [33mclass[31m=[32m"collapsible-icon collapsed"[31m
              [36m>[31m
                [0mΓû╢[0m
              [36m</span>[31m
              [36m<span[31m
                [33mclass[31m=[32m"collapsible-title"[31m
              [36m>[31m
                [0mInvoice Attachments[0m
              [36m</span>[31m
            [36m</div>[31m
          [36m</div>[31m
        [36m</div>[31m
        [36m<div[31m
          [33mclass[31m=[32m"collapsible-section "[31m
        [36m>[31m
          [36m<div[31m
            [33maria-controls[31m=[32m"collapsible-content-advanced-options"[31m
            [33maria-expanded[31m=[32m"false"[31m
            [33mclass[31m=[32m"collapsible-header"[31m
            [33mid[31m=[32m"collapsible-header-advanced-options"[31m
            [33mrole[31m=[32m"button"[31m
            [33mtabindex[31m=[32m"0"[31m
          [36m>[31m
            [36m<div[31m
              [33mclass[31m=[32m"collapsible-header-left"[31m
            [36m>[31m
              [36m<span[31m
                [33mclass[31m=[32m"collapsible-icon collapsed"[31m
              [36m>[31m
                [0mΓû╢[0m
              [36m</span>[31m
              [36m<span[31m
                [33mclass[31m=[32m"collapsible-title"[31m
              [36m>[31m
                [0mAdvanced Options[0m
              [36m</span>[31m
            [36m</div>[31m
          [36m</div>[31m
        [36m</div>[31m
        [36m<div[31m
          [33mclass[31m=[32m"form-group"[31m
        [36m>[31m
          [36m<label[31m
            [33mfor[31m=[32m"notes"[31m
          [36m>[31m
            [0mNotes[0m
          [36m</label>[31m
          [36m<textarea[31m
            [33mid[31m=[32m"notes"[31m
            [33mmaxlength[31m=[32m"200"[31m
            [33mname[31m=[32m"notes"[31m
            [33mplaceholder[31m=[32m"Additional notes..."[31m
            [33mrows[31m=[32m"3"[31m
          [36m/>[31m
        [36m</div>[31m
        [36m<button[31m
          [33mclass[31m=[32m"submit-button"[31m
          [33mtype[31m=[32m"submit"[31m
        [36m>[31m
          [0mUpdate Expense[0m
        [36m</button>[31m
      [36m</form>[31m
    [36m</div>[31m
  [36m</div>[31m
[36m</body>[31m

Ignored nodes: comments, script, style
[36m<html>[31m
  [36m<head />[31m
  [36m<body>[31m
    [36m<div>[31m
      [36m<div[31m
        [33mclass[31m=[32m"expense-form-container"[31m
      [36m>[31m
        [36m<h2>[31m
          [0mEdit Expense[0m
        [36m</h2>[31m
        [36m<form[31m
          [33mclass[31m=[32m"expense-form"[31m
        [36m>[31m
          [36m<div[31m
            [33mclass[31m=[32m"form-row"[31m
          [36m>[31m
            [36m<div[31m
              [33mclass[31m=[32m"form-group"[31m
            [36m>[31m
              [36m<label[31m
                [33mfor[31m=[32m"date"[31m
              [36m>[31m
                [0mDate *[0m
              [36m</label>[31m
              [36m<input[31m
                [33mid[31m=[32m"date"[31m
                [33mname[31m=[32m"date"[31m
                [33mrequired[31m=[32m""[31m
                [33mtype[31m=[32m"date"[31m
                [33mvalue[31m=[32m"2025-01-15"[31m
              [36m/>[31m
            [36m</div>[31m
            [36m<div[31m
              [33mclass[31m=[32m"form-group autocomplete-wrapper"[31m
            [36m>[31m
              [36m<label[31m
                [33mfor[31m=[32m"place"[31m
              [36m>[31m
                [0mPlace[0m
              [36m</label>[31m
              [36m<input[31m
                [33mautocomplete[31m=[32m"off"[31m
                [33mid[31m=[32m"place"[31m
                [33mmaxlength[31m=[32m"200"[31m
                [33mname[31m=[32m"place"[31m
                [33mplaceholder[31m=[32m"Where was this expense?"[31m
                [33mtype[31m=[32m"text"[31m
                [33mvalue[31m=[32m""[31m
              [36m/>[31m
            [36m</div>[31m
          [36m</div>[31m
          [36m<div[31m
            [33mclass[31m=[32m"form-row"[31m
          [36m>[31m
            [36m<div[31m
              [33mclass[31m=[32m"form-group"[31m
            [36m>[31m
              [36m<label[31m
                [33mfor[31m=[32m"type"[31m
              [36m>[31m
                [0mType *[0m
              [36m</label>[31m
              [36m<select[31m
                [33mclass[31m=[32m""[31m
                [33mid[31m=[32m"type"[31m
                [33mname[31m=[32m"type"[31m
                [33mrequired[31m=[32m""[31m
              [36m>[31m
                [36m<option[31m
                  [33mvalue[31m=[32m"Other"[31m
                [36m>[31m
                  [0mOther[0m
                [36m</option>[31m
                [36m<option[31m
                  [33mvalue[31m=[32m"Groceries"[31m
                [36m>[31m
                  [0mGroceries[0m
                [36m</option>[31m
                [36m<option[31m
                  [33mvalue[31m=[32m"Gas"[31m
                [36m>[31m
                  [0mGas[0m
                [36m</option>[31m
                [36m<option[31m
                  [33mvalue[31m=[32m"Dining Out"[31m
                [36m>[31m
                  [0mDining Out[0m
                [36m</option>[31m
                [36m<option[31m
                  [33mvalue[31m=[32m"Tax - Medical"[31m
                [36m>[31m
                  [0mTax - Medical[0m
                [36m</option>[31m
                [36m<option[31m
                  [33mvalue[31m=[32m"Tax - Donation"[31m
                [36m>[31m
                  [0mTax - Donation[0m
                [36m</option>[31m
              [36m</select>[31m
            [36m</div>[31m
            [36m<div[31m
              [33mclass[31m=[32m"form-group"[31m
            [36m>[31m
              [36m<label[31m
                [33mfor[31m=[32m"amount"[31m
              [36m>[31m
                [0mAmount *[0m
              [36m</label>[31m
              [36m<input[31m
                [33mid[31m=[32m"amount"[31m
                [33mmin[31m=[32m"0.01"[31m
                [33mname[31m=[32m"amount"[31m
                [33mplaceholder[31m=[32m"0.00"[31m
                [33mrequired[31m=[32m""[31m
                [33mstep[31m=[32m"0.01"[31m
                [33mtype[31m=[32m"number"[31m
                [33mvalue[31m=[32m"100"[31m
              [36m/>[31m
            [36m</div>[31m
          [36m</div>[31m
          [36m<div[31m
            [33mclass[31m=[32m"form-group"[31m
          [36m>[31m
            [36m<label[31m
              [33mfor[31m=[32m"payment_method_id"[31m
            [36m>[31m
              [0mPayment Method *[0m
            [36m</label>[31m
            [36m<select[31m
              [33mid[31m=[32m"payment_method_id"[31m
              [33mname[31m=[32m"payment_method_id"[31m
              [33mrequired[31m=[32m""[31m
            [36m>[31m
              [36m<option[31m
                [33mvalue[31m=[32m""[31m
              [36m>[31m
                [0mSelect payment method...[0m
              [36m</option>[31m
              [36m<optgroup[31m
                [33mlabel[31m=[32m"Cash"[31m
              [36m>[31m
                [36m<option[31m
                  [33mvalue[31m=[32m"1"[31m
                [36m>[31m
                  [0mCash[0m
                [36m</option>[31m
              [36m</optgroup>[31m
              [36m<optgroup[31m
                [33mlabel[31m=[32m"Debit"[31m
              [36m>[31m
                [36m<option[31m
                  [33mvalue[31m=[32m"2"[31m
                [36m>[31m
                  [0mDebit[0m
                [36m</option>[31m
              [36m</optgroup>[31m
            [36m</select>[31m
          [36m</div>[31m
          [36m<div[31m
            [33mclass[31m=[32m"collapsible-section "[31m
          [36m>[31m
            [36m<div[31m
              [33maria-controls[31m=[32m"collapsible-content-people-assignment"[31m
              [33maria-expanded[31m=[32m"true"[31m
              [33mclass[31m=[32m"collapsible-header"[31m
              [33mid[31m=[32m"collapsible-header-people-assignment"[31m
              [33mrole[31m=[32m"button"[31m
              [33mtabindex[31m=[32m"0"[31m
            [36m>[31m
              [36m<div[31m
                [33mclass[31m=[32m"collapsible-header-left"[31m
              [36m>[31m
                [36m<span[31m
                  [33mclass[31m=[32m"collapsible-icon expanded"[31m
                [36m>[31m
                  [0mΓû╝[0m
                [36m</span>[31m
                [36m<span[31m
                  [33mclass[31m=[32m"collapsible-title"[31m
                [36m>[31m
                  [0mPeople Assignment[0m
                [36m</span>[31m
                [36m<span[31m
                  [33mclass[31m=[32m"collapsible-badge"[31m
                [36m>[31m
                  [0m2 people[0m
                [36m</span>[31m
              [36m</div>[31m
            [36m</div>[31m
            [36m<div[31m
              [33maria-labelledby[31m=[32m"collapsible-header-people-assignment"[31m
              [33mclass[31m=[32m"collapsible-content"[31m
              [33mid[31m=[32m"collapsible-content-people-assignment"[31m
              [33mrole[31m=[32m"region"[31m
            [36m>[31m
              [36m<div[31m
                [33mclass[31m=[32m"form-group"[31m
              [36m>[31m
                [36m<label[31m
                  [33mfor[31m=[32m"people"[31m
                [36m>[31m
                  [0mAssign to People[0m
                  [36m<span[31m
                    [33mclass[31m=[32m"help-tooltip-wrapper"[31m
                  [36m>[31m
                    [36m<span[31m
                      [33maria-label[31m=[32m"Help information"[31m
                      [33mclass[31m=[32m"help-tooltip-icon"[31m
                      [33mrole[31m=[32m"button"[31m
                      [33mtabindex[31m=[32m"0"[31m
                    [36m>[31m
                      [0mΓôÿ[0m
                    [36m</span>[31m
                  [36m</span>[31m
                [36m</label>[31m
                [36m<select[31m
                  [33mclass[31m=[32m"people-select"[31m
                  [33mid[31m=[32m"people"[31m
                  [33mmultiple[31m=[32m""[31m
                  [33mname[31m=[32m"people"[31m
                  [33msize[31m=[32m"4"[31m
                [36m>[31m
                  [36m<option[31m
                    [33mdisabled[31m=[32m""[31m
                    [33mvalue[31m=[32m""[31m
                  [36m>[31m
                    [0mSelect family members...[0m
                  [36m</option>[31m
                  [36m<option[31m
                    [33mvalue[31m=[32m"1"[31m
                  [36m>[31m
                    [0mPerson A[0m
                  [36m</option>[31m
                  [36m<option[31m
                    [33mvalue[31m=[32m"2"[31m
                  [36m>[31m
                    [0mPerson B[0m
                  [36m</option>[31m
                  [36m<option[31m
                    [33mvalue[31m=[32m"3"[31m
                  [36m>[31m
                    [0mPerson C[0m
                  [36m</option>[31m
                [36m</select>[31m
                [36m<div[31m
                  [33mclass[31m=[32m"selected-people-info"[31m
                [36m>[31m
                  [36m<div[31m
                    [33mclass[31m=[32m"allocation-header-row"[31m
                  [36m>[31m
                    [36m<span>[31m
                      [0mAllocations ([0m
                      [0m2[0m
                      [0m people)[0m
                    [36m</span>[31m
                    [36m<button[31m
                      [33mclass[31m=[32m"edit-allocation-button"[31m
                      [33mtype[31m=[32m"button"[31m
                    [36m>[31m
                      [0mΓ£Å∩╕Å Edit[0m
                    [36m</button>[31m
                  [36m</div>[31m
                  [36m<div[31m
                    [33mclass[31m=[32m"current-allocations"[31m
                  [36m>[31m
                    [36m<div[31m
                      [33mclass[31m=[32m"allocation-item"[31m
                    [36m>[31m
                      [36m<span[31m
                        [33mclass[31m=[32m"person-name"[31m
                      [36m>[31m
                        [0mPerson A[0m
                      [36m</span>[31m
                      [36m<span[31m
                        [33mclass[31m=[32m"person-amount"[31m
                      [36m>[31m
                        [0m$[0m
                        [0m60.00[0m
                      [36m</span>[31m
                    [36m</div>[31m
                    [36m<div[31m
                      [33mclass[31m=[32m"allocation-item"[31m
                    [36m>[31m
                      [36m<span[31m
                        [33mclass[31m=[32m"person-name"[31m
                      [36m>[31m
                        [0mPerson B[0m
                      [36m</span>[31m
                      [36m<span[31m
                        [33mclass[31m=[32m"person-amount"[31m
                      [36m>[31m
                        [0m$[0m
                        [0m40.00[0m
                      [36m</span>[31m
                    [36m</div>[31m
                  [36m</div>[31m
                [36m</div>[31m
              [36m</div>[31m
            [36m</div>[31m
          [36m</div>[31m
          [36m<div[31m
            [33mclass[31m=[32m"collapsible-section "[31m
          [36m>[31m
            [36m<div[31m
              [33maria-controls[31m=[32m"collapsible-content-insurance-tracking"[31m
              [33maria-expanded[31m=[32m"false"[31m
              [33mclass[31m=[32m"collapsible-header"[31m
              [33mid[31m=[32m"collapsible-header-insurance-tracking"[31m
              [33mrole[31m=[32m"button"[31m
              [33mtabindex[31m=[32m"0"[31m
            [36m>[31m
              [36m<div[31m
                [33mclass[31m=[32m"collapsible-header-left"[31m
              [36m>[31m
                [36m<span[31m
                  [33mclass[31m=[32m"collapsible-icon collapsed"[31m
                [36m>[31m
                  [0mΓû╢[0m
                [36m</span>[31m
                [36m<span[31m
                  [33mclass[31m=[32m"collapsible-title"[31m
                [36m>[31m
                  [0mInsurance Tracking[0m
                [36m</span>[31m
              [36m</div>[31m
            [36m</div>[31m
          [36m</div>[31m
          [36m<div[31m
            [33mclass[31m=[32m"collapsible-section "[31m
          [36m>[31m
            [36m<div[31m
              [33maria-controls[31m=[32m"collapsible-content-invoice-attachments"[31m
              [33maria-expanded[31m=[32m"false"[31m
              [33mclass[31m=[32m"collapsible-header"[31m
              [33mid[31m=[32m"collapsible-header-invoice-attachments"[31m
              [33mrole[31m=[32m"button"[31m
              [33mtabindex[31m=[32m"0"[31m
            [36m>[31m
              [36m<div[31m
                [33mclass[31m=[32m"collapsible-header-left"[31m
              [36m>[31m
                [36m<span[31m
                  [33mclass[31m=[32m"collapsible-icon collapsed"[31m
                [36m>[31m
                  [0mΓû╢[0m
                [36m</span>[31m
                [36m<span[31m
                  [33mclass[31m=[32m"collapsible-title"[31m
                [36m>[31m
                  [0mInvoice Attachments[0m
                [36m</span>[31m
              [36m</div>[31m
            [36m</div>[31m
          [36m</div>[31m
          [36m<div[31m
            [33mclass[31m=[32m"collapsible-section "[31m
          [36m>[31m
            [36m<div[31m
              [33maria-controls[31m=[32m"collapsible-content-advanced-options"[31m
              [33maria-expanded[31m=[32m"false"[31m
              [33mclass[31m=[32m"collapsible-header"[31m
              [33mid[31m=[32m"collapsible-header-advanced-options"[31m
              [33mrole[31m=[32m"button"[31m
              [33mtabindex[31m=[32m"0"[31m
            [36m>[31m
              [36m<div[31m
                [33mclass[31m=[32m"collapsible-header-left"[31m
              [36m>[31m
                [36m<span[31m
                  [33mclass[31m=[32m"collapsible-icon collapsed"[31m
                [36m>[31m
                  [0mΓû╢[0m
                [36m</span>[31m
                [36m<span[31m
                  [33mclass[31m=[32m"collapsible-title"[31m
                [36m>[31m
                  [0mAdvanced Options[0m
                [36m</span>[31m
              [36m</div>[31m
            [36m</div>[31m
          [36m</div>[31m
          [36m<div[31m
            [33mclass[31m=[32m"form-group"[31m
          [36m>[31m
            [36m<label[31m
              [33mfor[31m=[32m"notes"[31m
            [36m>[31m
              [0mNotes[0m
            [36m</label>[31m
            [36m<textarea[31m
              [33mid[31m=[32m"notes"[31m
              [33mmaxlength[31m=[32m"200"[31m
              [33mname[31m=[32m"notes"[31m
              [33mplaceholder[31m=[32m"Additional notes..."[31m
              [33mrows[31m=[32m"3"[31m
            [36m/>[31m
          [36m</div>[31m
          [36m<button[31m
            [33mclass[31m=[32m"submit-button"[31m
            [33mtype[31m=[32m"submit"[31m
          [36m>[31m
            [0mUpdate Expense[0m
          [36m</button>[31m
        [36m</form>[31m
      [36m</div>[31m
    [36m</div>[31m
  [36m</body>[31m
[36m</html>[31m[39m
 [31m├ù[39m src/components/ExpenseForm.test.jsx[2m > [22mExpenseForm - People Assignment Section[2m > [22mshould display simple selection for single person without Edit button[33m 1080[2mms[22m[39m
[31m   ΓåÆ Unable to find an element with the text: /Selected: Person A/i. This could be because the text is broken up by multiple elements. In this case, you can provide a function for your text matcher to make your matcher more flexible.

Ignored nodes: comments, script, style
[36m<body>[31m
  [36m<div>[31m
    [36m<div[31m
      [33mclass[31m=[32m"expense-form-container"[31m
    [36m>[31m
      [36m<h2>[31m
        [0mAdd New Expense[0m
      [36m</h2>[31m
      [36m<form[31m
        [33mclass[31m=[32m"expense-form"[31m
      [36m>[31m
        [36m<div[31m
          [33mclass[31m=[32m"form-row"[31m
        [36m>[31m
          [36m<div[31m
            [33mclass[31m=[32m"form-group"[31m
          [36m>[31m
            [36m<label[31m
              [33mfor[31m=[32m"date"[31m
            [36m>[31m
              [0mDate *[0m
            [36m</label>[31m
            [36m<input[31m
              [33mid[31m=[32m"date"[31m
              [33mname[31m=[32m"date"[31m
              [33mrequired[31m=[32m""[31m
              [33mtype[31m=[32m"date"[31m
              [33mvalue[31m=[32m"2025-01-15"[31m
            [36m/>[31m
          [36m</div>[31m
          [36m<div[31m
            [33mclass[31m=[32m"form-group autocomplete-wrapper"[31m
          [36m>[31m
            [36m<label[31m
              [33mfor[31m=[32m"place"[31m
            [36m>[31m
              [0mPlace[0m
            [36m</label>[31m
            [36m<input[31m
              [33mautocomplete[31m=[32m"off"[31m
              [33mid[31m=[32m"place"[31m
              [33mmaxlength[31m=[32m"200"[31m
              [33mname[31m=[32m"place"[31m
              [33mplaceholder[31m=[32m"Where was this expense?"[31m
              [33mtype[31m=[32m"text"[31m
              [33mvalue[31m=[32m""[31m
            [36m/>[31m
          [36m</div>[31m
        [36m</div>[31m
        [36m<div[31m
          [33mclass[31m=[32m"form-row"[31m
        [36m>[31m
          [36m<div[31m
            [33mclass[31m=[32m"form-group"[31m
          [36m>[31m
            [36m<label[31m
              [33mfor[31m=[32m"type"[31m
            [36m>[31m
              [0mType *[0m
            [36m</label>[31m
            [36m<select[31m
              [33mclass[31m=[32m""[31m
              [33mid[31m=[32m"type"[31m
              [33mname[31m=[32m"type"[31m
              [33mrequired[31m=[32m""[31m
            [36m>[31m
              [36m<option[31m
                [33mvalue[31m=[32m"Other"[31m
              [36m>[31m
                [0mOther[0m
              [36m</option>[31m
              [36m<option[31m
                [33mvalue[31m=[32m"Groceries"[31m
              [36m>[31m
                [0mGroceries[0m
              [36m</option>[31m
              [36m<option[31m
                [33mvalue[31m=[32m"Gas"[31m
              [36m>[31m
                [0mGas[0m
              [36m</option>[31m
              [36m<option[31m
                [33mvalue[31m=[32m"Dining Out"[31m
              [36m>[31m
                [0mDining Out[0m
              [36m</option>[31m
              [36m<option[31m
                [33mvalue[31m=[32m"Tax - Medical"[31m
              [36m>[31m
                [0mTax - Medical[0m
              [36m</option>[31m
              [36m<option[31m
                [33mvalue[31m=[32m"Tax - Donation"[31m
              [36m>[31m
                [0mTax - Donation[0m
              [36m</option>[31m
            [36m</select>[31m
          [36m</div>[31m
          [36m<div[31m
            [33mclass[31m=[32m"form-group"[31m
          [36m>[31m
            [36m<label[31m
              [33mfor[31m=[32m"amount"[31m
            [36m>[31m
              [0mAmount *[0m
            [36m</label>[31m
            [36m<input[31m
              [33mid[31m=[32m"amount"[31m
              [33mmin[31m=[32m"0.01"[31m
              [33mname[31m=[32m"amount"[31m
              [33mplaceholder[31m=[32m"0.00"[31m
              [33mrequired[31m=[32m""[31m
              [33mstep[31m=[32m"0.01"[31m
              [33mtype[31m=[32m"number"[31m
              [33mvalue[31m=[32m""[31m
            [36m/>[31m
          [36m</div>[31m
        [36m</div>[31m
        [36m<div[31m
          [33mclass[31m=[32m"form-group"[31m
        [36m>[31m
          [36m<label[31m
            [33mfor[31m=[32m"payment_method_id"[31m
          [36m>[31m
            [0mPayment Method *[0m
          [36m</label>[31m
          [36m<select[31m
            [33mid[31m=[32m"payment_method_id"[31m
            [33mname[31m=[32m"payment_method_id"[31m
            [33mrequired[31m=[32m""[31m
          [36m>[31m
            [36m<option[31m
              [33mvalue[31m=[32m""[31m
            [36m>[31m
              [0mSelect payment method...[0m
            [36m</option>[31m
            [36m<optgroup[31m
              [33mlabel[31m=[32m"Cash"[31m
            [36m>[31m
              [36m<option[31m
                [33mvalue[31m=[32m"1"[31m
              [36m>[31m
                [0mCash[0m
              [36m</option>[31m
            [36m</optgroup>[31m
            [36m<optgroup[31m
              [33mlabel[31m=[32m"Debit"[31m
            [36m>[31m
              [36m<option[31m
                [33mvalue[31m=[32m"2"[31m
              [36m>[31m
                [0mDebit[0m
              [36m</option>[31m
            [36m</optgroup>[31m
          [36m</select>[31m
        [36m</div>[31m
        [36m<div[31m
          [33mclass[31m=[32m"collapsible-section "[31m
        [36m>[31m
          [36m<div[31m
            [33maria-controls[31m=[32m"collapsible-content-people-assignment"[31m
            [33maria-expanded[31m=[32m"true"[31m
            [33mclass[31m=[32m"collapsible-header"[31m
            [33mid[31m=[32m"collapsible-header-people-assignment"[31m
            [33mrole[31m=[32m"button"[31m
            [33mtabindex[31m=[32m"0"[31m
          [36m>[31m
            [36m<div[31m
              [33mclass[31m=[32m"collapsible-header-left"[31m
            [36m>[31m
              [36m<span[31m
                [33mclass[31m=[32m"collapsible-icon expanded"[31m
              [36m>[31m
                [0mΓû╝[0m
              [36m</span>[31m
              [36m<span[31m
                [33mclass[31m=[32m"collapsible-title"[31m
              [36m>[31m
                [0mPeople Assignment[0m
              [36m</span>[31m
              [36m<span[31m
                [33mclass[31m=[32m"collapsible-badge"[31m
              [36m>[31m
                [0m1 person[0m
              [36m</span>[31m
            [36m</div>[31m
          [36m</div>[31m
          [36m<div[31m
            [33maria-labelledby[31m=[32m"collapsible-header-people-assignment"[31m
            [33mclass[31m=[32m"collapsible-content"[31m
            [33mid[31m=[32m"collapsible-content-people-assignment"[31m
            [33mrole[31m=[32m"region"[31m
          [36m>[31m
            [36m<div[31m
              [33mclass[31m=[32m"form-group"[31m
            [36m>[31m
              [36m<label[31m
                [33mfor[31m=[32m"people"[31m
              [36m>[31m
                [0mAssign to People[0m
                [36m<span[31m
                  [33mclass[31m=[32m"help-tooltip-wrapper"[31m
                [36m>[31m
                  [36m<span[31m
                    [33maria-label[31m=[32m"Help information"[31m
                    [33mclass[31m=[32m"help-tooltip-icon"[31m
                    [33mrole[31m=[32m"button"[31m
                    [33mtabindex[31m=[32m"0"[31m
                  [36m>[31m
                    [0mΓôÿ[0m
                  [36m</span>[31m
                [36m</span>[31m
              [36m</label>[31m
              [36m<select[31m
                [33mclass[31m=[32m"people-select"[31m
                [33mid[31m=[32m"people"[31m
                [33mmultiple[31m=[32m""[31m
                [33mname[31m=[32m"people"[31m
                [33msize[31m=[32m"4"[31m
              [36m>[31m
                [36m<option[31m
                  [33mdisabled[31m=[32m""[31m
                  [33mvalue[31m=[32m""[31m
                [36m>[31m
                  [0mSelect family members...[0m
                [36m</option>[31m
                [36m<option[31m
                  [33mvalue[31m=[32m"1"[31m
                [36m>[31m
                  [0mPerson A[0m
                [36m</option>[31m
                [36m<option[31m
                  [33mvalue[31m=[32m"2"[31m
                [36m>[31m
                  [0mPerson B[0m
                [36m</option>[31m
                [36m<option[31m
                  [33mvalue[31m=[32m"3"[31m
                [36m>[31m
                  [0mPerson C[0m
                [36m</option>[31m
              [36m</select>[31m
              [36m<div[31m
                [33mclass[31m=[32m"selected-people-info"[31m
              [36m>[31m
                [36m<span>[31m
                  [0mSelected: [0m
                  [0mSelect family members...[0m
                [36m</span>[31m
              [36m</div>[31m
            [36m</div>[31m
          [36m</div>[31m
        [36m</div>[31m
        [36m<div[31m
          [33mclass[31m=[32m"collapsible-section "[31m
        [36m>[31m
          [36m<div[31m
            [33maria-controls[31m=[32m"collapsible-content-insurance-tracking"[31m
            [33maria-expanded[31m=[32m"false"[31m
            [33mclass[31m=[32m"collapsible-header"[31m
            [33mid[31m=[32m"collapsible-header-insurance-tracking"[31m
            [33mrole[31m=[32m"button"[31m
            [33mtabindex[31m=[32m"0"[31m
          [36m>[31m
            [36m<div[31m
              [33mclass[31m=[32m"collapsible-header-left"[31m
            [36m>[31m
              [36m<span[31m
                [33mclass[31m=[32m"collapsible-icon collapsed"[31m
              [36m>[31m
                [0mΓû╢[0m
              [36m</span>[31m
              [36m<span[31m
                [33mclass[31m=[32m"collapsible-title"[31m
              [36m>[31m
                [0mInsurance Tracking[0m
              [36m</span>[31m
            [36m</div>[31m
          [36m</div>[31m
        [36m</div>[31m
        [36m<div[31m
          [33mclass[31m=[32m"collapsible-section "[31m
        [36m>[31m
          [36m<div[31m
            [33maria-controls[31m=[32m"collapsible-content-invoice-attachments"[31m
            [33maria-expanded[31m=[32m"false"[31m
            [33mclass[31m=[32m"collapsible-header"[31m
            [33mid[31m=[32m"collapsible-header-invoice-attachments"[31m
            [33mrole[31m=[32m"button"[31m
            [33mtabindex[31m=[32m"0"[31m
          [36m>[31m
            [36m<div[31m
              [33mclass[31m=[32m"collapsible-header-left"[31m
            [36m>[31m
              [36m<span[31m
                [33mclass[31m=[32m"collapsible-icon collapsed"[31m
              [36m>[31m
                [0mΓû╢[0m
              [36m</span>[31m
              [36m<span[31m
                [33mclass[31m=[32m"collapsible-title"[31m
              [36m>[31m
                [0mInvoice Attachments[0m
              [36m</span>[31m
            [36m</div>[31m
          [36m</div>[31m
        [36m</div>[31m
        [36m<div[31m
          [33mclass[31m=[32m"collapsible-section "[31m
        [36m>[31m
          [36m<div[31m
            [33maria-controls[31m=[32m"collapsible-content-advanced-options"[31m
            [33maria-expanded[31m=[32m"false"[31m
            [33mclass[31m=[32m"collapsible-header"[31m
            [33mid[31m=[32m"collapsible-header-advanced-options"[31m
            [33mrole[31m=[32m"button"[31m
            [33mtabindex[31m=[32m"0"[31m
          [36m>[31m
            [36m<div[31m
              [33mclass[31m=[32m"collapsible-header-left"[31m
            [36m>[31m
              [36m<span[31m
                [33mclass[31m=[32m"collapsible-icon collapsed"[31m
              [36m>[31m
                [0mΓû╢[0m
              [36m</span>[31m
              [36m<span[31m
                [33mclass[31m=[32m"collapsible-title"[31m
              [36m>[31m
                [0mAdvanced Options[0m
              [36m</span>[31m
            [36m</div>[31m
          [36m</div>[31m
        [36m</div>[31m
        [36m<div[31m
          [33mclass[31m=[32m"form-group"[31m
        [36m>[31m
          [36m<label[31m
            [33mfor[31m=[32m"notes"[31m
          [36m>[31m
            [0mNotes[0m
          [36m</label>[31m
          [36m<textarea[31m
            [33mid[31m=[32m"notes"[31m
            [33mmaxlength[31m=[32m"200"[31m
            [33mname[31m=[32m"notes"[31m
            [33mplaceholder[31m=[32m"Additional notes..."[31m
            [33mrows[31m=[32m"3"[31m
          [36m/>[31m
        [36m</div>[31m
        [36m<button[31m
          [33mclass[31m=[32m"submit-button"[31m
          [33mtype[31m=[32m"submit"[31m
        [36m>[31m
          [0mAdd Expense[0m
        [36m</button>[31m
      [36m</form>[31m
    [36m</div>[31m
  [36m</div>[31m
[36m</body>[31m

Ignored nodes: comments, script, style
[36m<html>[31m
  [36m<head />[31m
  [36m<body>[31m
    [36m<div>[31m
      [36m<div[31m
        [33mclass[31m=[32m"expense-form-container"[31m
      [36m>[31m
        [36m<h2>[31m
          [0mAdd New Expense[0m
        [36m</h2>[31m
        [36m<form[31m
          [33mclass[31m=[32m"expense-form"[31m
        [36m>[31m
          [36m<div[31m
            [33mclass[31m=[32m"form-row"[31m
          [36m>[31m
            [36m<div[31m
              [33mclass[31m=[32m"form-group"[31m
            [36m>[31m
              [36m<label[31m
                [33mfor[31m=[32m"date"[31m
              [36m>[31m
                [0mDate *[0m
              [36m</label>[31m
              [36m<input[31m
                [33mid[31m=[32m"date"[31m
                [33mname[31m=[32m"date"[31m
                [33mrequired[31m=[32m""[31m
                [33mtype[31m=[32m"date"[31m
                [33mvalue[31m=[32m"2025-01-15"[31m
              [36m/>[31m
            [36m</div>[31m
            [36m<div[31m
              [33mclass[31m=[32m"form-group autocomplete-wrapper"[31m
            [36m>[31m
              [36m<label[31m
                [33mfor[31m=[32m"place"[31m
              [36m>[31m
                [0mPlace[0m
              [36m</label>[31m
              [36m<input[31m
                [33mautocomplete[31m=[32m"off"[31m
                [33mid[31m=[32m"place"[31m
                [33mmaxlength[31m=[32m"200"[31m
                [33mname[31m=[32m"place"[31m
                [33mplaceholder[31m=[32m"Where was this expense?"[31m
                [33mtype[31m=[32m"text"[31m
                [33mvalue[31m=[32m""[31m
              [36m/>[31m
            [36m</div>[31m
          [36m</div>[31m
          [36m<div[31m
            [33mclass[31m=[32m"form-row"[31m
          [36m>[31m
            [36m<div[31m
              [33mclass[31m=[32m"form-group"[31m
            [36m>[31m
              [36m<label[31m
                [33mfor[31m=[32m"type"[31m
              [36m>[31m
                [0mType *[0m
              [36m</label>[31m
              [36m<select[31m
                [33mclass[31m=[32m""[31m
                [33mid[31m=[32m"type"[31m
                [33mname[31m=[32m"type"[31m
                [33mrequired[31m=[32m""[31m
              [36m>[31m
                [36m<option[31m
                  [33mvalue[31m=[32m"Other"[31m
                [36m>[31m
                  [0mOther[0m
                [36m</option>[31m
                [36m<option[31m
                  [33mvalue[31m=[32m"Groceries"[31m
                [36m>[31m
                  [0mGroceries[0m
                [36m</option>[31m
                [36m<option[31m
                  [33mvalue[31m=[32m"Gas"[31m
                [36m>[31m
                  [0mGas[0m
                [36m</option>[31m
                [36m<option[31m
                  [33mvalue[31m=[32m"Dining Out"[31m
                [36m>[31m
                  [0mDining Out[0m
                [36m</option>[31m
                [36m<option[31m
                  [33mvalue[31m=[32m"Tax - Medical"[31m
                [36m>[31m
                  [0mTax - Medical[0m
                [36m</option>[31m
                [36m<option[31m
                  [33mvalue[31m=[32m"Tax - Donation"[31m
                [36m>[31m
                  [0mTax - Donation[0m
                [36m</option>[31m
              [36m</select>[31m
            [36m</div>[31m
            [36m<div[31m
              [33mclass[31m=[32m"form-group"[31m
            [36m>[31m
              [36m<label[31m
                [33mfor[31m=[32m"amount"[31m
              [36m>[31m
                [0mAmount *[0m
              [36m</label>[31m
              [36m<input[31m
                [33mid[31m=[32m"amount"[31m
                [33mmin[31m=[32m"0.01"[31m
                [33mname[31m=[32m"amount"[31m
                [33mplaceholder[31m=[32m"0.00"[31m
                [33mrequired[31m=[32m""[31m
                [33mstep[31m=[32m"0.01"[31m
                [33mtype[31m=[32m"number"[31m
                [33mvalue[31m=[32m""[31m
              [36m/>[31m
            [36m</div>[31m
          [36m</div>[31m
          [36m<div[31m
            [33mclass[31m=[32m"form-group"[31m
          [36m>[31m
            [36m<label[31m
              [33mfor[31m=[32m"payment_method_id"[31m
            [36m>[31m
              [0mPayment Method *[0m
            [36m</label>[31m
            [36m<select[31m
              [33mid[31m=[32m"payment_method_id"[31m
              [33mname[31m=[32m"payment_method_id"[31m
              [33mrequired[31m=[32m""[31m
            [36m>[31m
              [36m<option[31m
                [33mvalue[31m=[32m""[31m
              [36m>[31m
                [0mSelect payment method...[0m
              [36m</option>[31m
              [36m<optgroup[31m
                [33mlabel[31m=[32m"Cash"[31m
              [36m>[31m
                [36m<option[31m
                  [33mvalue[31m=[32m"1"[31m
                [36m>[31m
                  [0mCash[0m
                [36m</option>[31m
              [36m</optgroup>[31m
              [36m<optgroup[31m
                [33mlabel[31m=[32m"Debit"[31m
              [36m>[31m
                [36m<option[31m
                  [33mvalue[31m=[32m"2"[31m
                [36m>[31m
                  [0mDebit[0m
                [36m</option>[31m
              [36m</optgroup>[31m
            [36m</select>[31m
          [36m</div>[31m
          [36m<div[31m
            [33mclass[31m=[32m"collapsible-section "[31m
          [36m>[31m
            [36m<div[31m
              [33maria-controls[31m=[32m"collapsible-content-people-assignment"[31m
              [33maria-expanded[31m=[32m"true"[31m
              [33mclass[31m=[32m"collapsible-header"[31m
              [33mid[31m=[32m"collapsible-header-people-assignment"[31m
              [33mrole[31m=[32m"button"[31m
              [33mtabindex[31m=[32m"0"[31m
            [36m>[31m
              [36m<div[31m
                [33mclass[31m=[32m"collapsible-header-left"[31m
              [36m>[31m
                [36m<span[31m
                  [33mclass[31m=[32m"collapsible-icon expanded"[31m
                [36m>[31m
                  [0mΓû╝[0m
                [36m</span>[31m
                [36m<span[31m
                  [33mclass[31m=[32m"collapsible-title"[31m
                [36m>[31m
                  [0mPeople Assignment[0m
                [36m</span>[31m
                [36m<span[31m
                  [33mclass[31m=[32m"collapsible-badge"[31m
                [36m>[31m
                  [0m1 person[0m
                [36m</span>[31m
              [36m</div>[31m
            [36m</div>[31m
            [36m<div[31m
              [33maria-labelledby[31m=[32m"collapsible-header-people-assignment"[31m
              [33mclass[31m=[32m"collapsible-content"[31m
              [33mid[31m=[32m"collapsible-content-people-assignment"[31m
              [33mrole[31m=[32m"region"[31m
            [36m>[31m
              [36m<div[31m
                [33mclass[31m=[32m"form-group"[31m
              [36m>[31m
                [36m<label[31m
                  [33mfor[31m=[32m"people"[31m
                [36m>[31m
                  [0mAssign to People[0m
                  [36m<span[31m
                    [33mclass[31m=[32m"help-tooltip-wrapper"[31m
                  [36m>[31m
                    [36m<span[31m
                      [33maria-label[31m=[32m"Help information"[31m
                      [33mclass[31m=[32m"help-tooltip-icon"[31m
                      [33mrole[31m=[32m"button"[31m
                      [33mtabindex[31m=[32m"0"[31m
                    [36m>[31m
                      [0mΓôÿ[0m
                    [36m</span>[31m
                  [36m</span>[31m
                [36m</label>[31m
                [36m<select[31m
                  [33mclass[31m=[32m"people-select"[31m
                  [33mid[31m=[32m"people"[31m
                  [33mmultiple[31m=[32m""[31m
                  [33mname[31m=[32m"people"[31m
                  [33msize[31m=[32m"4"[31m
                [36m>[31m
                  [36m<option[31m
                    [33mdisabled[31m=[32m""[31m
                    [33mvalue[31m=[32m""[31m
                  [36m>[31m
                    [0mSelect family members...[0m
                  [36m</option>[31m
                  [36m<option[31m
                    [33mvalue[31m=[32m"1"[31m
                  [36m>[31m
                    [0mPerson A[0m
                  [36m</option>[31m
                  [36m<option[31m
                    [33mvalue[31m=[32m"2"[31m
                  [36m>[31m
                    [0mPerson B[0m
                  [36m</option>[31m
                  [36m<option[31m
                    [33mvalue[31m=[32m"3"[31m
                  [36m>[31m
                    [0mPerson C[0m
                  [36m</option>[31m
                [36m</select>[31m
                [36m<div[31m
                  [33mclass[31m=[32m"selected-people-info"[31m
                [36m>[31m
                  [36m<span>[31m
                    [0mSelected: [0m
                    [0mSelect family members...[0m
                  [36m</span>[31m
                [36m</div>[31m
              [36m</div>[31m
            [36m</div>[31m
          [36m</div>[31m
          [36m<div[31m
            [33mclass[31m=[32m"collapsible-section "[31m
          [36m>[31m
            [36m<div[31m
              [33maria-controls[31m=[32m"collapsible-content-insurance-tracking"[31m
              [33maria-expanded[31m=[32m"false"[31m
              [33mclass[31m=[32m"collapsible-header"[31m
              [33mid[31m=[32m"collapsible-header-insurance-tracking"[31m
              [33mrole[31m=[32m"button"[31m
              [33mtabindex[31m=[32m"0"[31m
            [36m>[31m
              [36m<div[31m
                [33mclass[31m=[32m"collapsible-header-left"[31m
              [36m>[31m
                [36m<span[31m
                  [33mclass[31m=[32m"collapsible-icon collapsed"[31m
                [36m>[31m
                  [0mΓû╢[0m
                [36m</span>[31m
                [36m<span[31m
                  [33mclass[31m=[32m"collapsible-title"[31m
                [36m>[31m
                  [0mInsurance Tracking[0m
                [36m</span>[31m
              [36m</div>[31m
            [36m</div>[31m
          [36m</div>[31m
          [36m<div[31m
            [33mclass[31m=[32m"collapsible-section "[31m
          [36m>[31m
            [36m<div[31m
              [33maria-controls[31m=[32m"collapsible-content-invoice-attachments"[31m
              [33maria-expanded[31m=[32m"false"[31m
              [33mclass[31m=[32m"collapsible-header"[31m
              [33mid[31m=[32m"collapsible-header-invoice-attachments"[31m
              [33mrole[31m=[32m"button"[31m
              [33mtabindex[31m=[32m"0"[31m
            [36m>[31m
              [36m<div[31m
                [33mclass[31m=[32m"collapsible-header-left"[31m
              [36m>[31m
                [36m<span[31m
                  [33mclass[31m=[32m"collapsible-icon collapsed"[31m
                [36m>[31m
                  [0mΓû╢[0m
                [36m</span>[31m
                [36m<span[31m
                  [33mclass[31m=[32m"collapsible-title"[31m
                [36m>[31m
                  [0mInvoice Attachments[0m
                [36m</span>[31m
              [36m</div>[31m
            [36m</div>[31m
          [36m</div>[31m
          [36m<div[31m
            [33mclass[31m=[32m"collapsible-section "[31m
          [36m>[31m
            [36m<div[31m
              [33maria-controls[31m=[32m"collapsible-content-advanced-options"[31m
              [33maria-expanded[31m=[32m"false"[31m
              [33mclass[31m=[32m"collapsible-header"[31m
              [33mid[31m=[32m"collapsible-header-advanced-options"[31m
              [33mrole[31m=[32m"button"[31m
              [33mtabindex[31m=[32m"0"[31m
            [36m>[31m
              [36m<div[31m
                [33mclass[31m=[32m"collapsible-header-left"[31m
              [36m>[31m
                [36m<span[31m
                  [33mclass[31m=[32m"collapsible-icon collapsed"[31m
                [36m>[31m
                  [0mΓû╢[0m
                [36m</span>[31m
                [36m<span[31m
                  [33mclass[31m=[32m"collapsible-title"[31m
                [36m>[31m
                  [0mAdvanced Options[0m
                [36m</span>[31m
              [36m</div>[31m
            [36m</div>[31m
          [36m</div>[31m
          [36m<div[31m
            [33mclass[31m=[32m"form-group"[31m
          [36m>[31m
            [36m<label[31m
              [33mfor[31m=[32m"notes"[31m
            [36m>[31m
              [0mNotes[0m
            [36m</label>[31m
            [36m<textarea[31m
              [33mid[31m=[32m"notes"[31m
              [33mmaxlength[31m=[32m"200"[31m
              [33mname[31m=[32m"notes"[31m
              [33mplaceholder[31m=[32m"Additional notes..."[31m
              [33mrows[31m=[32m"3"[31m
            [36m/>[31m
          [36m</div>[31m
          [36m<button[31m
            [33mclass[31m=[32m"submit-button"[31m
            [33mtype[31m=[32m"submit"[31m
          [36m>[31m
            [0mAdd Expense[0m
          [36m</button>[31m
        [36m</form>[31m
      [36m</div>[31m
    [36m</div>[31m
  [36m</body>[31m
[36m</html>[31m[39m
 [32mΓ£ô[39m src/components/ExpenseForm.test.jsx[2m > [22mExpenseForm - Invoice Attachments Section[2m > [22mshould show Invoice Attachments section for Tax - Medical expenses[32m 27[2mms[22m[39m
 [32mΓ£ô[39m src/components/ExpenseForm.test.jsx[2m > [22mExpenseForm - Invoice Attachments Section[2m > [22mshould show Invoice Attachments section for Tax - Donation expenses[32m 15[2mms[22m[39m
stderr | src/components/ExpenseForm.test.jsx > ExpenseForm - Invoice Attachments Section > should display invoice count badge in edit mode with existing invoices
[2026-02-09T00:58:59.741Z] [ERROR] [InvoiceApi] Failed to fetch invoices for expense: TypeError: __vite_ssr_import_0__.API_ENDPOINTS.INVOICES_FOR_EXPENSE is not a function
    at getInvoicesForExpense (C:/Users/krazy/Projects/Expense Tracker/frontend/src/services/invoiceApi.js:93:57)
    at C:/Users/krazy/Projects/Expense Tracker/frontend/src/hooks/useInvoiceManagement.js:62:53
    at C:/Users/krazy/Projects/Expense Tracker/frontend/src/hooks/useInvoiceManagement.js:42:20
    at C:/Users/krazy/Projects/Expense Tracker/frontend/src/hooks/useInvoiceManagement.js:60:26
    at fetchInvoiceData (C:/Users/krazy/Projects/Expense Tracker/frontend/src/components/ExpenseForm.jsx:288:38)
    at C:/Users/krazy/Projects/Expense Tracker/frontend/src/components/ExpenseForm.jsx:322:5
    at Object.react_stack_bottom_frame (C:\Users\krazy\Projects\Expense Tracker\frontend\node_modules\react-dom\cjs\react-dom-client.development.js:25989:20)
    at runWithFiberInDEV (C:\Users\krazy\Projects\Expense Tracker\frontend\node_modules\react-dom\cjs\react-dom-client.development.js:874:13)
    at commitHookEffectListMount (C:\Users\krazy\Projects\Expense Tracker\frontend\node_modules\react-dom\cjs\react-dom-client.development.js:13249:29)
    at commitHookPassiveMountEffects (C:\Users\krazy\Projects\Expense Tracker\frontend\node_modules\react-dom\cjs\react-dom-client.development.js:13336:11)

stderr | src/components/ExpenseForm.test.jsx > ExpenseForm - Invoice Attachments Section > should display invoice count badge in edit mode with existing invoices
[2026-02-09T00:58:59.744Z] [ERROR] [useInvoiceManagement] Failed to fetch invoices for expense 1: Error: Unable to load invoices: __vite_ssr_import_0__.API_ENDPOINTS.INVOICES_FOR_EXPENSE is not a function
    at getInvoicesForExpense (C:/Users/krazy/Projects/Expense Tracker/frontend/src/services/invoiceApi.js:107:11)
    at C:/Users/krazy/Projects/Expense Tracker/frontend/src/hooks/useInvoiceManagement.js:62:53
    at C:/Users/krazy/Projects/Expense Tracker/frontend/src/hooks/useInvoiceManagement.js:42:20
    at C:/Users/krazy/Projects/Expense Tracker/frontend/src/hooks/useInvoiceManagement.js:60:26
    at fetchInvoiceData (C:/Users/krazy/Projects/Expense Tracker/frontend/src/components/ExpenseForm.jsx:288:38)
    at C:/Users/krazy/Projects/Expense Tracker/frontend/src/components/ExpenseForm.jsx:322:5
    at Object.react_stack_bottom_frame (C:\Users\krazy\Projects\Expense Tracker\frontend\node_modules\react-dom\cjs\react-dom-client.development.js:25989:20)
    at runWithFiberInDEV (C:\Users\krazy\Projects\Expense Tracker\frontend\node_modules\react-dom\cjs\react-dom-client.development.js:874:13)
    at commitHookEffectListMount (C:\Users\krazy\Projects\Expense Tracker\frontend\node_modules\react-dom\cjs\react-dom-client.development.js:13249:29)
    at commitHookPassiveMountEffects (C:\Users\krazy\Projects\Expense Tracker\frontend\node_modules\react-dom\cjs\react-dom-client.development.js:13336:11)

stderr | src/components/ExpenseForm.test.jsx > ExpenseForm - Invoice Attachments Section > should display InvoiceUpload component in edit mode
[2026-02-09T00:58:59.771Z] [ERROR] [InvoiceApi] Failed to fetch invoices for expense: TypeError: __vite_ssr_import_0__.API_ENDPOINTS.INVOICES_FOR_EXPENSE is not a function
    at getInvoicesForExpense (C:/Users/krazy/Projects/Expense Tracker/frontend/src/services/invoiceApi.js:93:57)
    at C:/Users/krazy/Projects/Expense Tracker/frontend/src/hooks/useInvoiceManagement.js:62:53
    at C:/Users/krazy/Projects/Expense Tracker/frontend/src/hooks/useInvoiceManagement.js:42:20
    at C:/Users/krazy/Projects/Expense Tracker/frontend/src/hooks/useInvoiceManagement.js:60:26
    at fetchInvoiceData (C:/Users/krazy/Projects/Expense Tracker/frontend/src/components/ExpenseForm.jsx:288:38)
    at C:/Users/krazy/Projects/Expense Tracker/frontend/src/components/ExpenseForm.jsx:322:5
    at Object.react_stack_bottom_frame (C:\Users\krazy\Projects\Expense Tracker\frontend\node_modules\react-dom\cjs\react-dom-client.development.js:25989:20)
    at runWithFiberInDEV (C:\Users\krazy\Projects\Expense Tracker\frontend\node_modules\react-dom\cjs\react-dom-client.development.js:874:13)
    at commitHookEffectListMount (C:\Users\krazy\Projects\Expense Tracker\frontend\node_modules\react-dom\cjs\react-dom-client.development.js:13249:29)
    at commitHookPassiveMountEffects (C:\Users\krazy\Projects\Expense Tracker\frontend\node_modules\react-dom\cjs\react-dom-client.development.js:13336:11)

stderr | src/components/ExpenseForm.test.jsx > ExpenseForm - Invoice Attachments Section > should display InvoiceUpload component in edit mode
[2026-02-09T00:58:59.774Z] [ERROR] [useInvoiceManagement] Failed to fetch invoices for expense 1: Error: Unable to load invoices: __vite_ssr_import_0__.API_ENDPOINTS.INVOICES_FOR_EXPENSE is not a function
    at getInvoicesForExpense (C:/Users/krazy/Projects/Expense Tracker/frontend/src/services/invoiceApi.js:107:11)
    at C:/Users/krazy/Projects/Expense Tracker/frontend/src/hooks/useInvoiceManagement.js:62:53
    at C:/Users/krazy/Projects/Expense Tracker/frontend/src/hooks/useInvoiceManagement.js:42:20
    at C:/Users/krazy/Projects/Expense Tracker/frontend/src/hooks/useInvoiceManagement.js:60:26
    at fetchInvoiceData (C:/Users/krazy/Projects/Expense Tracker/frontend/src/components/ExpenseForm.jsx:288:38)
    at C:/Users/krazy/Projects/Expense Tracker/frontend/src/components/ExpenseForm.jsx:322:5
    at Object.react_stack_bottom_frame (C:\Users\krazy\Projects\Expense Tracker\frontend\node_modules\react-dom\cjs\react-dom-client.development.js:25989:20)
    at runWithFiberInDEV (C:\Users\krazy\Projects\Expense Tracker\frontend\node_modules\react-dom\cjs\react-dom-client.development.js:874:13)
    at commitHookEffectListMount (C:\Users\krazy\Projects\Expense Tracker\frontend\node_modules\react-dom\cjs\react-dom-client.development.js:13249:29)
    at commitHookPassiveMountEffects (C:\Users\krazy\Projects\Expense Tracker\frontend\node_modules\react-dom\cjs\react-dom-client.development.js:13336:11)

 [32mΓ£ô[39m src/components/ExpenseForm.test.jsx[2m > [22mExpenseForm - Invoice Attachments Section[2m > [22mshould NOT show Invoice Attachments section for non-tax-deductible expenses[32m 128[2mms[22m[39m
 [32mΓ£ô[39m src/components/ExpenseForm.test.jsx[2m > [22mExpenseForm - Invoice Attachments Section[2m > [22mshould display invoice count badge in edit mode with existing invoices[32m 29[2mms[22m[39m
 [32mΓ£ô[39m src/components/ExpenseForm.test.jsx[2m > [22mExpenseForm - Invoice Attachments Section[2m > [22mshould display InvoiceUpload component in edit mode[32m 47[2mms[22m[39m
 [32mΓ£ô[39m src/components/ExpenseForm.test.jsx[2m > [22mExpenseForm - Invoice Attachments Section[2m > [22mshould display file selection interface in create mode[32m 47[2mms[22m[39m
 [32mΓ£ô[39m src/components/ExpenseForm.test.jsx[2m > [22mExpenseForm - Invoice Attachments Section[2m > [22mshould support multiple invoice file selection[32m 47[2mms[22m[39m
 [32mΓ£ô[39m src/components/ExpenseForm.test.jsx[2m > [22mExpenseForm - Invoice Attachments Section[2m > [22mshould show person assignment dropdown for medical expense invoices[32m 37[2mms[22m[39m
 [32mΓ£ô[39m src/components/ExpenseForm.test.jsx[2m > [22mExpenseForm - Error Handling and Auto-Expansion[2m > [22mshould auto-expand Reimbursement section when it contains validation error[32m 72[2mms[22m[39m
 [32mΓ£ô[39m src/components/ExpenseForm.test.jsx[2m > [22mExpenseForm - Error Handling and Auto-Expansion[2m > [22mshould display error indicator on section header when section has validation error[32m 96[2mms[22m[39m
 [32mΓ£ô[39m src/components/ExpenseForm.test.jsx[2m > [22mExpenseForm - Error Handling and Auto-Expansion[2m > [22mshould focus first field with error after auto-expansion[32m 75[2mms[22m[39m
stderr | src/components/ExpenseForm.test.jsx > ExpenseForm - Initial State Logic > should expand Insurance section when editing medical expense with insurance enabled
[2026-02-09T00:59:00.361Z] [ERROR] [InvoiceApi] Failed to fetch invoices for expense: TypeError: __vite_ssr_import_0__.API_ENDPOINTS.INVOICES_FOR_EXPENSE is not a function
    at getInvoicesForExpense (C:/Users/krazy/Projects/Expense Tracker/frontend/src/services/invoiceApi.js:93:57)
    at C:/Users/krazy/Projects/Expense Tracker/frontend/src/hooks/useInvoiceManagement.js:62:53
    at C:/Users/krazy/Projects/Expense Tracker/frontend/src/hooks/useInvoiceManagement.js:42:20
    at C:/Users/krazy/Projects/Expense Tracker/frontend/src/hooks/useInvoiceManagement.js:60:26
    at fetchInvoiceData (C:/Users/krazy/Projects/Expense Tracker/frontend/src/components/ExpenseForm.jsx:288:38)
    at C:/Users/krazy/Projects/Expense Tracker/frontend/src/components/ExpenseForm.jsx:322:5
    at Object.react_stack_bottom_frame (C:\Users\krazy\Projects\Expense Tracker\frontend\node_modules\react-dom\cjs\react-dom-client.development.js:25989:20)
    at runWithFiberInDEV (C:\Users\krazy\Projects\Expense Tracker\frontend\node_modules\react-dom\cjs\react-dom-client.development.js:874:13)
    at commitHookEffectListMount (C:\Users\krazy\Projects\Expense Tracker\frontend\node_modules\react-dom\cjs\react-dom-client.development.js:13249:29)
    at commitHookPassiveMountEffects (C:\Users\krazy\Projects\Expense Tracker\frontend\node_modules\react-dom\cjs\react-dom-client.development.js:13336:11)

stderr | src/components/ExpenseForm.test.jsx > ExpenseForm - Initial State Logic > should expand Insurance section when editing medical expense with insurance enabled
[2026-02-09T00:59:00.362Z] [ERROR] [useInvoiceManagement] Failed to fetch invoices for expense 1: Error: Unable to load invoices: __vite_ssr_import_0__.API_ENDPOINTS.INVOICES_FOR_EXPENSE is not a function
    at getInvoicesForExpense (C:/Users/krazy/Projects/Expense Tracker/frontend/src/services/invoiceApi.js:107:11)
    at C:/Users/krazy/Projects/Expense Tracker/frontend/src/hooks/useInvoiceManagement.js:62:53
    at C:/Users/krazy/Projects/Expense Tracker/frontend/src/hooks/useInvoiceManagement.js:42:20
    at C:/Users/krazy/Projects/Expense Tracker/frontend/src/hooks/useInvoiceManagement.js:60:26
    at fetchInvoiceData (C:/Users/krazy/Projects/Expense Tracker/frontend/src/components/ExpenseForm.jsx:288:38)
    at C:/Users/krazy/Projects/Expense Tracker/frontend/src/components/ExpenseForm.jsx:322:5
    at Object.react_stack_bottom_frame (C:\Users\krazy\Projects\Expense Tracker\frontend\node_modules\react-dom\cjs\react-dom-client.development.js:25989:20)
    at runWithFiberInDEV (C:\Users\krazy\Projects\Expense Tracker\frontend\node_modules\react-dom\cjs\react-dom-client.development.js:874:13)
    at commitHookEffectListMount (C:\Users\krazy\Projects\Expense Tracker\frontend\node_modules\react-dom\cjs\react-dom-client.development.js:13249:29)
    at commitHookPassiveMountEffects (C:\Users\krazy\Projects\Expense Tracker\frontend\node_modules\react-dom\cjs\react-dom-client.development.js:13336:11)

stderr | src/components/ExpenseForm.test.jsx > ExpenseForm - Initial State Logic > should expand People section when editing medical expense with people assigned
[2026-02-09T00:59:00.378Z] [ERROR] [InvoiceApi] Failed to fetch invoices for expense: TypeError: __vite_ssr_import_0__.API_ENDPOINTS.INVOICES_FOR_EXPENSE is not a function
    at getInvoicesForExpense (C:/Users/krazy/Projects/Expense Tracker/frontend/src/services/invoiceApi.js:93:57)
    at C:/Users/krazy/Projects/Expense Tracker/frontend/src/hooks/useInvoiceManagement.js:62:53
    at C:/Users/krazy/Projects/Expense Tracker/frontend/src/hooks/useInvoiceManagement.js:42:20
    at C:/Users/krazy/Projects/Expense Tracker/frontend/src/hooks/useInvoiceManagement.js:60:26
    at fetchInvoiceData (C:/Users/krazy/Projects/Expense Tracker/frontend/src/components/ExpenseForm.jsx:288:38)
    at C:/Users/krazy/Projects/Expense Tracker/frontend/src/components/ExpenseForm.jsx:322:5
    at Object.react_stack_bottom_frame (C:\Users\krazy\Projects\Expense Tracker\frontend\node_modules\react-dom\cjs\react-dom-client.development.js:25989:20)
    at runWithFiberInDEV (C:\Users\krazy\Projects\Expense Tracker\frontend\node_modules\react-dom\cjs\react-dom-client.development.js:874:13)
    at commitHookEffectListMount (C:\Users\krazy\Projects\Expense Tracker\frontend\node_modules\react-dom\cjs\react-dom-client.development.js:13249:29)
    at commitHookPassiveMountEffects (C:\Users\krazy\Projects\Expense Tracker\frontend\node_modules\react-dom\cjs\react-dom-client.development.js:13336:11)

stderr | src/components/ExpenseForm.test.jsx > ExpenseForm - Initial State Logic > should expand People section when editing medical expense with people assigned
[2026-02-09T00:59:00.380Z] [ERROR] [useInvoiceManagement] Failed to fetch invoices for expense 1: Error: Unable to load invoices: __vite_ssr_import_0__.API_ENDPOINTS.INVOICES_FOR_EXPENSE is not a function
    at getInvoicesForExpense (C:/Users/krazy/Projects/Expense Tracker/frontend/src/services/invoiceApi.js:107:11)
    at C:/Users/krazy/Projects/Expense Tracker/frontend/src/hooks/useInvoiceManagement.js:62:53
    at C:/Users/krazy/Projects/Expense Tracker/frontend/src/hooks/useInvoiceManagement.js:42:20
    at C:/Users/krazy/Projects/Expense Tracker/frontend/src/hooks/useInvoiceManagement.js:60:26
    at fetchInvoiceData (C:/Users/krazy/Projects/Expense Tracker/frontend/src/components/ExpenseForm.jsx:288:38)
    at C:/Users/krazy/Projects/Expense Tracker/frontend/src/components/ExpenseForm.jsx:322:5
    at Object.react_stack_bottom_frame (C:\Users\krazy\Projects\Expense Tracker\frontend\node_modules\react-dom\cjs\react-dom-client.development.js:25989:20)
    at runWithFiberInDEV (C:\Users\krazy\Projects\Expense Tracker\frontend\node_modules\react-dom\cjs\react-dom-client.development.js:874:13)
    at commitHookEffectListMount (C:\Users\krazy\Projects\Expense Tracker\frontend\node_modules\react-dom\cjs\react-dom-client.development.js:13249:29)
    at commitHookPassiveMountEffects (C:\Users\krazy\Projects\Expense Tracker\frontend\node_modules\react-dom\cjs\react-dom-client.development.js:13336:11)

 [32mΓ£ô[39m src/components/ExpenseForm.test.jsx[2m > [22mExpenseForm - Error Handling and Auto-Expansion[2m > [22mshould handle multiple errors in different sections[32m 110[2mms[22m[39m
 [32mΓ£ô[39m src/components/ExpenseForm.test.jsx[2m > [22mExpenseForm - Initial State Logic[2m > [22mshould render all sections collapsed in create mode[32m 13[2mms[22m[39m
 [32mΓ£ô[39m src/components/ExpenseForm.test.jsx[2m > [22mExpenseForm - Initial State Logic[2m > [22mshould expand Advanced Options section when editing expense with future months[32m 11[2mms[22m[39m
 [32mΓ£ô[39m src/components/ExpenseForm.test.jsx[2m > [22mExpenseForm - Initial State Logic[2m > [22mshould expand Advanced Options section when editing expense with posted date[32m 27[2mms[22m[39m
 [32mΓ£ô[39m src/components/ExpenseForm.test.jsx[2m > [22mExpenseForm - Initial State Logic[2m > [22mshould expand Reimbursement section when editing non-medical expense with original cost[32m 12[2mms[22m[39m
 [32mΓ£ô[39m src/components/ExpenseForm.test.jsx[2m > [22mExpenseForm - Initial State Logic[2m > [22mshould expand Insurance section when editing medical expense with insurance enabled[32m 18[2mms[22m[39m
stderr | src/components/ExpenseForm.test.jsx > ExpenseForm - Initial State Logic > should expand Invoice section when editing tax-deductible expense with invoices
[2026-02-09T00:59:00.395Z] [ERROR] [InvoiceApi] Failed to fetch invoices for expense: TypeError: __vite_ssr_import_0__.API_ENDPOINTS.INVOICES_FOR_EXPENSE is not a function
    at getInvoicesForExpense (C:/Users/krazy/Projects/Expense Tracker/frontend/src/services/invoiceApi.js:93:57)
    at C:/Users/krazy/Projects/Expense Tracker/frontend/src/hooks/useInvoiceManagement.js:62:53
    at C:/Users/krazy/Projects/Expense Tracker/frontend/src/hooks/useInvoiceManagement.js:42:20
    at C:/Users/krazy/Projects/Expense Tracker/frontend/src/hooks/useInvoiceManagement.js:60:26
    at fetchInvoiceData (C:/Users/krazy/Projects/Expense Tracker/frontend/src/components/ExpenseForm.jsx:288:38)
    at C:/Users/krazy/Projects/Expense Tracker/frontend/src/components/ExpenseForm.jsx:322:5
    at Object.react_stack_bottom_frame (C:\Users\krazy\Projects\Expense Tracker\frontend\node_modules\react-dom\cjs\react-dom-client.development.js:25989:20)
    at runWithFiberInDEV (C:\Users\krazy\Projects\Expense Tracker\frontend\node_modules\react-dom\cjs\react-dom-client.development.js:874:13)
    at commitHookEffectListMount (C:\Users\krazy\Projects\Expense Tracker\frontend\node_modules\react-dom\cjs\react-dom-client.development.js:13249:29)
    at commitHookPassiveMountEffects (C:\Users\krazy\Projects\Expense Tracker\frontend\node_modules\react-dom\cjs\react-dom-client.development.js:13336:11)

stderr | src/components/ExpenseForm.test.jsx > ExpenseForm - Initial State Logic > should expand Invoice section when editing tax-deductible expense with invoices
[2026-02-09T00:59:00.397Z] [ERROR] [useInvoiceManagement] Failed to fetch invoices for expense 1: Error: Unable to load invoices: __vite_ssr_import_0__.API_ENDPOINTS.INVOICES_FOR_EXPENSE is not a function
    at getInvoicesForExpense (C:/Users/krazy/Projects/Expense Tracker/frontend/src/services/invoiceApi.js:107:11)
    at C:/Users/krazy/Projects/Expense Tracker/frontend/src/hooks/useInvoiceManagement.js:62:53
    at C:/Users/krazy/Projects/Expense Tracker/frontend/src/hooks/useInvoiceManagement.js:42:20
    at C:/Users/krazy/Projects/Expense Tracker/frontend/src/hooks/useInvoiceManagement.js:60:26
    at fetchInvoiceData (C:/Users/krazy/Projects/Expense Tracker/frontend/src/components/ExpenseForm.jsx:288:38)
    at C:/Users/krazy/Projects/Expense Tracker/frontend/src/components/ExpenseForm.jsx:322:5
    at Object.react_stack_bottom_frame (C:\Users\krazy\Projects\Expense Tracker\frontend\node_modules\react-dom\cjs\react-dom-client.development.js:25989:20)
    at runWithFiberInDEV (C:\Users\krazy\Projects\Expense Tracker\frontend\node_modules\react-dom\cjs\react-dom-client.development.js:874:13)
    at commitHookEffectListMount (C:\Users\krazy\Projects\Expense Tracker\frontend\node_modules\react-dom\cjs\react-dom-client.development.js:13249:29)
    at commitHookPassiveMountEffects (C:\Users\krazy\Projects\Expense Tracker\frontend\node_modules\react-dom\cjs\react-dom-client.development.js:13336:11)

 [32mΓ£ô[39m src/components/ExpenseForm.test.jsx[2m > [22mExpenseForm - Initial State Logic[2m > [22mshould expand People section when editing medical expense with people assigned[32m 16[2mms[22m[39m
 [32mΓ£ô[39m src/components/ExpenseForm.test.jsx[2m > [22mExpenseForm - Initial State Logic[2m > [22mshould expand Invoice section when editing tax-deductible expense with invoices[32m 15[2mms[22m[39m
 [32mΓ£ô[39m src/components/ExpenseForm.test.jsx[2m > [22mExpenseForm - Initial State Logic[2m > [22mshould use sessionStorage state when available, overriding default expansion logic[32m 10[2mms[22m[39m
 [32mΓ£ô[39m src/components/ExpenseForm.test.jsx[2m > [22mExpenseForm - Initial State Logic[2m > [22mshould collapse sections without data in edit mode[32m 13[2mms[22m[39m
 [32mΓ£ô[39m src/components/ExpenseForm.test.jsx[2m > [22mExpenseForm - Data Preservation During Collapse[2m > [22mshould preserve posted date data when Advanced Options section is collapsed[32m 99[2mms[22m[39m
 [31m├ù[39m src/components/ExpenseForm.test.jsx[2m > [22mExpenseForm - Data Preservation During Collapse[2m > [22mshould preserve generic original cost when Reimbursement section is collapsed and re-expanded[33m 1067[2mms[22m[39m
[31m   ΓåÆ Found multiple elements with the text: /Reimbursed:/i

Here are the matching elements:

Ignored nodes: comments, script, style
[36m<span[31m
  [33mclass[31m=[32m"collapsible-badge"[31m
[36m>[31m
  [0mReimbursed: 25.00[0m
[36m</span>[31m

Ignored nodes: comments, script, style
[36m<span[31m
  [33mclass[31m=[32m"preview-label"[31m
[36m>[31m
  [0mReimbursed:[0m
[36m</span>[31m

(If this is intentional, then use the `*AllBy*` variant of the query (like `queryAllByText`, `getAllByText`, or `findAllByText`)).

Ignored nodes: comments, script, style
[36m<body>[31m
  [36m<div>[31m
    [36m<div[31m
      [33mclass[31m=[32m"expense-form-container"[31m
    [36m>[31m
      [36m<h2>[31m
        [0mAdd New Expense[0m
      [36m</h2>[31m
      [36m<form[31m
        [33mclass[31m=[32m"expense-form"[31m
      [36m>[31m
        [36m<div[31m
          [33mclass[31m=[32m"form-row"[31m
        [36m>[31m
          [36m<div[31m
            [33mclass[31m=[32m"form-group"[31m
          [36m>[31m
            [36m<label[31m
              [33mfor[31m=[32m"date"[31m
            [36m>[31m
              [0mDate *[0m
            [36m</label>[31m
            [36m<input[31m
              [33mid[31m=[32m"date"[31m
              [33mname[31m=[32m"date"[31m
              [33mrequired[31m=[32m""[31m
              [33mtype[31m=[32m"date"[31m
              [33mvalue[31m=[32m"2024-06-15"[31m
            [36m/>[31m
          [36m</div>[31m
          [36m<div[31m
            [33mclass[31m=[32m"form-group autocomplete-wrapper"[31m
          [36m>[31m
            [36m<label[31m
              [33mfor[31m=[32m"place"[31m
            [36m>[31m
              [0mPlace[0m
            [36m</label>[31m
            [36m<input[31m
              [33mautocomplete[31m=[32m"off"[31m
              [33mid[31m=[32m"place"[31m
              [33mmaxlength[31m=[32m"200"[31m
              [33mname[31m=[32m"place"[31m
              [33mplaceholder[31m=[32m"Where was this expense?"[31m
              [33mtype[31m=[32m"text"[31m
              [33mvalue[31m=[32m"Test Place"[31m
            [36m/>[31m
          [36m</div>[31m
        [36m</div>[31m
        [36m<div[31m
          [33mclass[31m=[32m"form-row"[31m
        [36m>[31m
          [36m<div[31m
            [33mclass[31m=[32m"form-group"[31m
          [36m>[31m
            [36m<label[31m
              [33mfor[31m=[32m"type"[31m
            [36m>[31m
              [0mType *[0m
            [36m</label>[31m
            [36m<select[31m
              [33mclass[31m=[32m""[31m
              [33mid[31m=[32m"type"[31m
              [33mname[31m=[32m"type"[31m
              [33mrequired[31m=[32m""[31m
            [36m>[31m
              [36m<option[31m
                [33mvalue[31m=[32m"Other"[31m
              [36m>[31m
                [0mOther[0m
              [36m</option>[31m
              [36m<option[31m
                [33mvalue[31m=[32m"Groceries"[31m
              [36m>[31m
                [0mGroceries[0m
              [36m</option>[31m
              [36m<option[31m
                [33mvalue[31m=[32m"Gas"[31m
              [36m>[31m
                [0mGas[0m
              [36m</option>[31m
              [36m<option[31m
                [33mvalue[31m=[32m"Dining Out"[31m
              [36m>[31m
                [0mDining Out[0m
              [36m</option>[31m
              [36m<option[31m
                [33mvalue[31m=[32m"Tax - Medical"[31m
              [36m>[31m
                [0mTax - Medical[0m
              [36m</option>[31m
              [36m<option[31m
                [33mvalue[31m=[32m"Tax - Donation"[31m
              [36m>[31m
                [0mTax - Donation[0m
              [36m</option>[31m
            [36m</select>[31m
          [36m</div>[31m
          [36m<div[31m
            [33mclass[31m=[32m"form-group"[31m
          [36m>[31m
            [36m<label[31m
              [33mfor[31m=[32m"amount"[31m
            [36m>[31m
              [0mAmount *[0m
            [36m</label>[31m
            [36m<input[31m
              [33mid[31m=[32m"amount"[31m
              [33mmin[31m=[32m"0.01"[31m
              [33mname[31m=[32m"amount"[31m
              [33mplaceholder[31m=[32m"0.00"[31m
              [33mrequired[31m=[32m""[31m
              [33mstep[31m=[32m"0.01"[31m
              [33mtype[31m=[32m"number"[31m
              [33mvalue[31m=[32m"75"[31m
            [36m/>[31m
          [36m</div>[31m
        [36m</div>[31m
        [36m<div[31m
          [33mclass[31m=[32m"form-group"[31m
        [36m>[31m
          [36m<label[31m
            [33mfor[31m=[32m"payment_method_id"[31m
          [36m>[31m
            [0mPayment Method *[0m
          [36m</label>[31m
          [36m<select[31m
            [33mid[31m=[32m"payment_method_id"[31m
            [33mname[31m=[32m"payment_method_id"[31m
            [33mrequired[31m=[32m""[31m
          [36m>[31m
            [36m<option[31m
              [33mvalue[31m=[32m""[31m
            [36m>[31m
              [0mSelect payment method...[0m
            [36m</option>[31m
            [36m<optgroup[31m
              [33mlabel[31m=[32m"Cash"[31m
            [36m>[31m
              [36m<option[31m
                [33mvalue[31m=[32m"1"[31m
              [36m>[31m
                [0mCash[0m
              [36m</option>[31m
            [36m</optgroup>[31m
            [36m<optgroup[31m
              [33mlabel[31m=[32m"Debit"[31m
            [36m>[31m
              [36m<option[31m
                [33mvalue[31m=[32m"2"[31m
              [36m>[31m
                [0mDebit[0m
              [36m</option>[31m
            [36m</optgroup>[31m
            [36m<optgroup[31m
              [33mlabel[31m=[32m"Credit Card"[31m
            [36m>[31m
              [36m<option[31m
                [33mvalue[31m=[32m"3"[31m
              [36m>[31m
                [0mVISA[0m
              [36m</option>[31m
            [36m</optgroup>[31m
          [36m</select>[31m
        [36m</div>[31m
        [36m<div[31m
          [33mclass[31m=[32m"collapsible-section "[31m
        [36m>[31m
          [36m<div[31m
            [33maria-controls[31m=[32m"collapsible-content-reimbursement"[31m
            [33maria-expanded[31m=[32m"true"[31m
            [33mclass[31m=[32m"collapsible-header"[31m
            [33mid[31m=[32m"collapsible-header-reimbursement"[31m
            [33mrole[31m=[32m"button"[31m
            [33mtabindex[31m=[32m"0"[31m
          [36m>[31m
            [36m<div[31m
              [33mclass[31m=[32m"collapsible-header-left"[31m
            [36m>[31m
              [36m<span[31m
                [33mclass[31m=[32m"collapsible-icon expanded"[31m
              [36m>[31m
                [0mΓû╝[0m
              [36m</span>[31m
              [36m<span[31m
                [33mclass[31m=[32m"collapsible-title"[31m
              [36m>[31m
                [0mReimbursement[0m
              [36m</span>[31m
              [36m<span[31m
                [33mclass[31m=[32m"collapsible-badge"[31m
              [36m>[31m
                [0mReimbursed: 25.00[0m
              [36m</span>[31m
            [36m</div>[31m
          [36m</div>[31m
          [36m<div[31m
            [33maria-labelledby[31m=[32m"collapsible-header-reimbursement"[31m
            [33mclass[31m=[32m"collapsible-content"[31m
            [33mid[31m=[32m"collapsible-content-reimbursement"[31m
            [33mrole[31m=[32m"region"[31m
          [36m>[31m
            [36m<div[31m
              [33mclass[31m=[32m"form-group reimbursement-section"[31m
            [36m>[31m
              [36m<label[31m
                [33mfor[31m=[32m"genericOriginalCost"[31m
              [36m>[31m
                [0mOriginal Cost $ (optional)[0m
                [36m<span[31m
                  [33mclass[31m=[32m"help-tooltip-wrapper"[31m
                [36m>[31m
                  [36m<span[31m
                    [33maria-label[31m=[32m"Help information"[31m
                    [33mclass[31m=[32m"help-tooltip-icon"[31m
                    [33mrole[31m=[32m"button"[31m
                    [33mtabindex[31m=[32m"0"[31m
                  [36m>[31m
                    [0mΓôÿ[0m
                  [36m</span>[31m
                [36m</span>[31m
              [36m</label>[31m
              [36m<div[31m
                [33mclass[31m=[32m"reimbursement-input-wrapper"[31m
              [36m>[31m
                [36m<input[31m
                  [33mclass[31m=[32m""[31m
                  [33mid[31m=[32m"genericOriginalCost"[31m
                  [33mmin[31m=[32m"0"[31m
                  [33mname[31m=[32m"genericOriginalCost"[31m
                  [33mplaceholder[31m=[32m"0.00"[31m
                  [33mstep[31m=[32m"0.01"[31m
                  [33mtype[31m=[32m"number"[31m
                  [33mvalue[31m=[32m"100"[31m
                [36m/>[31m
                [36m<button[31m
                  [33maria-label[31m=[32m"Clear original cost"[31m
                  [33mclass[31m=[32m"clear-reimbursement-btn"[31m
                  [33mtitle[31m=[32m"Clear original cost"[31m
                  [33mtype[31m=[32m"button"[31m
                [36m>[31m
                  [0mΓ£ò[0m
                [36m</button>[31m
              [36m</div>[31m
              [36m<small[31m
                [33mclass[31m=[32m"form-hint"[31m
              [36m>[31m
                [0mIf you were reimbursed, enter the full amount charged here. Amount above is what you paid out-of-pocket.[0m
              [36m</small>[31m
              [36m<div[31m
                [33mclass[31m=[32m"reimbursement-preview"[31m
              [36m>[31m
                [36m<div[31m
                  [33mclass[31m=[32m"reimbursement-preview-item"[31m
                [36m>[31m
                  [36m<span[31m
                    [33mclass[31m=[32m"preview-label"[31m
                  [36m>[31m
                    [0mCharged:[0m
                  [36m</span>[31m
                  [36m<span[31m
                    [33mclass[31m=[32m"preview-value"[31m
                  [36m>[31m
                    [0m$[0m
                    [0m100.00[0m
                  [36m</span>[31m
                [36m</div>[31m
                [36m<div[31m
                  [33mclass[31m=[32m"reimbursement-preview-item"[31m
                [36m>[31m
                  [36m<span[31m
                    [33mclass[31m=[32m"preview-label"[31m
                  [36m>[31m
                    [0mReimbursed:[0m
                  [36m</span>[31m
                  [36m<span[31m
                    [33mclass[31m=[32m"preview-value reimbursed"[31m
                  [36m>[31m
                    [0m$[0m
                    [0m25.00[0m
                  [36m</span>[31m
                [36m</div>[31m
                [36m<div[31m
                  [33mclass[31m=[32m"reimbursement-preview-item"[31m
                [36m>[31m
                  [36m<span[31m
                    [33mclass[31m=[32m"preview-label"[31m
                  [36m>[31m
                    [0mNet (out-of-pocket):[0m
                  [36m</span>[31m
                  [36m<span[31m
                    [33mclass[31m=[32m"preview-value net"[31m
                  [36m>[31m
                    [0m$[0m
                    [0m75.00[0m
                  [36m</span>[31m
                [36m</div>[31m
              [36m</div>[31m
            [36m</div>[31m
          [36m</div>[31m
        [36m</div>[31m
        [36m<div[31m
          [33mclass[31m=[32m"collapsible-section "[31m
        [36m>[31m
          [36m<div[31m
            [33maria-controls[31m=[32m"collapsible-content-advanced-options"[31m
            [33maria-expanded[31m=[32m"false"[31m
            [33mclass[31m=[32m"collapsible-header"[31m
            [33mid[31m=[32m"collapsible-header-advanced-options"[31m
            [33mrole[31m=[32m"button"[31m
            [33mtabindex[31m=[32m"0"[31m
          [36m>[31m
            [36m<div[31m
              [33mclass[31m=[32m"collapsible-header-left"[31m
            [36m>[31m
              [36m<span[31m
                [33mclass[31m=[32m"collapsible-icon collapsed"[31m
              [36m>[31m
                [0mΓû╢[0m
              [36m</span>[31m
              [36m<span[31m
                [33mclass[31m=[32m"collapsible-title"[31m
              [36m>[31m
                [0mAdvanced Options[0m
              [36m</span>[31m
            [36m</div>[31m
          [36m</div>[31m
        [36m</div>[31m
        [36m<div[31m
          [33mclass[31m=[32m"form-group"[31m
        [36m>[31m
          [36m<label[31m
            [33mfor[31m=[32m"notes"[31m
          [36m>[31m
            [0mNotes[0m
          [36m</label>[31m
          [36m<textarea[31m
            [33mid[31m=[32m"notes"[31m
            [33mmaxlength[31m=[32m"200"[31m
            [33mname[31m=[32m"notes"[31m
            [33mplaceholder[31m=[32m"Additional notes..."[31m
            [33mrows[31m=[32m"3"[31m
          [36m/>[31m
        [36m</div>[31m
        [36m<button[31m
          [33mclass[31m=[32m"submit-button"[31m
          [33mtype[31m=[32m"submit"[31m
        [36m>[31m
          [0mAdd Expense[0m
        [36m</button>[31m
      [36m</form>[31m
    [36m</div>[31m
  [36m</div>[31m
[36m</body>[31m

Ignored nodes: comments, script, style
[36m<html>[31m
  [36m<head />[31m
  [36m<body>[31m
    [36m<div>[31m
      [36m<div[31m
        [33mclass[31m=[32m"expense-form-container"[31m
      [36m>[31m
        [36m<h2>[31m
          [0mAdd New Expense[0m
        [36m</h2>[31m
        [36m<form[31m
          [33mclass[31m=[32m"expense-form"[31m
        [36m>[31m
          [36m<div[31m
            [33mclass[31m=[32m"form-row"[31m
          [36m>[31m
            [36m<div[31m
              [33mclass[31m=[32m"form-group"[31m
            [36m>[31m
              [36m<label[31m
                [33mfor[31m=[32m"date"[31m
              [36m>[31m
                [0mDate *[0m
              [36m</label>[31m
              [36m<input[31m
                [33mid[31m=[32m"date"[31m
                [33mname[31m=[32m"date"[31m
                [33mrequired[31m=[32m""[31m
                [33mtype[31m=[32m"date"[31m
                [33mvalue[31m=[32m"2024-06-15"[31m
              [36m/>[31m
            [36m</div>[31m
            [36m<div[31m
              [33mclass[31m=[32m"form-group autocomplete-wrapper"[31m
            [36m>[31m
              [36m<label[31m
                [33mfor[31m=[32m"place"[31m
              [36m>[31m
                [0mPlace[0m
              [36m</label>[31m
              [36m<input[31m
                [33mautocomplete[31m=[32m"off"[31m
                [33mid[31m=[32m"place"[31m
                [33mmaxlength[31m=[32m"200"[31m
                [33mname[31m=[32m"place"[31m
                [33mplaceholder[31m=[32m"Where was this expense?"[31m
                [33mtype[31m=[32m"text"[31m
                [33mvalue[31m=[32m"Test Place"[31m
              [36m/>[31m
            [36m</div>[31m
          [36m</div>[31m
          [36m<div[31m
            [33mclass[31m=[32m"form-row"[31m
          [36m>[31m
            [36m<div[31m
              [33mclass[31m=[32m"form-group"[31m
            [36m>[31m
              [36m<label[31m
                [33mfor[31m=[32m"type"[31m
              [36m>[31m
                [0mType *[0m
              [36m</label>[31m
              [36m<select[31m
                [33mclass[31m=[32m""[31m
                [33mid[31m=[32m"type"[31m
                [33mname[31m=[32m"type"[31m
                [33mrequired[31m=[32m""[31m
              [36m>[31m
                [36m<option[31m
                  [33mvalue[31m=[32m"Other"[31m
                [36m>[31m
                  [0mOther[0m
                [36m</option>[31m
                [36m<option[31m
                  [33mvalue[31m=[32m"Groceries"[31m
                [36m>[31m
                  [0mGroceries[0m
                [36m</option>[31m
                [36m<option[31m
                  [33mvalue[31m=[32m"Gas"[31m
                [36m>[31m
                  [0mGas[0m
                [36m</option>[31m
                [36m<option[31m
                  [33mvalue[31m=[32m"Dining Out"[31m
                [36m>[31m
                  [0mDining Out[0m
                [36m</option>[31m
                [36m<option[31m
                  [33mvalue[31m=[32m"Tax - Medical"[31m
                [36m>[31m
                  [0mTax - Medical[0m
                [36m</option>[31m
                [36m<option[31m
                  [33mvalue[31m=[32m"Tax - Donation"[31m
                [36m>[31m
                  [0mTax - Donation[0m
                [36m</option>[31m
              [36m</select>[31m
            [36m</div>[31m
            [36m<div[31m
              [33mclass[31m=[32m"form-group"[31m
            [36m>[31m
              [36m<label[31m
                [33mfor[31m=[32m"amount"[31m
              [36m>[31m
                [0mAmount *[0m
              [36m</label>[31m
              [36m<input[31m
                [33mid[31m=[32m"amount"[31m
                [33mmin[31m=[32m"0.01"[31m
                [33mname[31m=[32m"amount"[31m
                [33mplaceholder[31m=[32m"0.00"[31m
                [33mrequired[31m=[32m""[31m
                [33mstep[31m=[32m"0.01"[31m
                [33mtype[31m=[32m"number"[31m
                [33mvalue[31m=[32m"75"[31m
              [36m/>[31m
            [36m</div>[31m
          [36m</div>[31m
          [36m<div[31m
            [33mclass[31m=[32m"form-group"[31m
          [36m>[31m
            [36m<label[31m
              [33mfor[31m=[32m"payment_method_id"[31m
            [36m>[31m
              [0mPayment Method *[0m
            [36m</label>[31m
            [36m<select[31m
              [33mid[31m=[32m"payment_method_id"[31m
              [33mname[31m=[32m"payment_method_id"[31m
              [33mrequired[31m=[32m""[31m
            [36m>[31m
              [36m<option[31m
                [33mvalue[31m=[32m""[31m
              [36m>[31m
                [0mSelect payment method...[0m
              [36m</option>[31m
              [36m<optgroup[31m
                [33mlabel[31m=[32m"Cash"[31m
              [36m>[31m
                [36m<option[31m
                  [33mvalue[31m=[32m"1"[31m
                [36m>[31m
                  [0mCash[0m
                [36m</option>[31m
              [36m</optgroup>[31m
              [36m<optgroup[31m
                [33mlabel[31m=[32m"Debit"[31m
              [36m>[31m
                [36m<option[31m
                  [33mvalue[31m=[32m"2"[31m
                [36m>[31m
                  [0mDebit[0m
                [36m</option>[31m
              [36m</optgroup>[31m
              [36m<optgroup[31m
                [33mlabel[31m=[32m"Credit Card"[31m
              [36m>[31m
                [36m<option[31m
                  [33mvalue[31m=[32m"3"[31m
                [36m>[31m
                  [0mVISA[0m
                [36m</option>[31m
              [36m</optgroup>[31m
            [36m</select>[31m
          [36m</div>[31m
          [36m<div[31m
            [33mclass[31m=[32m"collapsible-section "[31m
          [36m>[31m
            [36m<div[31m
              [33maria-controls[31m=[32m"collapsible-content-reimbursement"[31m
              [33maria-expanded[31m=[32m"true"[31m
              [33mclass[31m=[32m"collapsible-header"[31m
              [33mid[31m=[32m"collapsible-header-reimbursement"[31m
              [33mrole[31m=[32m"button"[31m
              [33mtabindex[31m=[32m"0"[31m
            [36m>[31m
              [36m<div[31m
                [33mclass[31m=[32m"collapsible-header-left"[31m
              [36m>[31m
                [36m<span[31m
                  [33mclass[31m=[32m"collapsible-icon expanded"[31m
                [36m>[31m
                  [0mΓû╝[0m
                [36m</span>[31m
                [36m<span[31m
                  [33mclass[31m=[32m"collapsible-title"[31m
                [36m>[31m
                  [0mReimbursement[0m
                [36m</span>[31m
                [36m<span[31m
                  [33mclass[31m=[32m"collapsible-badge"[31m
                [36m>[31m
                  [0mReimbursed: 25.00[0m
                [36m</span>[31m
              [36m</div>[31m
            [36m</div>[31m
            [36m<div[31m
              [33maria-labelledby[31m=[32m"collapsible-header-reimbursement"[31m
              [33mclass[31m=[32m"collapsible-content"[31m
              [33mid[31m=[32m"collapsible-content-reimbursement"[31m
              [33mrole[31m=[32m"region"[31m
            [36m>[31m
              [36m<div[31m
                [33mclass[31m=[32m"form-group reimbursement-section"[31m
              [36m>[31m
                [36m<label[31m
                  [33mfor[31m=[32m"genericOriginalCost"[31m
                [36m>[31m
                  [0mOriginal Cost $ (optional)[0m
                  [36m<span[31m
                    [33mclass[31m=[32m"help-tooltip-wrapper"[31m
                  [36m>[31m
                    [36m<span[31m
                      [33maria-label[31m=[32m"Help information"[31m
                      [33mclass[31m=[32m"help-tooltip-icon"[31m
                      [33mrole[31m=[32m"button"[31m
                      [33mtabindex[31m=[32m"0"[31m
                    [36m>[31m
                      [0mΓôÿ[0m
                    [36m</span>[31m
                  [36m</span>[31m
                [36m</label>[31m
                [36m<div[31m
                  [33mclass[31m=[32m"reimbursement-input-wrapper"[31m
                [36m>[31m
                  [36m<input[31m
                    [33mclass[31m=[32m""[31m
                    [33mid[31m=[32m"genericOriginalCost"[31m
                    [33mmin[31m=[32m"0"[31m
                    [33mname[31m=[32m"genericOriginalCost"[31m
                    [33mplaceholder[31m=[32m"0.00"[31m
                    [33mstep[31m=[32m"0.01"[31m
                    [33mtype[31m=[32m"number"[31m
                    [33mvalue[31m=[32m"100"[31m
                  [36m/>[31m
                  [36m<button[31m
                    [33maria-label[31m=[32m"Clear original cost"[31m
                    [33mclass[31m=[32m"clear-reimbursement-btn"[31m
                    [33mtitle[31m=[32m"Clear original cost"[31m
                    [33mtype[31m=[32m"button"[31m
                  [36m>[31m
                    [0mΓ£ò[0m
                  [36m</button>[31m
                [36m</div>[31m
                [36m<small[31m
                  [33mclass[31m=[32m"form-hint"[31m
                [36m>[31m
                  [0mIf you were reimbursed, enter the full amount charged here. Amount above is what you paid out-of-pocket.[0m
                [36m</small>[31m
                [36m<div[31m
                  [33mclass[31m=[32m"reimbursement-preview"[31m
                [36m>[31m
                  [36m<div[31m
                    [33mclass[31m=[32m"reimbursement-preview-item"[31m
                  [36m>[31m
                    [36m<span[31m
                      [33mclass[31m=[32m"preview-label"[31m
                    [36m>[31m
                      [0mCharged:[0m
                    [36m</span>[31m
                    [36m<span[31m
                      [33mclass[31m=[32m"preview-value"[31m
                    [36m>[31m
                      [0m$[0m
                      [0m100.00[0m
                    [36m</span>[31m
                  [36m</div>[31m
                  [36m<div[31m
                    [33mclass[31m=[32m"reimbursement-preview-item"[31m
                  [36m>[31m
                    [36m<span[31m
                      [33mclass[31m=[32m"preview-label"[31m
                    [36m>[31m
                      [0mReimbursed:[0m
                    [36m</span>[31m
                    [36m<span[31m
                      [33mclass[31m=[32m"preview-value reimbursed"[31m
                    [36m>[31m
                      [0m$[0m
                      [0m25.00[0m
                    [36m</span>[31m
                  [36m</div>[31m
                  [36m<div[31m
                    [33mclass[31m=[32m"reimbursement-preview-item"[31m
                  [36m>[31m
                    [36m<span[31m
                      [33mclass[31m=[32m"preview-label"[31m
                    [36m>[31m
                      [0mNet (out-of-pocket):[0m
                    [36m</span>[31m
                    [36m<span[31m
                      [33mclass[31m=[32m"preview-value net"[31m
                    [36m>[31m
                      [0m$[0m
                      [0m75.00[0m
                    [36m</span>[31m
                  [36m</div>[31m
                [36m</div>[31m
              [36m</div>[31m
            [36m</div>[31m
          [36m</div>[31m
          [36m<div[31m
            [33mclass[31m=[32m"collapsible-section "[31m
          [36m>[31m
            [36m<div[31m
              [33maria-controls[31m=[32m"collapsible-content-advanced-options"[31m
              [33maria-expanded[31m=[32m"false"[31m
              [33mclass[31m=[32m"collapsible-header"[31m
              [33mid[31m=[32m"collapsible-header-advanced-options"[31m
              [33mrole[31m=[32m"button"[31m
              [33mtabindex[31m=[32m"0"[31m
            [36m>[31m
              [36m<div[31m
                [33mclass[31m=[32m"collapsible-header-left"[31m
              [36m>[31m
                [36m<span[31m
                  [33mclass[31m=[32m"collapsible-icon collapsed"[31m
                [36m>[31m
                  [0mΓû╢[0m
                [36m</span>[31m
                [36m<span[31m
                  [33mclass[31m=[32m"collapsible-title"[31m
                [36m>[31m
                  [0mAdvanced Options[0m
                [36m</span>[31m
              [36m</div>[31m
            [36m</div>[31m
          [36m</div>[31m
          [36m<div[31m
            [33mclass[31m=[32m"form-group"[31m
          [36m>[31m
            [36m<label[31m
              [33mfor[31m=[32m"notes"[31m
            [36m>[31m
              [0mNotes[0m
            [36m</label>[31m
            [36m<textarea[31m
              [33mid[31m=[32m"notes"[31m
              [33mmaxlength[31m=[32m"200"[31m
              [33mname[31m=[32m"notes"[31m
              [33mplaceholder[31m=[32m"Additional notes..."[31m
              [33mrows[31m=[32m"3"[31m
            [36m/>[31m
          [36m</div>[31m
          [36m<button[31m
            [33mclass[31m=[32m"submit-button"[31m
            [33mtype[31m=[32m"submit"[31m
          [36m>[31m
            [0mAdd Expense[0m
          [36m</button>[31m
        [36m</form>[31m
      [36m</div>[31m
    [36m</div>[31m
  [36m</body>[31m
[36m</html>[31m[39m
 [32mΓ£ô[39m src/components/ExpenseForm.test.jsx[2m > [22mExpenseForm - Data Preservation During Collapse[2m > [22mshould include data from collapsed sections in form submission[32m 81[2mms[22m[39m
 [31m├ù[39m src/components/ExpenseForm.test.jsx[2m > [22mExpenseForm - Data Preservation During Collapse[2m > [22mshould preserve insurance data when Insurance section is collapsed[33m 1045[2mms[22m[39m
[31m   ΓåÆ [2mexpect([22m[31mreceived[31m[2m).toBeInTheDocument()[22m

[31mreceived[31m value must be an HTMLElement or an SVGElement.
Received has type:  Null
Received has value: [31mnull[31m

Ignored nodes: comments, script, style
[36m<html>[31m
  [36m<head />[31m
  [36m<body>[31m
    [36m<div>[31m
      [36m<div[31m
        [33mclass[31m=[32m"expense-form-container"[31m
      [36m>[31m
        [36m<h2>[31m
          [0mAdd New Expense[0m
        [36m</h2>[31m
        [36m<form[31m
          [33mclass[31m=[32m"expense-form"[31m
        [36m>[31m
          [36m<div[31m
            [33mclass[31m=[32m"form-row"[31m
          [36m>[31m
            [36m<div[31m
              [33mclass[31m=[32m"form-group"[31m
            [36m>[31m
              [36m<label[31m
                [33mfor[31m=[32m"date"[31m
              [36m>[31m
                [0mDate *[0m
              [36m</label>[31m
              [36m<input[31m
                [33mid[31m=[32m"date"[31m
                [33mname[31m=[32m"date"[31m
                [33mrequired[31m=[32m""[31m
                [33mtype[31m=[32m"date"[31m
                [33mvalue[31m=[32m"2024-06-15"[31m
              [36m/>[31m
            [36m</div>[31m
            [36m<div[31m
              [33mclass[31m=[32m"form-group autocomplete-wrapper"[31m
            [36m>[31m
              [36m<label[31m
                [33mfor[31m=[32m"place"[31m
              [36m>[31m
                [0mPlace[0m
              [36m</label>[31m
              [36m<input[31m
                [33mautocomplete[31m=[32m"off"[31m
                [33mid[31m=[32m"place"[31m
                [33mmaxlength[31m=[32m"200"[31m
                [33mname[31m=[32m"place"[31m
                [33mplaceholder[31m=[32m"Where was this expense?"[31m
                [33mtype[31m=[32m"text"[31m
                [33mvalue[31m=[32m"Hospital"[31m
              [36m/>[31m
            [36m</div>[31m
          [36m</div>[31m
          [36m<div[31m
            [33mclass[31m=[32m"form-row"[31m
          [36m>[31m
            [36m<div[31m
              [33mclass[31m=[32m"form-group"[31m
            [36m>[31m
              [36m<label[31m
                [33mfor[31m=[32m"type"[31m
              [36m>[31m
                [0mType *[0m
              [36m</label>[31m
              [36m<select[31m
                [33mclass[31m=[32m""[31m
                [33mid[31m=[32m"type"[31m
                [33mname[31m=[32m"type"[31m
                [33mrequired[31m=[32m""[31m
              [36m>[31m
                [36m<option[31m
                  [33mvalue[31m=[32m"Other"[31m
                [36m>[31m
                  [0mOther[0m
                [36m</option>[31m
                [36m<option[31m
                  [33mvalue[31m=[32m"Groceries"[31m
                [36m>[31m
                  [0mGroceries[0m
                [36m</option>[31m
                [36m<option[31m
                  [33mvalue[31m=[32m"Gas"[31m
                [36m>[31m
                  [0mGas[0m
                [36m</option>[31m
                [36m<option[31m
                  [33mvalue[31m=[32m"Dining Out"[31m
                [36m>[31m
                  [0mDining Out[0m
                [36m</option>[31m
                [36m<option[31m
                  [33mvalue[31m=[32m"Tax - Medical"[31m
                [36m>[31m
                  [0mTax - Medical[0m
                [36m</option>[31m
                [36m<option[31m
                  [33mvalue[31m=[32m"Tax - Donation"[31m
                [36m>[31m
                  [0mTax - Donation[0m
                [36m</option>[31m
              [36m</select>[31m
            [36m</div>[31m
            [36m<div[31m
              [33mclass[31m=[32m"form-group"[31m
            [36m>[31m
              [36m<label[31m
                [33mfor[31m=[32m"amount"[31m
              [36m>[31m
                [0mAmount *[0m
              [36m</label>[31m
              [36m<input[31m
                [33mid[31m=[32m"amount"[31m
                [33mmin[31m=[32m"0.01"[31m
                [33mname[31m=[32m"amount"[31m
                [33mplaceholder[31m=[32m"0.00"[31m
                [33mrequired[31m=[32m""[31m
                [33mstep[31m=[32m"0.01"[31m
                [33mtype[31m=[32m"number"[31m
                [33mvalue[31m=[32m"200"[31m
              [36m/>[31m
            [36m</div>[31m
          [36m</div>[31m
          [36m<div[31m
            [33mclass[31m=[32m"form-group"[31m
          [36m>[31m
            [36m<label[31m
              [33mfor[31m=[32m"payment_method_id"[31m
            [36m>[31m
              [0mPayment Method *[0m
            [36m</label>[31m
            [36m<select[31m
              [33mid[31m=[32m"payment_method_id"[31m
              [33mname[31m=[32m"payment_method_id"[31m
              [33mrequired[31m=[32m""[31m
            [36m>[31m
              [36m<option[31m
                [33mvalue[31m=[32m""[31m
              [36m>[31m
                [0mSelect payment method...[0m
              [36m</option>[31m
              [36m<optgroup[31m
                [33mlabel[31m=[32m"Cash"[31m
              [36m>[31m
                [36m<option[31m
                  [33mvalue[31m=[32m"1"[31m
                [36m>[31m
                  [0mCash[0m
                [36m</option>[31m
              [36m</optgroup>[31m
              [36m<optgroup[31m
                [33mlabel[31m=[32m"Debit"[31m
              [36m>[31m
                [36m<option[31m
                  [33mvalue[31m=[32m"2"[31m
                [36m>[31m
                  [0mDebit[0m
                [36m</option>[31m
              [36m</optgroup>[31m
              [36m<optgroup[31m
                [33mlabel[31m=[32m"Credit Card"[31m
              [36m>[31m
                [36m<option[31m
                  [33mvalue[31m=[32m"3"[31m
                [36m>[31m
                  [0mVISA[0m
                [36m</option>[31m
              [36m</optgroup>[31m
            [36m</select>[31m
          [36m</div>[31m
          [36m<div[31m
            [33mclass[31m=[32m"collapsible-section "[31m
          [36m>[31m
            [36m<div[31m
              [33maria-controls[31m=[32m"collapsible-content-people-assignment"[31m
              [33maria-expanded[31m=[32m"false"[31m
              [33mclass[31m=[32m"collapsible-header"[31m
              [33mid[31m=[32m"collapsible-header-people-assignment"[31m
              [33mrole[31m=[32m"button"[31m
              [33mtabindex[31m=[32m"0"[31m
            [36m>[31m
              [36m<div[31m
                [33mclass[31m=[32m"collapsible-header-left"[31m
              [36m>[31m
                [36m<span[31m
                  [33mclass[31m=[32m"collapsible-icon collapsed"[31m
                [36m>[31m
                  [0mΓû╢[0m
                [36m</span>[31m
                [36m<span[31m
                  [33mclass[31m=[32m"collapsible-title"[31m
                [36m>[31m
                  [0mPeople Assignment[0m
                [36m</span>[31m
              [36m</div>[31m
            [36m</div>[31m
          [36m</div>[31m
          [36m<div[31m
            [33mclass[31m=[32m"collapsible-section "[31m
          [36m>[31m
            [36m<div[31m
              [33maria-controls[31m=[32m"collapsible-content-insurance-tracking"[31m
              [33maria-expanded[31m=[32m"true"[31m
              [33mclass[31m=[32m"collapsible-header"[31m
              [33mid[31m=[32m"collapsible-header-insurance-tracking"[31m
              [33mrole[31m=[32m"button"[31m
              [33mtabindex[31m=[32m"0"[31m
            [36m>[31m
              [36m<div[31m
                [33mclass[31m=[32m"collapsible-header-left"[31m
              [36m>[31m
                [36m<span[31m
                  [33mclass[31m=[32m"collapsible-icon expanded"[31m
                [36m>[31m
                  [0mΓû╝[0m
                [36m</span>[31m
                [36m<span[31m
                  [33mclass[31m=[32m"collapsible-title"[31m
                [36m>[31m
                  [0mInsurance Tracking[0m
                [36m</span>[31m
                [36m<span[31m
                  [33mclass[31m=[32m"collapsible-badge"[31m
                [36m>[31m
                  [0mClaim: Not Claimed[0m
                [36m</span>[31m
              [36m</div>[31m
            [36m</div>[31m
            [36m<div[31m
              [33maria-labelledby[31m=[32m"collapsible-header-insurance-tracking"[31m
              [33mclass[31m=[32m"collapsible-content"[31m
              [33mid[31m=[32m"collapsible-content-insurance-tracking"[31m
              [33mrole[31m=[32m"region"[31m
            [36m>[31m
              [36m<div[31m
                [33mclass[31m=[32m"insurance-eligibility-row"[31m
              [36m>[31m
                [36m<label[31m
                  [33mclass[31m=[32m"insurance-checkbox"[31m
                [36m>[31m
                  [36m<input[31m
                    [33mtype[31m=[32m"checkbox"[31m
                  [36m/>[31m
                  [36m<span>[31m
                    [0mEligible for Insurance Reimbursement[0m
                  [36m</span>[31m
                  [36m<span[31m
                    [33mclass[31m=[32m"help-tooltip-wrapper"[31m
                  [36m>[31m
                    [36m<span[31m
                      [33maria-label[31m=[32m"Help information"[31m
                      [33mclass[31m=[32m"help-tooltip-icon"[31m
                      [33mrole[31m=[32m"button"[31m
                      [33mtabindex[31m=[32m"0"[31m
                    [36m>[31m
                      [0mΓôÿ[0m
                    [36m</span>[31m
                  [36m</span>[31m
                [36m</label>[31m
              [36m</div>[31m
              [36m<div[31m
                [33mclass[31m=[32m"insurance-details"[31m
              [36m>[31m
                [36m<div[31m
                  [33mclass[31m=[32m"insurance-field-row"[31m
                [36m>[31m
                  [36m<div[31m
                    [33mclass[31m=[32m"insurance-field"[31m
                  [36m>[31m
                    [36m<label[31m
                      [33mfor[31m=[32m"originalCost"[31m
                    [36m>[31m
                      [0mOriginal Cost[0m
                      [36m<span[31m
                        [33mclass[31m=[32m"help-tooltip-wrapper"[31m
                      [36m>[31m
                        [36m<span[31m
                          [33maria-label[31m=[32m"Help information"[31m
                          [33mclass[31m=[32m"help-tooltip-icon"[31m
                          [33mrole[31m=[32m"button"[31m
                          [33mtabindex[31m=[32m"0"[31m
                        [36m>[31m
                          [0mΓôÿ[0m
                        [36m</span>[31m
                      [36m</span>[31m
                    [36m</label>[31m
                    [36m<div[31m
                      [33mclass[31m=[32m"amount-input-wrapper"[31m
                    [36m>[31m
                      [36m<span[31m
                        [33mclass[31m=[32m"currency-symbol"[31m
                      [36m>[31m
                        [0m$[0m
                      [36m</span>[31m
                      [36m<input[31m
                        [33mid[31m=[32m"originalCost"[31m
                        [33mmin[31m=[32m"0.01"[31m
                        [33mplaceholder[31m=[32m"0.00"[31m
                        [33mstep[31m=[32m"0.01"[31m
                        [33mtype[31m=[32m"number"[31m
                        [33mvalue[31m=[32m"200"[31m
                      [36m/>[31m
                    [36m</div>[31m
                  [36m</div>[31m
                  [36m<div[31m
                    [33mclass[31m=[32m"insurance-field"[31m
                  [36m>[31m
                    [36m<label>[31m
                      [0mOut-of-Pocket[0m
                    [36m</label>[31m
                    [36m<div[31m
                      [33mclass[31m=[32m"out-of-pocket-display"[31m
                    [36m>[31m
                      [0m$[0m
                      [0m200.00[0m
                    [36m</div>[31m
                    [36m<small[31m
                      [33mclass[31m=[32m"field-hint"[31m
                    [36m>[31m
                      [0mSet via Amount field above[0m
                    [36m</small>[31m
                  [36m</div>[31m
                [36m</div>[31m
                [36m<div[31m
                  [33mclass[31m=[32m"insurance-field-row"[31m
                [36m>[31m
                  [36m<div[31m
                    [33mclass[31m=[32m"insurance-field"[31m
                  [36m>[31m
                    [36m<label[31m
                      [33mfor[31m=[32m"claimStatus"[31m
                    [36m>[31m
                      [0mClaim Status[0m
                      [36m<span[31m
                        [33mclass[31m=[32m"help-tooltip-wrapper"[31m
                      [36m>[31m
                        [36m<span[31m
                          [33maria-label[31m=[32m"Help information"[31m
                          [33mclass[31m=[32m"help-tooltip-icon"[31m
                          [33mrole[31m=[32m"button"[31m
                          [33mtabindex[31m=[32m"0"[31m
                        [36m>[31m
                          [0mΓôÿ[0m
                        [36m</span>[31m
                      [36m</span>[31m
                    [36m</label>[31m
                    [36m<select[31m
                      [33mclass[31m=[32m"claim-status-select"[31m
                      [33mid[31m=[32m"claimStatus"[31m
                    [36m>[31m
                      [36m<option[31m
                        [33mvalue[31m=[32m"not_claimed"[31m
                      [36m>[31m
                        [0mNot Claimed[0m
                      [36m</option>[31m
                      [36m<option[31m
                        [33mvalue[31m=[32m"in_progress"[31m
                      [36m>[31m
                        [0mIn Progress[0m
                      [36m</option>[31m
                      [36m<option[31m
                        [33mvalue[31m=[32m"paid"[31m
                      [36m>[31m
                        [0mPaid[0m
                      [36m</option>[31m
                      [36m<option[31m
                        [33mvalue[31m=[32m"denied"[31m
                      [36m>[31m
                        [0mDenied[0m
                      [36m</option>[31m
                    [36m</select>[31m
                  [36m</div>[31m
                  [36m<div[31m
                    [33mclass[31m=[32m"insurance-field"[31m
                  [36m>[31m
                    [36m<label>[31m
                      [0mReimbursement[0m
                    [36m</label>[31m
                    [36m<div[31m
                      [33mclass[31m=[32m"reimbursement-display "[31m
                    [36m>[31m
                      [0m$[0m
                      [0m0.00[0m
                    [36m</div>[31m
                    [36m<small[31m
                      [33mclass[31m=[32m"field-hint"[31m
                    [36m>[31m
                      [0mOriginal cost - Out-of-pocket[0m
                    [36m</small>[31m
                  [36m</div>[31m
                [36m</div>[31m
                [36m<div[31m
                  [33mclass[31m=[32m"insurance-status-note"[31m
                [36m>[31m
                  [36m<small>[31m
                    [0m≡ƒÆí Not yet claimed. Submit to insurance to track reimbursement.[0m
                  [36m</small>[31m
                [36m</div>[31m
              [36m</div>[31m
            [36m</div>[31m
          [36m</div>[31m
          [36m<div[31m
            [33mclass[31m=[32m"collapsible-section "[31m
          [36m>[31m
            [36m<div[31m
              [33maria-controls[31m=[32m"collapsible-content-invoice-attachments"[31m
              [33maria-expanded[31m=[32m"false"[31m
              [33mclass[31m=[32m"collapsible-header"[31m
              [33mid[31m=[32m"collapsible-header-invoice-attachments"[31m
              [33mrole[31m=[32m"button"[31m
              [33mtabindex[31m=[32m"0"[31m
            [36m>[31m
              [36m<div[31m
                [33mclass[31m=[32m"collapsible-header-left"[31m
              [36m>[31m
                [36m<span[31m
                  [33mclass[31m=[32m"collapsible-icon collapsed"[31m
                [36m>[31m
                  [0mΓû╢[0m
                [36m</span>[31m
                [36m<span[31m
                  [33mclass[31m=[32m"collapsible-title"[31m
                [36m>[31m
                  [0mInvoice Attachments[0m
                [36m</span>[31m
              [36m</div>[31m
            [36m</div>[31m
          [36m</div>[31m
          [36m<div[31m
            [33mclass[31m=[32m"collapsible-section "[31m
          [36m>[31m
            [36m<div[31m
              [33maria-controls[31m=[32m"collapsible-content-advanced-options"[31m
              [33maria-expanded[31m=[32m"false"[31m
              [33mclass[31m=[32m"collapsible-header"[31m
              [33mid[31m=[32m"collapsible-header-advanced-options"[31m
              [33mrole[31m=[32m"button"[31m
              [33mtabindex[31m=[32m"0"[31m
            [36m>[31m
              [36m<div[31m
                [33mclass[31m=[32m"collapsible-header-left"[31m
              [36m>[31m
                [36m<span[31m
                  [33mclass[31m=[32m"collapsible-icon collapsed"[31m
                [36m>[31m
                  [0mΓû╢[0m
                [36m</span>[31m
                [36m<span[31m
                  [33mclass[31m=[32m"collapsible-title"[31m
                [36m>[31m
                  [0mAdvanced Options[0m
                [36m</span>[31m
              [36m</div>[31m
            [36m</div>[31m
          [36m</div>[31m
          [36m<div[31m
            [33mclass[31m=[32m"form-group"[31m
          [36m>[31m
            [36m<label[31m
              [33mfor[31m=[32m"notes"[31m
            [36m>[31m
              [0mNotes[0m
            [36m</label>[31m
            [36m<textarea[31m
              [33mid[31m=[32m"notes"[31m
              [33mmaxlength[31m=[32m"200"[31m
              [33mname[31m=[32m"notes"[31m
              [33mplaceholder[31m=[32m"Additional notes..."[31m
              [33mrows[31m=[32m"3"[31m
            [36m/>[31m
          [36m</div>[31m
          [36m<button[31m
            [33mclass[31m=[32m"submit-button"[31m
            [33mtype[31m=[32m"submit"[31m
          [36m>[31m
            [0mAdd Expense[0m
          [36m</button>[31m
        [36m</form>[31m
      [36m</div>[31m
    [36m</div>[31m
  [36m</body>[31m
[36m</html>[31m[39m
 [32mΓ£ô[39m src/components/ExpenseForm.test.jsx[2m > [22mExpenseForm - Data Preservation During Collapse[2m > [22mshould preserve data in multiple collapsed sections independently[32m 104[2mms[22m[39m
 [32mΓ£ô[39m src/components/ExpenseForm.test.jsx[2m > [22mExpenseForm - State Reset After Submission[2m > [22mshould reset expansion states to collapsed after successful submission[32m 94[2mms[22m[39m
 [32mΓ£ô[39m src/components/ExpenseForm.test.jsx[2m > [22mExpenseForm - State Reset After Submission[2m > [22mshould update sessionStorage with collapsed states after successful submission[32m 63[2mms[22m[39m
 [32mΓ£ô[39m src/components/ExpenseForm.test.jsx[2m > [22mExpenseForm - State Reset After Submission[2m > [22mshould preserve last used payment method after successful submission[32m 64[2mms[22m[39m

ΓÄ»ΓÄ»ΓÄ»ΓÄ»ΓÄ»ΓÄ» Failed Tests 11 ΓÄ»ΓÄ»ΓÄ»ΓÄ»ΓÄ»ΓÄ»ΓÄ»

 FAIL  src/components/ExpenseForm.test.jsx > ExpenseForm - People Selection Enhancement > should clear people selection when changing away from medical expenses
AssertionError: expected 'false' to be 'true' // Object.is equality

Ignored nodes: comments, script, style
<html>
  <head />
  <body>
    <div>
      <div
        class="expense-form-container"
      >
        <h2>
          Add New Expense
        </h2>
        <form
          class="expense-form"
        >
          <div
            class="form-row"
          >
            <div
              class="form-group"
            >
              <label
                for="date"
              >
                Date *
              </label>
              <input
                id="date"
                name="date"
                required=""
                type="date"
                value="2025-01-15"
              />
            </div>
            <div
              class="form-group autocomplete-wrapper"
            >
              <label
                for="place"
              >
                Place
              </label>
              <input
                autocomplete="off"
                id="place"
                maxlength="200"
                name="place"
                placeholder="Where was this expense?"
                type="text"
                value=""
              />
            </div>
          </div>
          <div
            class="form-row"
          >
            <div
              class="form-group"
            >
              <label
                for="type"
              >
                Type *
              </label>
              <select
                class=""
                id="type"
                name="type"
                required=""
              >
                <option
                  value="Other"
                >
                  Other
                </option>
                <option
                  value="Groceries"
                >
                  Groceries
                </option>
                <option
                  value="Gas"
                >
                  Gas
                </option>
                <option
                  value="Dining Out"
                >
                  Dining Out
                </option>
                <option
                  value="Tax - Medical"
                >
                  Tax - Medical
                </option>
                <option
                  value="Tax - Donation"
                >
                  Tax - Donation
                </option>
              </select>
            </div>
            <div
              class="form-group"
            >
              <label
                for="amount"
              >
                Amount *
              </label>
              <input
                id="amount"
                min="0.01"
                name="amount"
                placeholder="0.00"
                required=""
                step="0.01"
                type="number"
                value=""
              />
            </div>
          </div>
          <div
            class="form-group"
          >
            <label
              for="payment_method_id"
            >
              Payment Method *
            </label>
            <select
              id="payment_method_id"
              name="payment_method_id"
              required=""
            >
              <option
                value=""
              >
                Select payment method...
              </option>
              <optgroup
                label="Cash"
              >
                <option
                  value="1"
                >
                  Cash
                </option>
              </optgroup>
              <optgroup
                label="Debit"
              >
                <option
                  value="3"
                >
                  Debit Card
                </option>
              </optgroup>
              <optgroup
                label="Credit Card"
              >
                <option
                  value="2"
                >
                  Credit Card
                </option>
              </optgroup>
            </select>
          </div>
          <div
            class="collapsible-section "
          >
            <div
              aria-controls="collapsible-content-people-assignment"
              aria-expanded="false"
              class="collapsible-header"
              id="collapsible-header-people-assignment"
              role="button"
              tabindex="0"
            >
              <div
                class="collapsible-header-left"
              >
                <span
                  class="collapsible-icon collapsed"
                >
                  Γû╢
                </span>
                <span
                  class="collapsible-title"
                >
                  People Assignment
                </span>
              </div>
            </div>
          </div>
          <div
            class="collapsible-section "
          >
            <div
              aria-controls="collapsible-content-insurance-tracking"
              aria-expanded="false"
              class="collapsible-header"
              id="collapsible-header-insurance-tracking"
              role="button"
              tabindex="0"
            >
              <div
                class="collapsible-header-left"
              >
                <span
                  class="collapsible-icon collapsed"
                >
                  Γû╢
                </span>
                <span
                  class="collapsible-title"
                >
                  Insurance Tracking
                </span>
              </div>
            </div>
          </div>
          <div
            class="collapsible-section "
          >
            <div
              aria-controls="collapsible-content-invoice-attachments"
              aria-expanded="false"
              class="collapsible-header"
              id="collapsible-header-invoice-attachments"
              role="button"
              tabindex="0"
            >
              <div
                class="collapsible-header-left"
              >
                <span
                  class="collapsible-icon collapsed"
                >
                  Γû╢
                </span>
                <span
                  class="collapsible-title"
                >
                  Invoice Attachments
                </span>
              </div>
            </div>
          </div>
          <div
            class="collapsible-section "
          >
            <div
              aria-controls="collapsible-content-advanced-options"
              aria-expanded="false"
              class="collapsible-header"
              id="collapsible-header-advanced-options"
              role="button"
              tabindex="0"
            >
              <div
                class="collapsible-header-left"
              >
                <span
                  class="collapsible-icon collapsed"
                >
                  Γû╢
                </span>
                <span
                  class="collapsible-title"
                >
                  Advanced Options
                </span>
              </div>
            </div>
          </div>
          <div
            class="form-group"
          >
            <label
              for="notes"
            >
              Notes
            </label>
            <textarea
              id="notes"
              maxlength="200"
              name="notes"
              placeholder="Additional notes..."
              rows="3"
            />
          </div>
          <button
            class="submit-button"
            type="submit"
          >
            Add Expense
          </button>
        </form>
      </div>
    </div>
  </body>
</html>

Expected: "true"
Received: "false"

 Γ¥» src/components/ExpenseForm.test.jsx:446:59
    444|     // Wait for section to expand
    445|     await waitFor(() => {
    446|       expect(headerButton2.getAttribute('aria-expanded')).toBe('true');
       |                                                           ^
    447|     });
    448| 
 Γ¥» runWithExpensiveErrorDiagnosticsDisabled node_modules/@testing-library/dom/dist/config.js:47:12
 Γ¥» checkCallback node_modules/@testing-library/dom/dist/wait-for.js:124:77
 Γ¥» Timeout.checkRealTimersCallback node_modules/@testing-library/dom/dist/wait-for.js:118:16

ΓÄ»ΓÄ»ΓÄ»ΓÄ»ΓÄ»ΓÄ»ΓÄ»ΓÄ»ΓÄ»ΓÄ»ΓÄ»ΓÄ»ΓÄ»ΓÄ»ΓÄ»ΓÄ»ΓÄ»ΓÄ»ΓÄ»ΓÄ»ΓÄ»ΓÄ»ΓÄ»[1/11]ΓÄ»

 FAIL  src/components/ExpenseForm.test.jsx > ExpenseForm - Future Months Feature > should reset future months to 0 after successful submission
AssertionError: expected true to be false // Object.is equality

Ignored nodes: comments, script, style
<html>
  <head />
  <body>
    <div>
      <div
        class="expense-form-container"
      >
        <h2>
          Add New Expense
        </h2>
        <form
          class="expense-form"
        >
          <div
            class="form-row"
          >
            <div
              class="form-group"
            >
              <label
                for="date"
              >
                Date *
              </label>
              <input
                id="date"
                name="date"
                required=""
                type="date"
                value="2025-01-15"
              />
            </div>
            <div
              class="form-group autocomplete-wrapper"
            >
              <label
                for="place"
              >
                Place
              </label>
              <input
                autocomplete="off"
                id="place"
                maxlength="200"
                name="place"
                placeholder="Where was this expense?"
                type="text"
                value=""
              />
            </div>
          </div>
          <div
            class="form-row"
          >
            <div
              class="form-group"
            >
              <label
                for="type"
              >
                Type *
              </label>
              <select
                class=""
                id="type"
                name="type"
                required=""
              >
                <option
                  value="Other"
                >
                  Other
                </option>
                <option
                  value="Groceries"
                >
                  Groceries
                </option>
                <option
                  value="Gas"
                >
                  Gas
                </option>
                <option
                  value="Dining Out"
                >
                  Dining Out
                </option>
                <option
                  value="Tax - Medical"
                >
                  Tax - Medical
                </option>
                <option
                  value="Tax - Donation"
                >
                  Tax - Donation
                </option>
                <option
                  value="Subscriptions"
                >
                  Subscriptions
                </option>
              </select>
            </div>
            <div
              class="form-group"
            >
              <label
                for="amount"
              >
                Amount *
              </label>
              <input
                id="amount"
                min="0.01"
                name="amount"
                placeholder="0.00"
                required=""
                step="0.01"
                type="number"
                value=""
              />
            </div>
          </div>
          <div
            class="form-group"
          >
            <label
              for="payment_method_id"
            >
              Payment Method *
            </label>
            <select
              id="payment_method_id"
              name="payment_method_id"
              required=""
            >
              <option
                value=""
              >
                Select payment method...
              </option>
              <optgroup
                label="Cash"
              >
                <option
                  value="1"
                >
                  Cash
                </option>
              </optgroup>
              <optgroup
                label="Debit"
              >
                <option
                  value="3"
                >
                  Debit Card
                </option>
              </optgroup>
              <optgroup
                label="Credit Card"
              >
                <option
                  value="2"
                >
                  Credit Card
                </option>
              </optgroup>
            </select>
          </div>
          <div
            class="collapsible-section "
          >
            <div
              aria-controls="collapsible-content-reimbursement"
              aria-expanded="false"
              class="collapsible-header"
              id="collapsible-header-reimbursement"
              role="button"
              tabindex="0"
            >
              <div
                class="collapsible-header-left"
              >
                <span
                  class="collapsible-icon collapsed"
                >
                  Γû╢
                </span>
                <span
                  class="collapsible-title"
                >
                  Reimbursement
                </span>
              </div>
            </div>
          </div>
          <div
            class="collapsible-section "
          >
            <div
              aria-controls="collapsible-content-advanced-options"
              aria-expanded="false"
              class="collapsible-header"
              id="collapsible-header-advanced-options"
              role="button"
              tabindex="0"
            >
              <div
                class="collapsible-header-left"
              >
                <span
                  class="collapsible-icon collapsed"
                >
                  Γû╢
                </span>
                <span
                  class="collapsible-title"
                >
                  Advanced Options
                </span>
              </div>
            </div>
          </div>
          <div
            class="form-group"
          >
            <label
              for="notes"
            >
              Notes
            </label>
            <textarea
              id="notes"
              maxlength="200"
              name="notes"
              placeholder="Additional notes..."
              rows="3"
            />
          </div>
          <div
            class="message success"
          >
            Expense added and added to 2 future months through March 2025
          </div>
          <button
            class="submit-button"
            type="submit"
          >
            Add Expense
          </button>
        </form>
      </div>
    </div>
  </body>
</html>

- Expected
+ Received

- false
+ true

 Γ¥» src/components/ExpenseForm.test.jsx:705:32
    703|     // Future months checkbox should be unchecked after reset
    704|     await waitFor(() => {
    705|       expect(checkbox.checked).toBe(false);
       |                                ^
    706|     });
    707|   });
 Γ¥» runWithExpensiveErrorDiagnosticsDisabled node_modules/@testing-library/dom/dist/config.js:47:12
 Γ¥» checkCallback node_modules/@testing-library/dom/dist/wait-for.js:124:77
 Γ¥» Timeout.checkRealTimersCallback node_modules/@testing-library/dom/dist/wait-for.js:118:16

ΓÄ»ΓÄ»ΓÄ»ΓÄ»ΓÄ»ΓÄ»ΓÄ»ΓÄ»ΓÄ»ΓÄ»ΓÄ»ΓÄ»ΓÄ»ΓÄ»ΓÄ»ΓÄ»ΓÄ»ΓÄ»ΓÄ»ΓÄ»ΓÄ»ΓÄ»ΓÄ»[2/11]ΓÄ»

 FAIL  src/components/ExpenseForm.test.jsx > ExpenseForm - Advanced Options Section > should display badge with posted date when set for credit card
Error: expect(received).toBeInTheDocument()

received value must be an HTMLElement or an SVGElement.
Received has type:  Null
Received has value: null

Ignored nodes: comments, script, style
<html>
  <head />
  <body>
    <div>
      <div
        class="expense-form-container"
      >
        <h2>
          Add New Expense
        </h2>
        <form
          class="expense-form"
        >
          <div
            class="form-row"
          >
            <div
              class="form-group"
            >
              <label
                for="date"
              >
                Date *
              </label>
              <input
                id="date"
                name="date"
                required=""
                type="date"
                value="2025-01-15"
              />
            </div>
            <div
              class="form-group autocomplete-wrapper"
            >
              <label
                for="place"
              >
                Place
              </label>
              <input
                autocomplete="off"
                id="place"
                maxlength="200"
                name="place"
                placeholder="Where was this expense?"
                type="text"
                value=""
              />
            </div>
          </div>
          <div
            class="form-row"
          >
            <div
              class="form-group"
            >
              <label
                for="type"
              >
                Type *
              </label>
              <select
                class=""
                id="type"
                name="type"
                required=""
              >
                <option
                  value="Other"
                >
                  Other
                </option>
                <option
                  value="Groceries"
                >
                  Groceries
                </option>
                <option
                  value="Gas"
                >
                  Gas
                </option>
                <option
                  value="Dining Out"
                >
                  Dining Out
                </option>
                <option
                  value="Tax - Medical"
                >
                  Tax - Medical
                </option>
                <option
                  value="Tax - Donation"
                >
                  Tax - Donation
                </option>
              </select>
            </div>
            <div
              class="form-group"
            >
              <label
                for="amount"
              >
                Amount *
              </label>
              <input
                id="amount"
                min="0.01"
                name="amount"
                placeholder="0.00"
                required=""
                step="0.01"
                type="number"
                value=""
              />
            </div>
          </div>
          <div
            class="form-group"
          >
            <label
              for="payment_method_id"
            >
              Payment Method *
            </label>
            <select
              id="payment_method_id"
              name="payment_method_id"
              required=""
            >
              <option
                value=""
              >
                Select payment method...
              </option>
              <optgroup
                label="Cash"
              >
                <option
                  value="1"
                >
                  Cash
                </option>
              </optgroup>
              <optgroup
                label="Debit"
              >
                <option
                  value="2"
                >
                  Debit
                </option>
              </optgroup>
              <optgroup
                label="Credit Card"
              >
                <option
                  value="3"
                >
                  VISA
                </option>
                <option
                  value="4"
                >
                  Mastercard
                </option>
              </optgroup>
            </select>
          </div>
          <div
            class="collapsible-section "
          >
            <div
              aria-controls="collapsible-content-reimbursement"
              aria-expanded="false"
              class="collapsible-header"
              id="collapsible-header-reimbursement"
              role="button"
              tabindex="0"
            >
              <div
                class="collapsible-header-left"
              >
                <span
                  class="collapsible-icon collapsed"
                >
                  Γû╢
                </span>
                <span
                  class="collapsible-title"
                >
                  Reimbursement
                </span>
              </div>
            </div>
          </div>
          <div
            class="collapsible-section "
          >
            <div
              aria-controls="collapsible-content-advanced-options"
              aria-expanded="true"
              class="collapsible-header"
              id="collapsible-header-advanced-options"
              role="button"
              tabindex="0"
            >
              <div
                class="collapsible-header-left"
              >
                <span
                  class="collapsible-icon expanded"
                >
                  Γû╝
                </span>
                <span
                  class="collapsible-title"
                >
                  Advanced Options
                </span>
              </div>
            </div>
            <div
              aria-labelledby="collapsible-header-advanced-options"
              class="collapsible-content"
              id="collapsible-content-advanced-options"
              role="region"
            >
              <div
                class="form-group future-months-section"
              >
                <div
                  class="future-months-row"
                >
                  <label
                    class="checkbox-label"
                  >
                    <input
                      type="checkbox"
                    />
                    <span>
                      Add to Future Months
                    </span>
                    <span
                      class="help-tooltip-wrapper"
                    >
                      <span
                        aria-label="Help information"
                        class="help-tooltip-icon"
                        role="button"
                        tabindex="0"
                      >
                        Γôÿ
                      </span>
                    </span>
                  </label>
                </div>
              </div>
            </div>
          </div>
          <div
            class="form-group"
          >
            <label
              for="notes"
            >
              Notes
            </label>
            <textarea
              id="notes"
              maxlength="200"
              name="notes"
              placeholder="Additional notes..."
              rows="3"
            />
          </div>
          <button
            class="submit-button"
            type="submit"
          >
            Add Expense
          </button>
        </form>
      </div>
    </div>
  </body>
</html>
 Γ¥» __vi_import_1__.waitFor.timeout src/components/ExpenseForm.test.jsx:1070:31
    1068|     await waitFor(() => {
    1069|       const postedDateInput = container.querySelector('input[name="posΓÇª
    1070|       expect(postedDateInput).toBeInTheDocument();
       |                               ^
    1071|     }, { timeout: 3000 });
    1072| 
 Γ¥» runWithExpensiveErrorDiagnosticsDisabled node_modules/@testing-library/dom/dist/config.js:47:12
 Γ¥» checkCallback node_modules/@testing-library/dom/dist/wait-for.js:124:77
 Γ¥» Timeout.checkRealTimersCallback node_modules/@testing-library/dom/dist/wait-for.js:118:16

ΓÄ»ΓÄ»ΓÄ»ΓÄ»ΓÄ»ΓÄ»ΓÄ»ΓÄ»ΓÄ»ΓÄ»ΓÄ»ΓÄ»ΓÄ»ΓÄ»ΓÄ»ΓÄ»ΓÄ»ΓÄ»ΓÄ»ΓÄ»ΓÄ»ΓÄ»ΓÄ»[3/11]ΓÄ»

 FAIL  src/components/ExpenseForm.test.jsx > ExpenseForm - Advanced Options Section > should display badge with both future months and posted date when both are set
Error: expect(received).toBeInTheDocument()

received value must be an HTMLElement or an SVGElement.
Received has type:  Null
Received has value: null

Ignored nodes: comments, script, style
<html>
  <head />
  <body>
    <div>
      <div
        class="expense-form-container"
      >
        <h2>
          Add New Expense
        </h2>
        <form
          class="expense-form"
        >
          <div
            class="form-row"
          >
            <div
              class="form-group"
            >
              <label
                for="date"
              >
                Date *
              </label>
              <input
                id="date"
                name="date"
                required=""
                type="date"
                value="2025-01-15"
              />
            </div>
            <div
              class="form-group autocomplete-wrapper"
            >
              <label
                for="place"
              >
                Place
              </label>
              <input
                autocomplete="off"
                id="place"
                maxlength="200"
                name="place"
                placeholder="Where was this expense?"
                type="text"
                value=""
              />
            </div>
          </div>
          <div
            class="form-row"
          >
            <div
              class="form-group"
            >
              <label
                for="type"
              >
                Type *
              </label>
              <select
                class=""
                id="type"
                name="type"
                required=""
              >
                <option
                  value="Other"
                >
                  Other
                </option>
                <option
                  value="Groceries"
                >
                  Groceries
                </option>
                <option
                  value="Gas"
                >
                  Gas
                </option>
                <option
                  value="Dining Out"
                >
                  Dining Out
                </option>
                <option
                  value="Tax - Medical"
                >
                  Tax - Medical
                </option>
                <option
                  value="Tax - Donation"
                >
                  Tax - Donation
                </option>
              </select>
            </div>
            <div
              class="form-group"
            >
              <label
                for="amount"
              >
                Amount *
              </label>
              <input
                id="amount"
                min="0.01"
                name="amount"
                placeholder="0.00"
                required=""
                step="0.01"
                type="number"
                value=""
              />
            </div>
          </div>
          <div
            class="form-group"
          >
            <label
              for="payment_method_id"
            >
              Payment Method *
            </label>
            <select
              id="payment_method_id"
              name="payment_method_id"
              required=""
            >
              <option
                value=""
              >
                Select payment method...
              </option>
              <optgroup
                label="Cash"
              >
                <option
                  value="1"
                >
                  Cash
                </option>
              </optgroup>
              <optgroup
                label="Debit"
              >
                <option
                  value="2"
                >
                  Debit
                </option>
              </optgroup>
              <optgroup
                label="Credit Card"
              >
                <option
                  value="3"
                >
                  VISA
                </option>
                <option
                  value="4"
                >
                  Mastercard
                </option>
              </optgroup>
            </select>
          </div>
          <div
            class="collapsible-section "
          >
            <div
              aria-controls="collapsible-content-reimbursement"
              aria-expanded="false"
              class="collapsible-header"
              id="collapsible-header-reimbursement"
              role="button"
              tabindex="0"
            >
              <div
                class="collapsible-header-left"
              >
                <span
                  class="collapsible-icon collapsed"
                >
                  Γû╢
                </span>
                <span
                  class="collapsible-title"
                >
                  Reimbursement
                </span>
              </div>
            </div>
          </div>
          <div
            class="collapsible-section "
          >
            <div
              aria-controls="collapsible-content-advanced-options"
              aria-expanded="true"
              class="collapsible-header"
              id="collapsible-header-advanced-options"
              role="button"
              tabindex="0"
            >
              <div
                class="collapsible-header-left"
              >
                <span
                  class="collapsible-icon expanded"
                >
                  Γû╝
                </span>
                <span
                  class="collapsible-title"
                >
                  Advanced Options
                </span>
                <span
                  class="collapsible-badge"
                >
                  Future: 2 months
                </span>
              </div>
            </div>
            <div
              aria-labelledby="collapsible-header-advanced-options"
              class="collapsible-content"
              id="collapsible-content-advanced-options"
              role="region"
            >
              <div
                class="form-group future-months-section"
              >
                <div
                  class="future-months-row"
                >
                  <label
                    class="checkbox-label"
                  >
                    <input
                      type="checkbox"
                    />
                    <span>
                      Add to Future Months
                    </span>
                    <span
                      class="help-tooltip-wrapper"
                    >
                      <span
                        aria-label="Help information"
                        class="help-tooltip-icon"
                        role="button"
                        tabindex="0"
                      >
                        Γôÿ
                      </span>
                    </span>
                  </label>
                  <div
                    class="future-months-count"
                  >
                    <select
                      class="future-months-select"
                      id="futureMonths"
                      name="futureMonths"
                    >
                      <option
                        value="1"
                      >
                        1
                      </option>
                      <option
                        value="2"
                      >
                        2
                      </option>
                      <option
                        value="3"
                      >
                        3
                      </option>
                      <option
                        value="4"
                      >
                        4
                      </option>
                      <option
                        value="5"
                      >
                        5
                      </option>
                      <option
                        value="6"
                      >
                        6
                      </option>
                      <option
                        value="7"
                      >
                        7
                      </option>
                      <option
                        value="8"
                      >
                        8
                      </option>
                      <option
                        value="9"
                      >
                        9
                      </option>
                      <option
                        value="10"
                      >
                        10
                      </option>
                      <option
                        value="11"
                      >
                        11
                      </option>
                      <option
                        value="12"
                      >
                        12
                      </option>
                    </select>
                    <span
                      class="months-label"
                    >
                      month
                      s
                    </span>
                  </div>
                </div>
                <div
                  class="future-months-preview"
                >
                  <span
                    class="preview-icon"
                  >
                    ≡ƒôà
                  </span>
                  <span
                    class="preview-text"
                  >
                    Will create 
                    2
                     additional expense
                    s
                     
                    through March 2025
                  </span>
                </div>
              </div>
            </div>
          </div>
          <div
            class="form-group"
          >
            <label
              for="notes"
            >
              Notes
            </label>
            <textarea
              id="notes"
              maxlength="200"
              name="notes"
              placeholder="Additional notes..."
              rows="3"
            />
          </div>
          <button
            class="submit-button"
            type="submit"
          >
            Add Expense
          </button>
        </form>
      </div>
    </div>
  </body>
</html>
 Γ¥» src/components/ExpenseForm.test.jsx:1131:31
    1129|     await waitFor(() => {
    1130|       const postedDateInput = container.querySelector('input[name="posΓÇª
    1131|       expect(postedDateInput).toBeInTheDocument();
       |                               ^
    1132|     });
    1133| 
 Γ¥» runWithExpensiveErrorDiagnosticsDisabled node_modules/@testing-library/dom/dist/config.js:47:12
 Γ¥» checkCallback node_modules/@testing-library/dom/dist/wait-for.js:124:77
 Γ¥» Timeout.checkRealTimersCallback node_modules/@testing-library/dom/dist/wait-for.js:118:16

ΓÄ»ΓÄ»ΓÄ»ΓÄ»ΓÄ»ΓÄ»ΓÄ»ΓÄ»ΓÄ»ΓÄ»ΓÄ»ΓÄ»ΓÄ»ΓÄ»ΓÄ»ΓÄ»ΓÄ»ΓÄ»ΓÄ»ΓÄ»ΓÄ»ΓÄ»ΓÄ»[4/11]ΓÄ»

 FAIL  src/components/ExpenseForm.test.jsx > ExpenseForm - Advanced Options Section > should display help tooltip for posted date field
Error: expect(received).toBeInTheDocument()

received value must be an HTMLElement or an SVGElement.
Received has type:  Null
Received has value: null

Ignored nodes: comments, script, style
<html>
  <head />
  <body>
    <div>
      <div
        class="expense-form-container"
      >
        <h2>
          Add New Expense
        </h2>
        <form
          class="expense-form"
        >
          <div
            class="form-row"
          >
            <div
              class="form-group"
            >
              <label
                for="date"
              >
                Date *
              </label>
              <input
                id="date"
                name="date"
                required=""
                type="date"
                value="2025-01-15"
              />
            </div>
            <div
              class="form-group autocomplete-wrapper"
            >
              <label
                for="place"
              >
                Place
              </label>
              <input
                autocomplete="off"
                id="place"
                maxlength="200"
                name="place"
                placeholder="Where was this expense?"
                type="text"
                value=""
              />
            </div>
          </div>
          <div
            class="form-row"
          >
            <div
              class="form-group"
            >
              <label
                for="type"
              >
                Type *
              </label>
              <select
                class=""
                id="type"
                name="type"
                required=""
              >
                <option
                  value="Other"
                >
                  Other
                </option>
                <option
                  value="Groceries"
                >
                  Groceries
                </option>
                <option
                  value="Gas"
                >
                  Gas
                </option>
                <option
                  value="Dining Out"
                >
                  Dining Out
                </option>
                <option
                  value="Tax - Medical"
                >
                  Tax - Medical
                </option>
                <option
                  value="Tax - Donation"
                >
                  Tax - Donation
                </option>
              </select>
            </div>
            <div
              class="form-group"
            >
              <label
                for="amount"
              >
                Amount *
              </label>
              <input
                id="amount"
                min="0.01"
                name="amount"
                placeholder="0.00"
                required=""
                step="0.01"
                type="number"
                value=""
              />
            </div>
          </div>
          <div
            class="form-group"
          >
            <label
              for="payment_method_id"
            >
              Payment Method *
            </label>
            <select
              id="payment_method_id"
              name="payment_method_id"
              required=""
            >
              <option
                value=""
              >
                Select payment method...
              </option>
              <optgroup
                label="Cash"
              >
                <option
                  value="1"
                >
                  Cash
                </option>
              </optgroup>
              <optgroup
                label="Debit"
              >
                <option
                  value="2"
                >
                  Debit
                </option>
              </optgroup>
              <optgroup
                label="Credit Card"
              >
                <option
                  value="3"
                >
                  VISA
                </option>
                <option
                  value="4"
                >
                  Mastercard
                </option>
              </optgroup>
            </select>
          </div>
          <div
            class="collapsible-section "
          >
            <div
              aria-controls="collapsible-content-reimbursement"
              aria-expanded="false"
              class="collapsible-header"
              id="collapsible-header-reimbursement"
              role="button"
              tabindex="0"
            >
              <div
                class="collapsible-header-left"
              >
                <span
                  class="collapsible-icon collapsed"
                >
                  Γû╢
                </span>
                <span
                  class="collapsible-title"
                >
                  Reimbursement
                </span>
              </div>
            </div>
          </div>
          <div
            class="collapsible-section "
          >
            <div
              aria-controls="collapsible-content-advanced-options"
              aria-expanded="true"
              class="collapsible-header"
              id="collapsible-header-advanced-options"
              role="button"
              tabindex="0"
            >
              <div
                class="collapsible-header-left"
              >
                <span
                  class="collapsible-icon expanded"
                >
                  Γû╝
                </span>
                <span
                  class="collapsible-title"
                >
                  Advanced Options
                </span>
              </div>
            </div>
            <div
              aria-labelledby="collapsible-header-advanced-options"
              class="collapsible-content"
              id="collapsible-content-advanced-options"
              role="region"
            >
              <div
                class="form-group future-months-section"
              >
                <div
                  class="future-months-row"
                >
                  <label
                    class="checkbox-label"
                  >
                    <input
                      type="checkbox"
                    />
                    <span>
                      Add to Future Months
                    </span>
                    <span
                      class="help-tooltip-wrapper"
                    >
                      <span
                        aria-label="Help information"
                        class="help-tooltip-icon"
                        role="button"
                        tabindex="0"
                      >
                        Γôÿ
                      </span>
                    </span>
                  </label>
                </div>
              </div>
            </div>
          </div>
          <div
            class="form-group"
          >
            <label
              for="notes"
            >
              Notes
            </label>
            <textarea
              id="notes"
              maxlength="200"
              name="notes"
              placeholder="Additional notes..."
              rows="3"
            />
          </div>
          <button
            class="submit-button"
            type="submit"
          >
            Add Expense
          </button>
        </form>
      </div>
    </div>
  </body>
</html>
 Γ¥» src/components/ExpenseForm.test.jsx:1175:31
    1173|     await waitFor(() => {
    1174|       const postedDateInput = container.querySelector('input[name="posΓÇª
    1175|       expect(postedDateInput).toBeInTheDocument();
       |                               ^
    1176|     });
    1177| 
 Γ¥» runWithExpensiveErrorDiagnosticsDisabled node_modules/@testing-library/dom/dist/config.js:47:12
 Γ¥» checkCallback node_modules/@testing-library/dom/dist/wait-for.js:124:77
 Γ¥» Timeout.checkRealTimersCallback node_modules/@testing-library/dom/dist/wait-for.js:118:16

ΓÄ»ΓÄ»ΓÄ»ΓÄ»ΓÄ»ΓÄ»ΓÄ»ΓÄ»ΓÄ»ΓÄ»ΓÄ»ΓÄ»ΓÄ»ΓÄ»ΓÄ»ΓÄ»ΓÄ»ΓÄ»ΓÄ»ΓÄ»ΓÄ»ΓÄ»ΓÄ»[5/11]ΓÄ»

 FAIL  src/components/ExpenseForm.test.jsx > ExpenseForm - Reimbursement Section > should display badge with reimbursement amount when original cost is set
AssertionError: expected 'Reimbursed: 50.00' to contain 'Reimbursed: $50.00'

Ignored nodes: comments, script, style
<html>
  <head />
  <body>
    <div>
      <div
        class="expense-form-container"
      >
        <h2>
          Add New Expense
        </h2>
        <form
          class="expense-form"
        >
          <div
            class="form-row"
          >
            <div
              class="form-group"
            >
              <label
                for="date"
              >
                Date *
              </label>
              <input
                id="date"
                name="date"
                required=""
                type="date"
                value="2025-01-15"
              />
            </div>
            <div
              class="form-group autocomplete-wrapper"
            >
              <label
                for="place"
              >
                Place
              </label>
              <input
                autocomplete="off"
                id="place"
                maxlength="200"
                name="place"
                placeholder="Where was this expense?"
                type="text"
                value=""
              />
            </div>
          </div>
          <div
            class="form-row"
          >
            <div
              class="form-group"
            >
              <label
                for="type"
              >
                Type *
              </label>
              <select
                class=""
                id="type"
                name="type"
                required=""
              >
                <option
                  value="Other"
                >
                  Other
                </option>
                <option
                  value="Groceries"
                >
                  Groceries
                </option>
                <option
                  value="Gas"
                >
                  Gas
                </option>
                <option
                  value="Dining Out"
                >
                  Dining Out
                </option>
                <option
                  value="Tax - Medical"
                >
                  Tax - Medical
                </option>
                <option
                  value="Tax - Donation"
                >
                  Tax - Donation
                </option>
              </select>
            </div>
            <div
              class="form-group"
            >
              <label
                for="amount"
              >
                Amount *
              </label>
              <input
                id="amount"
                min="0.01"
                name="amount"
                placeholder="0.00"
                required=""
                step="0.01"
                type="number"
                value="50.00"
              />
            </div>
          </div>
          <div
            class="form-group"
          >
            <label
              for="payment_method_id"
            >
              Payment Method *
            </label>
            <select
              id="payment_method_id"
              name="payment_method_id"
              required=""
            >
              <option
                value=""
              >
                Select payment method...
              </option>
              <optgroup
                label="Cash"
              >
                <option
                  value="1"
                >
                  Cash
                </option>
              </optgroup>
              <optgroup
                label="Debit"
              >
                <option
                  value="2"
                >
                  Debit
                </option>
              </optgroup>
            </select>
          </div>
          <div
            class="collapsible-section "
          >
            <div
              aria-controls="collapsible-content-reimbursement"
              aria-expanded="true"
              class="collapsible-header"
              id="collapsible-header-reimbursement"
              role="button"
              tabindex="0"
            >
              <div
                class="collapsible-header-left"
              >
                <span
                  class="collapsible-icon expanded"
                >
                  Γû╝
                </span>
                <span
                  class="collapsible-title"
                >
                  Reimbursement
                </span>
                <span
                  class="collapsible-badge"
                >
                  Reimbursed: 50.00
                </span>
              </div>
            </div>
            <div
              aria-labelledby="collapsible-header-reimbursement"
              class="collapsible-content"
              id="collapsible-content-reimbursement"
              role="region"
            >
              <div
                class="form-group reimbursement-section"
              >
                <label
                  for="genericOriginalCost"
                >
                  Original Cost $ (optional)
                  <span
                    class="help-tooltip-wrapper"
                  >
                    <span
                      aria-label="Help information"
                      class="help-tooltip-icon"
                      role="button"
                      tabindex="0"
                    >
                      Γôÿ
                    </span>
                  </span>
                </label>
                <div
                  class="reimbursement-input-wrapper"
                >
                  <input
                    class=""
                    id="genericOriginalCost"
                    min="0"
                    name="genericOriginalCost"
                    placeholder="0.00"
                    step="0.01"
                    type="number"
                    value="100.00"
                  />
                  <button
                    aria-label="Clear original cost"
                    class="clear-reimbursement-btn"
                    title="Clear original cost"
                    type="button"
                  >
                    Γ£ò
                  </button>
                </div>
                <small
                  class="form-hint"
                >
                  If you were reimbursed, enter the full amount charged here. Amount above is what you paid out-of-pocket.
                </small>
                <div
                  class="reimbursement-preview"
                >
                  <div
                    class="reimbursement-preview-item"
                  >
                    <span
                      class="preview-label"
                    >
                      Charged:
                    </span>
                    <span
                      class="preview-value"
                    >
                      $
                      100.00
                    </span>
                  </div>
                  <div
                    class="reimbursement-preview-item"
                  >
                    <span
                      class="preview-label"
                    >
                      Reimbursed:
                    </span>
                    <span
                      class="preview-value reimbursed"
                    >
                      $
                      50.00
                    </span>
                  </div>
                  <div
                    class="reimbursement-preview-item"
                  >
                    <span
                      class="preview-label"
                    >
                      Net (out-of-pocket):
                    </span>
                    <span
                      class="preview-value net"
                    >
                      $
                      50.00
                    </span>
                  </div>
                </div>
              </div>
            </div>
          </div>
          <div
            class="collapsible-section "
          >
            <div
              aria-controls="collapsible-content-advanced-options"
              aria-expanded="false"
              class="collapsible-header"
              id="collapsible-header-advanced-options"
              role="button"
              tabindex="0"
            >
              <div
                class="collapsible-header-left"
              >
                <span
                  class="collapsible-icon collapsed"
                >
                  Γû╢
                </span>
                <span
                  class="collapsible-title"
                >
                  Advanced Options
                </span>
              </div>
            </div>
          </div>
          <div
            class="form-group"
          >
            <label
              for="notes"
            >
              Notes
            </label>
            <textarea
              id="notes"
              maxlength="200"
              name="notes"
              placeholder="Additional notes..."
              rows="3"
            />
          </div>
          <button
            class="submit-button"
            type="submit"
          >
            Add Expense
          </button>
        </form>
      </div>
    </div>
  </body>
</html>

Expected: "Reimbursed: $50.00"
Received: "Reimbursed: 50.00"

 Γ¥» src/components/ExpenseForm.test.jsx:1334:33
    1332|       const badge = reimbursementHeader.querySelector('.collapsible-baΓÇª
    1333|       expect(badge).toBeInTheDocument();
    1334|       expect(badge.textContent).toContain('Reimbursed: $50.00');
       |                                 ^
    1335|     });
    1336|   });
 Γ¥» runWithExpensiveErrorDiagnosticsDisabled node_modules/@testing-library/dom/dist/config.js:47:12
 Γ¥» checkCallback node_modules/@testing-library/dom/dist/wait-for.js:124:77
 Γ¥» Timeout.checkRealTimersCallback node_modules/@testing-library/dom/dist/wait-for.js:118:16

ΓÄ»ΓÄ»ΓÄ»ΓÄ»ΓÄ»ΓÄ»ΓÄ»ΓÄ»ΓÄ»ΓÄ»ΓÄ»ΓÄ»ΓÄ»ΓÄ»ΓÄ»ΓÄ»ΓÄ»ΓÄ»ΓÄ»ΓÄ»ΓÄ»ΓÄ»ΓÄ»[6/11]ΓÄ»

 FAIL  src/components/ExpenseForm.test.jsx > ExpenseForm - People Assignment Section > should display badge with people count when people are selected
TypeError: 'set' on proxy: trap returned falsish for property 'selectedOptions'
 Γ¥» createEvent node_modules/@testing-library/dom/dist/events.js:54:10
 Γ¥» createEvent.<computed> [as change] node_modules/@testing-library/dom/dist/events.js:106:38
 Γ¥» fireEvent.<computed> [as change] node_modules/@testing-library/dom/dist/events.js:110:68
 Γ¥» fireEvent.<computed> [as change] node_modules/@testing-library/react/dist/fire-event.js:15:52
 Γ¥» src/components/ExpenseForm.test.jsx:1912:15
    1910|     // Select 2 people
    1911|     const peopleSelect = screen.getByLabelText(/assign to people/i);
    1912|     fireEvent.change(peopleSelect, { 
       |               ^
    1913|       target: { 
    1914|         selectedOptions: [

ΓÄ»ΓÄ»ΓÄ»ΓÄ»ΓÄ»ΓÄ»ΓÄ»ΓÄ»ΓÄ»ΓÄ»ΓÄ»ΓÄ»ΓÄ»ΓÄ»ΓÄ»ΓÄ»ΓÄ»ΓÄ»ΓÄ»ΓÄ»ΓÄ»ΓÄ»ΓÄ»[7/11]ΓÄ»

 FAIL  src/components/ExpenseForm.test.jsx > ExpenseForm - People Assignment Section > should display simple selection for single person without Edit button
TestingLibraryElementError: Found multiple elements with the text: Person A

Here are the matching elements:

Ignored nodes: comments, script, style
<option
  value="1"
>
  Person A
</option>

Ignored nodes: comments, script, style
<span
  class="person-name"
>
  Person A
</span>

(If this is intentional, then use the `*AllBy*` variant of the query (like `queryAllByText`, `getAllByText`, or `findAllByText`)).

Ignored nodes: comments, script, style
<body>
  <div>
    <div
      class="expense-form-container"
    >
      <h2>
        Edit Expense
      </h2>
      <form
        class="expense-form"
      >
        <div
          class="form-row"
        >
          <div
            class="form-group"
          >
            <label
              for="date"
            >
              Date *
            </label>
            <input
              id="date"
              name="date"
              required=""
              type="date"
              value="2025-01-15"
            />
          </div>
          <div
            class="form-group autocomplete-wrapper"
          >
            <label
              for="place"
            >
              Place
            </label>
            <input
              autocomplete="off"
              id="place"
              maxlength="200"
              name="place"
              placeholder="Where was this expense?"
              type="text"
              value=""
            />
          </div>
        </div>
        <div
          class="form-row"
        >
          <div
            class="form-group"
          >
            <label
              for="type"
            >
              Type *
            </label>
            <select
              class=""
              id="type"
              name="type"
              required=""
            >
              <option
                value="Other"
              >
                Other
              </option>
              <option
                value="Groceries"
              >
                Groceries
              </option>
              <option
                value="Gas"
              >
                Gas
              </option>
              <option
                value="Dining Out"
              >
                Dining Out
              </option>
              <option
                value="Tax - Medical"
              >
                Tax - Medical
              </option>
              <option
                value="Tax - Donation"
              >
                Tax - Donation
              </option>
            </select>
          </div>
          <div
            class="form-group"
          >
            <label
              for="amount"
            >
              Amount *
            </label>
            <input
              id="amount"
              min="0.01"
              name="amount"
              placeholder="0.00"
              required=""
              step="0.01"
              type="number"
              value="100"
            />
          </div>
        </div>
        <div
          class="form-group"
        >
          <label
            for="payment_method_id"
          >
            Payment Method *
          </label>
          <select
            id="payment_method_id"
            name="payment_method_id"
            required=""
          >
            <option
              value=""
            >
              Select payment method...
            </option>
            <optgroup
              label="Cash"
            >
              <option
                value="1"
              >
                Cash
              </option>
            </optgroup>
            <optgroup
              label="Debit"
            >
              <option
                value="2"
              >
                Debit
              </option>
            </optgroup>
          </select>
        </div>
        <div
          class="collapsible-section "
        >
          <div
            aria-controls="collapsible-content-people-assignment"
            aria-expanded="true"
            class="collapsible-header"
            id="collapsible-header-people-assignment"
            role="button"
            tabindex="0"
          >
            <div
              class="collapsible-header-left"
            >
              <span
                class="collapsible-icon expanded"
              >
                Γû╝
              </span>
              <span
                class="collapsible-title"
              >
                People Assignment
              </span>
              <span
                class="collapsible-badge"
              >
                2 people
              </span>
            </div>
          </div>
          <div
            aria-labelledby="collapsible-header-people-assignment"
            class="collapsible-content"
            id="collapsible-content-people-assignment"
            role="region"
          >
            <div
              class="form-group"
            >
              <label
                for="people"
              >
                Assign to People
                <span
                  class="help-tooltip-wrapper"
                >
                  <span
                    aria-label="Help information"
                    class="help-tooltip-icon"
                    role="button"
                    tabindex="0"
                  >
                    Γôÿ
                  </span>
                </span>
              </label>
              <select
                class="people-select"
                id="people"
                multiple=""
                name="people"
                size="4"
              >
                <option
                  disabled=""
                  value=""
                >
                  Select family members...
                </option>
                <option
                  value="1"
                >
                  Person A
                </option>
                <option
                  value="2"
                >
                  Person B
                </option>
                <option
                  value="3"
                >
                  Person C
                </option>
              </select>
              <div
                class="selected-people-info"
              >
                <div
                  class="allocation-header-row"
                >
                  <span>
                    Allocations (
                    2
                     people)
                  </span>
                  <button
                    class="edit-allocation-button"
                    type="button"
                  >
                    Γ£Å∩╕Å Edit
                  </button>
                </div>
                <div
                  class="current-allocations"
                >
                  <div
                    class="allocation-item"
                  >
                    <span
                      class="person-name"
                    >
                      Person A
                    </span>
                    <span
                      class="person-amount"
                    >
                      $
                      60.00
                    </span>
                  </div>
                  <div
                    class="allocation-item"
                  >
                    <span
                      class="person-name"
                    >
                      Person B
                    </span>
                    <span
                      class="person-amount"
                    >
                      $
                      40.00
                    </span>
                  </div>
                </div>
              </div>
            </div>
          </div>
        </div>
        <div
          class="collapsible-section "
        >
          <div
            aria-controls="collapsible-content-insurance-tracking"
            aria-expanded="false"
            class="collapsible-header"
            id="collapsible-header-insurance-tracking"
            role="button"
            tabindex="0"
          >
            <div
              class="collapsible-header-left"
            >
              <span
                class="collapsible-icon collapsed"
              >
                Γû╢
              </span>
              <span
                class="collapsible-title"
              >
                Insurance Tracking
              </span>
            </div>
          </div>
        </div>
        <div
          class="collapsible-section "
        >
          <div
            aria-controls="collapsible-content-invoice-attachments"
            aria-expanded="false"
            class="collapsible-header"
            id="collapsible-header-invoice-attachments"
            role="button"
            tabindex="0"
          >
            <div
              class="collapsible-header-left"
            >
              <span
                class="collapsible-icon collapsed"
              >
                Γû╢
              </span>
              <span
                class="collapsible-title"
              >
                Invoice Attachments
              </span>
            </div>
          </div>
        </div>
        <div
          class="collapsible-section "
        >
          <div
            aria-controls="collapsible-content-advanced-options"
            aria-expanded="false"
            class="collapsible-header"
            id="collapsible-header-advanced-options"
            role="button"
            tabindex="0"
          >
            <div
              class="collapsible-header-left"
            >
              <span
                class="collapsible-icon collapsed"
              >
                Γû╢
              </span>
              <span
                class="collapsible-title"
              >
                Advanced Options
              </span>
            </div>
          </div>
        </div>
        <div
          class="form-group"
        >
          <label
            for="notes"
          >
            Notes
          </label>
          <textarea
            id="notes"
            maxlength="200"
            name="notes"
            placeholder="Additional notes..."
            rows="3"
          />
        </div>
        <button
          class="submit-button"
          type="submit"
        >
          Update Expense
        </button>
      </form>
    </div>
  </div>
</body>

Ignored nodes: comments, script, style
<html>
  <head />
  <body>
    <div>
      <div
        class="expense-form-container"
      >
        <h2>
          Edit Expense
        </h2>
        <form
          class="expense-form"
        >
          <div
            class="form-row"
          >
            <div
              class="form-group"
            >
              <label
                for="date"
              >
                Date *
              </label>
              <input
                id="date"
                name="date"
                required=""
                type="date"
                value="2025-01-15"
              />
            </div>
            <div
              class="form-group autocomplete-wrapper"
            >
              <label
                for="place"
              >
                Place
              </label>
              <input
                autocomplete="off"
                id="place"
                maxlength="200"
                name="place"
                placeholder="Where was this expense?"
                type="text"
                value=""
              />
            </div>
          </div>
          <div
            class="form-row"
          >
            <div
              class="form-group"
            >
              <label
                for="type"
              >
                Type *
              </label>
              <select
                class=""
                id="type"
                name="type"
                required=""
              >
                <option
                  value="Other"
                >
                  Other
                </option>
                <option
                  value="Groceries"
                >
                  Groceries
                </option>
                <option
                  value="Gas"
                >
                  Gas
                </option>
                <option
                  value="Dining Out"
                >
                  Dining Out
                </option>
                <option
                  value="Tax - Medical"
                >
                  Tax - Medical
                </option>
                <option
                  value="Tax - Donation"
                >
                  Tax - Donation
                </option>
              </select>
            </div>
            <div
              class="form-group"
            >
              <label
                for="amount"
              >
                Amount *
              </label>
              <input
                id="amount"
                min="0.01"
                name="amount"
                placeholder="0.00"
                required=""
                step="0.01"
                type="number"
                value="100"
              />
            </div>
          </div>
          <div
            class="form-group"
          >
            <label
              for="payment_method_id"
            >
              Payment Method *
            </label>
            <select
              id="payment_method_id"
              name="payment_method_id"
              required=""
            >
              <option
                value=""
              >
                Select payment method...
              </option>
              <optgroup
                label="Cash"
              >
                <option
                  value="1"
                >
                  Cash
                </option>
              </optgroup>
              <optgroup
                label="Debit"
              >
                <option
                  value="2"
                >
                  Debit
                </option>
              </optgroup>
            </select>
          </div>
          <div
            class="collapsible-section "
          >
            <div
              aria-controls="collapsible-content-people-assignment"
              aria-expanded="true"
              class="collapsible-header"
              id="collapsible-header-people-assignment"
              role="button"
              tabindex="0"
            >
              <div
                class="collapsible-header-left"
              >
                <span
                  class="collapsible-icon expanded"
                >
                  Γû╝
                </span>
                <span
                  class="collapsible-title"
                >
                  People Assignment
                </span>
                <span
                  class="collapsible-badge"
                >
                  2 people
                </span>
              </div>
            </div>
            <div
              aria-labelledby="collapsible-header-people-assignment"
              class="collapsible-content"
              id="collapsible-content-people-assignment"
              role="region"
            >
              <div
                class="form-group"
              >
                <label
                  for="people"
                >
                  Assign to People
                  <span
                    class="help-tooltip-wrapper"
                  >
                    <span
                      aria-label="Help information"
                      class="help-tooltip-icon"
                      role="button"
                      tabindex="0"
                    >
                      Γôÿ
                    </span>
                  </span>
                </label>
                <select
                  class="people-select"
                  id="people"
                  multiple=""
                  name="people"
                  size="4"
                >
                  <option
                    disabled=""
                    value=""
                  >
                    Select family members...
                  </option>
                  <option
                    value="1"
                  >
                    Person A
                  </option>
                  <option
                    value="2"
                  >
                    Person B
                  </option>
                  <option
                    value="3"
                  >
                    Person C
                  </option>
                </select>
                <div
                  class="selected-people-info"
                >
                  <div
                    class="allocation-header-row"
                  >
                    <span>
                      Allocations (
                      2
                       people)
                    </span>
                    <button
                      class="edit-allocation-button"
                      type="button"
                    >
                      Γ£Å∩╕Å Edit
                    </button>
                  </div>
                  <div
                    class="current-allocations"
                  >
                    <div
                      class="allocation-item"
                    >
                      <span
                        class="person-name"
                      >
                        Person A
                      </span>
                      <span
                        class="person-amount"
                      >
                        $
                        60.00
                      </span>
                    </div>
                    <div
                      class="allocation-item"
                    >
                      <span
                        class="person-name"
                      >
                        Person B
                      </span>
                      <span
                        class="person-amount"
                      >
                        $
                        40.00
                      </span>
                    </div>
                  </div>
                </div>
              </div>
            </div>
          </div>
          <div
            class="collapsible-section "
          >
            <div
              aria-controls="collapsible-content-insurance-tracking"
              aria-expanded="false"
              class="collapsible-header"
              id="collapsible-header-insurance-tracking"
              role="button"
              tabindex="0"
            >
              <div
                class="collapsible-header-left"
              >
                <span
                  class="collapsible-icon collapsed"
                >
                  Γû╢
                </span>
                <span
                  class="collapsible-title"
                >
                  Insurance Tracking
                </span>
              </div>
            </div>
          </div>
          <div
            class="collapsible-section "
          >
            <div
              aria-controls="collapsible-content-invoice-attachments"
              aria-expanded="false"
              class="collapsible-header"
              id="collapsible-header-invoice-attachments"
              role="button"
              tabindex="0"
            >
              <div
                class="collapsible-header-left"
              >
                <span
                  class="collapsible-icon collapsed"
                >
                  Γû╢
                </span>
                <span
                  class="collapsible-title"
                >
                  Invoice Attachments
                </span>
              </div>
            </div>
          </div>
          <div
            class="collapsible-section "
          >
            <div
              aria-controls="collapsible-content-advanced-options"
              aria-expanded="false"
              class="collapsible-header"
              id="collapsible-header-advanced-options"
              role="button"
              tabindex="0"
            >
              <div
                class="collapsible-header-left"
              >
                <span
                  class="collapsible-icon collapsed"
                >
                  Γû╢
                </span>
                <span
                  class="collapsible-title"
                >
                  Advanced Options
                </span>
              </div>
            </div>
          </div>
          <div
            class="form-group"
          >
            <label
              for="notes"
            >
              Notes
            </label>
            <textarea
              id="notes"
              maxlength="200"
              name="notes"
              placeholder="Additional notes..."
              rows="3"
            />
          </div>
          <button
            class="submit-button"
            type="submit"
          >
            Update Expense
          </button>
        </form>
      </div>
    </div>
  </body>
</html>
 Γ¥» Proxy.waitForWrapper node_modules/@testing-library/dom/dist/wait-for.js:163:27
 Γ¥» src/components/ExpenseForm.test.jsx:2015:11
    2013| 
    2014|     // Allocation breakdown should be displayed
    2015|     await waitFor(() => {
       |           ^
    2016|       expect(screen.getByText('Person A')).toBeInTheDocument();
    2017|       expect(screen.getByText('$60.00')).toBeInTheDocument();

ΓÄ»ΓÄ»ΓÄ»ΓÄ»ΓÄ»ΓÄ»ΓÄ»ΓÄ»ΓÄ»ΓÄ»ΓÄ»ΓÄ»ΓÄ»ΓÄ»ΓÄ»ΓÄ»ΓÄ»ΓÄ»ΓÄ»ΓÄ»ΓÄ»ΓÄ»ΓÄ»[8/11]ΓÄ»

 FAIL  src/components/ExpenseForm.test.jsx > ExpenseForm - People Assignment Section > should display simple selection for single person without Edit button
TestingLibraryElementError: Unable to find an element with the text: /Selected: Person A/i. This could be because the text is broken up by multiple elements. In this case, you can provide a function for your text matcher to make your matcher more flexible.

Ignored nodes: comments, script, style
<body>
  <div>
    <div
      class="expense-form-container"
    >
      <h2>
        Add New Expense
      </h2>
      <form
        class="expense-form"
      >
        <div
          class="form-row"
        >
          <div
            class="form-group"
          >
            <label
              for="date"
            >
              Date *
            </label>
            <input
              id="date"
              name="date"
              required=""
              type="date"
              value="2025-01-15"
            />
          </div>
          <div
            class="form-group autocomplete-wrapper"
          >
            <label
              for="place"
            >
              Place
            </label>
            <input
              autocomplete="off"
              id="place"
              maxlength="200"
              name="place"
              placeholder="Where was this expense?"
              type="text"
              value=""
            />
          </div>
        </div>
        <div
          class="form-row"
        >
          <div
            class="form-group"
          >
            <label
              for="type"
            >
              Type *
            </label>
            <select
              class=""
              id="type"
              name="type"
              required=""
            >
              <option
                value="Other"
              >
                Other
              </option>
              <option
                value="Groceries"
              >
                Groceries
              </option>
              <option
                value="Gas"
              >
                Gas
              </option>
              <option
                value="Dining Out"
              >
                Dining Out
              </option>
              <option
                value="Tax - Medical"
              >
                Tax - Medical
              </option>
              <option
                value="Tax - Donation"
              >
                Tax - Donation
              </option>
            </select>
          </div>
          <div
            class="form-group"
          >
            <label
              for="amount"
            >
              Amount *
            </label>
            <input
              id="amount"
              min="0.01"
              name="amount"
              placeholder="0.00"
              required=""
              step="0.01"
              type="number"
              value=""
            />
          </div>
        </div>
        <div
          class="form-group"
        >
          <label
            for="payment_method_id"
          >
            Payment Method *
          </label>
          <select
            id="payment_method_id"
            name="payment_method_id"
            required=""
          >
            <option
              value=""
            >
              Select payment method...
            </option>
            <optgroup
              label="Cash"
            >
              <option
                value="1"
              >
                Cash
              </option>
            </optgroup>
            <optgroup
              label="Debit"
            >
              <option
                value="2"
              >
                Debit
              </option>
            </optgroup>
          </select>
        </div>
        <div
          class="collapsible-section "
        >
          <div
            aria-controls="collapsible-content-people-assignment"
            aria-expanded="true"
            class="collapsible-header"
            id="collapsible-header-people-assignment"
            role="button"
            tabindex="0"
          >
            <div
              class="collapsible-header-left"
            >
              <span
                class="collapsible-icon expanded"
              >
                Γû╝
              </span>
              <span
                class="collapsible-title"
              >
                People Assignment
              </span>
              <span
                class="collapsible-badge"
              >
                1 person
              </span>
            </div>
          </div>
          <div
            aria-labelledby="collapsible-header-people-assignment"
            class="collapsible-content"
            id="collapsible-content-people-assignment"
            role="region"
          >
            <div
              class="form-group"
            >
              <label
                for="people"
              >
                Assign to People
                <span
                  class="help-tooltip-wrapper"
                >
                  <span
                    aria-label="Help information"
                    class="help-tooltip-icon"
                    role="button"
                    tabindex="0"
                  >
                    Γôÿ
                  </span>
                </span>
              </label>
              <select
                class="people-select"
                id="people"
                multiple=""
                name="people"
                size="4"
              >
                <option
                  disabled=""
                  value=""
                >
                  Select family members...
                </option>
                <option
                  value="1"
                >
                  Person A
                </option>
                <option
                  value="2"
                >
                  Person B
                </option>
                <option
                  value="3"
                >
                  Person C
                </option>
              </select>
              <div
                class="selected-people-info"
              >
                <span>
                  Selected: 
                  Select family members...
                </span>
              </div>
            </div>
          </div>
        </div>
        <div
          class="collapsible-section "
        >
          <div
            aria-controls="collapsible-content-insurance-tracking"
            aria-expanded="false"
            class="collapsible-header"
            id="collapsible-header-insurance-tracking"
            role="button"
            tabindex="0"
          >
            <div
              class="collapsible-header-left"
            >
              <span
                class="collapsible-icon collapsed"
              >
                Γû╢
              </span>
              <span
                class="collapsible-title"
              >
                Insurance Tracking
              </span>
            </div>
          </div>
        </div>
        <div
          class="collapsible-section "
        >
          <div
            aria-controls="collapsible-content-invoice-attachments"
            aria-expanded="false"
            class="collapsible-header"
            id="collapsible-header-invoice-attachments"
            role="button"
            tabindex="0"
          >
            <div
              class="collapsible-header-left"
            >
              <span
                class="collapsible-icon collapsed"
              >
                Γû╢
              </span>
              <span
                class="collapsible-title"
              >
                Invoice Attachments
              </span>
            </div>
          </div>
        </div>
        <div
          class="collapsible-section "
        >
          <div
            aria-controls="collapsible-content-advanced-options"
            aria-expanded="false"
            class="collapsible-header"
            id="collapsible-header-advanced-options"
            role="button"
            tabindex="0"
          >
            <div
              class="collapsible-header-left"
            >
              <span
                class="collapsible-icon collapsed"
              >
                Γû╢
              </span>
              <span
                class="collapsible-title"
              >
                Advanced Options
              </span>
            </div>
          </div>
        </div>
        <div
          class="form-group"
        >
          <label
            for="notes"
          >
            Notes
          </label>
          <textarea
            id="notes"
            maxlength="200"
            name="notes"
            placeholder="Additional notes..."
            rows="3"
          />
        </div>
        <button
          class="submit-button"
          type="submit"
        >
          Add Expense
        </button>
      </form>
    </div>
  </div>
</body>

Ignored nodes: comments, script, style
<html>
  <head />
  <body>
    <div>
      <div
        class="expense-form-container"
      >
        <h2>
          Add New Expense
        </h2>
        <form
          class="expense-form"
        >
          <div
            class="form-row"
          >
            <div
              class="form-group"
            >
              <label
                for="date"
              >
                Date *
              </label>
              <input
                id="date"
                name="date"
                required=""
                type="date"
                value="2025-01-15"
              />
            </div>
            <div
              class="form-group autocomplete-wrapper"
            >
              <label
                for="place"
              >
                Place
              </label>
              <input
                autocomplete="off"
                id="place"
                maxlength="200"
                name="place"
                placeholder="Where was this expense?"
                type="text"
                value=""
              />
            </div>
          </div>
          <div
            class="form-row"
          >
            <div
              class="form-group"
            >
              <label
                for="type"
              >
                Type *
              </label>
              <select
                class=""
                id="type"
                name="type"
                required=""
              >
                <option
                  value="Other"
                >
                  Other
                </option>
                <option
                  value="Groceries"
                >
                  Groceries
                </option>
                <option
                  value="Gas"
                >
                  Gas
                </option>
                <option
                  value="Dining Out"
                >
                  Dining Out
                </option>
                <option
                  value="Tax - Medical"
                >
                  Tax - Medical
                </option>
                <option
                  value="Tax - Donation"
                >
                  Tax - Donation
                </option>
              </select>
            </div>
            <div
              class="form-group"
            >
              <label
                for="amount"
              >
                Amount *
              </label>
              <input
                id="amount"
                min="0.01"
                name="amount"
                placeholder="0.00"
                required=""
                step="0.01"
                type="number"
                value=""
              />
            </div>
          </div>
          <div
            class="form-group"
          >
            <label
              for="payment_method_id"
            >
              Payment Method *
            </label>
            <select
              id="payment_method_id"
              name="payment_method_id"
              required=""
            >
              <option
                value=""
              >
                Select payment method...
              </option>
              <optgroup
                label="Cash"
              >
                <option
                  value="1"
                >
                  Cash
                </option>
              </optgroup>
              <optgroup
                label="Debit"
              >
                <option
                  value="2"
                >
                  Debit
                </option>
              </optgroup>
            </select>
          </div>
          <div
            class="collapsible-section "
          >
            <div
              aria-controls="collapsible-content-people-assignment"
              aria-expanded="true"
              class="collapsible-header"
              id="collapsible-header-people-assignment"
              role="button"
              tabindex="0"
            >
              <div
                class="collapsible-header-left"
              >
                <span
                  class="collapsible-icon expanded"
                >
                  Γû╝
                </span>
                <span
                  class="collapsible-title"
                >
                  People Assignment
                </span>
                <span
                  class="collapsible-badge"
                >
                  1 person
                </span>
              </div>
            </div>
            <div
              aria-labelledby="collapsible-header-people-assignment"
              class="collapsible-content"
              id="collapsible-content-people-assignment"
              role="region"
            >
              <div
                class="form-group"
              >
                <label
                  for="people"
                >
                  Assign to People
                  <span
                    class="help-tooltip-wrapper"
                  >
                    <span
                      aria-label="Help information"
                      class="help-tooltip-icon"
                      role="button"
                      tabindex="0"
                    >
                      Γôÿ
                    </span>
                  </span>
                </label>
                <select
                  class="people-select"
                  id="people"
                  multiple=""
                  name="people"
                  size="4"
                >
                  <option
                    disabled=""
                    value=""
                  >
                    Select family members...
                  </option>
                  <option
                    value="1"
                  >
                    Person A
                  </option>
                  <option
                    value="2"
                  >
                    Person B
                  </option>
                  <option
                    value="3"
                  >
                    Person C
                  </option>
                </select>
                <div
                  class="selected-people-info"
                >
                  <span>
                    Selected: 
                    Select family members...
                  </span>
                </div>
              </div>
            </div>
          </div>
          <div
            class="collapsible-section "
          >
            <div
              aria-controls="collapsible-content-insurance-tracking"
              aria-expanded="false"
              class="collapsible-header"
              id="collapsible-header-insurance-tracking"
              role="button"
              tabindex="0"
            >
              <div
                class="collapsible-header-left"
              >
                <span
                  class="collapsible-icon collapsed"
                >
                  Γû╢
                </span>
                <span
                  class="collapsible-title"
                >
                  Insurance Tracking
                </span>
              </div>
            </div>
          </div>
          <div
            class="collapsible-section "
          >
            <div
              aria-controls="collapsible-content-invoice-attachments"
              aria-expanded="false"
              class="collapsible-header"
              id="collapsible-header-invoice-attachments"
              role="button"
              tabindex="0"
            >
              <div
                class="collapsible-header-left"
              >
                <span
                  class="collapsible-icon collapsed"
                >
                  Γû╢
                </span>
                <span
                  class="collapsible-title"
                >
                  Invoice Attachments
                </span>
              </div>
            </div>
          </div>
          <div
            class="collapsible-section "
          >
            <div
              aria-controls="collapsible-content-advanced-options"
              aria-expanded="false"
              class="collapsible-header"
              id="collapsible-header-advanced-options"
              role="button"
              tabindex="0"
            >
              <div
                class="collapsible-header-left"
              >
                <span
                  class="collapsible-icon collapsed"
                >
                  Γû╢
                </span>
                <span
                  class="collapsible-title"
                >
                  Advanced Options
                </span>
              </div>
            </div>
          </div>
          <div
            class="form-group"
          >
            <label
              for="notes"
            >
              Notes
            </label>
            <textarea
              id="notes"
              maxlength="200"
              name="notes"
              placeholder="Additional notes..."
              rows="3"
            />
          </div>
          <button
            class="submit-button"
            type="submit"
          >
            Add Expense
          </button>
        </form>
      </div>
    </div>
  </body>
</html>
 Γ¥» Proxy.waitForWrapper node_modules/@testing-library/dom/dist/wait-for.js:163:27
 Γ¥» src/components/ExpenseForm.test.jsx:2064:11
    2062| 
    2063|     // Should show simple "Selected: Person A" text
    2064|     await waitFor(() => {
       |           ^
    2065|       expect(screen.getByText(/Selected: Person A/i)).toBeInTheDocumenΓÇª
    2066|     });

ΓÄ»ΓÄ»ΓÄ»ΓÄ»ΓÄ»ΓÄ»ΓÄ»ΓÄ»ΓÄ»ΓÄ»ΓÄ»ΓÄ»ΓÄ»ΓÄ»ΓÄ»ΓÄ»ΓÄ»ΓÄ»ΓÄ»ΓÄ»ΓÄ»ΓÄ»ΓÄ»[9/11]ΓÄ»

 FAIL  src/components/ExpenseForm.test.jsx > ExpenseForm - Data Preservation During Collapse > should preserve generic original cost when Reimbursement section is collapsed and re-expanded
TestingLibraryElementError: Found multiple elements with the text: /Reimbursed:/i

Here are the matching elements:

Ignored nodes: comments, script, style
<span
  class="collapsible-badge"
>
  Reimbursed: 25.00
</span>

Ignored nodes: comments, script, style
<span
  class="preview-label"
>
  Reimbursed:
</span>

(If this is intentional, then use the `*AllBy*` variant of the query (like `queryAllByText`, `getAllByText`, or `findAllByText`)).

Ignored nodes: comments, script, style
<body>
  <div>
    <div
      class="expense-form-container"
    >
      <h2>
        Add New Expense
      </h2>
      <form
        class="expense-form"
      >
        <div
          class="form-row"
        >
          <div
            class="form-group"
          >
            <label
              for="date"
            >
              Date *
            </label>
            <input
              id="date"
              name="date"
              required=""
              type="date"
              value="2024-06-15"
            />
          </div>
          <div
            class="form-group autocomplete-wrapper"
          >
            <label
              for="place"
            >
              Place
            </label>
            <input
              autocomplete="off"
              id="place"
              maxlength="200"
              name="place"
              placeholder="Where was this expense?"
              type="text"
              value="Test Place"
            />
          </div>
        </div>
        <div
          class="form-row"
        >
          <div
            class="form-group"
          >
            <label
              for="type"
            >
              Type *
            </label>
            <select
              class=""
              id="type"
              name="type"
              required=""
            >
              <option
                value="Other"
              >
                Other
              </option>
              <option
                value="Groceries"
              >
                Groceries
              </option>
              <option
                value="Gas"
              >
                Gas
              </option>
              <option
                value="Dining Out"
              >
                Dining Out
              </option>
              <option
                value="Tax - Medical"
              >
                Tax - Medical
              </option>
              <option
                value="Tax - Donation"
              >
                Tax - Donation
              </option>
            </select>
          </div>
          <div
            class="form-group"
          >
            <label
              for="amount"
            >
              Amount *
            </label>
            <input
              id="amount"
              min="0.01"
              name="amount"
              placeholder="0.00"
              required=""
              step="0.01"
              type="number"
              value="75"
            />
          </div>
        </div>
        <div
          class="form-group"
        >
          <label
            for="payment_method_id"
          >
            Payment Method *
          </label>
          <select
            id="payment_method_id"
            name="payment_method_id"
            required=""
          >
            <option
              value=""
            >
              Select payment method...
            </option>
            <optgroup
              label="Cash"
            >
              <option
                value="1"
              >
                Cash
              </option>
            </optgroup>
            <optgroup
              label="Debit"
            >
              <option
                value="2"
              >
                Debit
              </option>
            </optgroup>
            <optgroup
              label="Credit Card"
            >
              <option
                value="3"
              >
                VISA
              </option>
            </optgroup>
          </select>
        </div>
        <div
          class="collapsible-section "
        >
          <div
            aria-controls="collapsible-content-reimbursement"
            aria-expanded="true"
            class="collapsible-header"
            id="collapsible-header-reimbursement"
            role="button"
            tabindex="0"
          >
            <div
              class="collapsible-header-left"
            >
              <span
                class="collapsible-icon expanded"
              >
                Γû╝
              </span>
              <span
                class="collapsible-title"
              >
                Reimbursement
              </span>
              <span
                class="collapsible-badge"
              >
                Reimbursed: 25.00
              </span>
            </div>
          </div>
          <div
            aria-labelledby="collapsible-header-reimbursement"
            class="collapsible-content"
            id="collapsible-content-reimbursement"
            role="region"
          >
            <div
              class="form-group reimbursement-section"
            >
              <label
                for="genericOriginalCost"
              >
                Original Cost $ (optional)
                <span
                  class="help-tooltip-wrapper"
                >
                  <span
                    aria-label="Help information"
                    class="help-tooltip-icon"
                    role="button"
                    tabindex="0"
                  >
                    Γôÿ
                  </span>
                </span>
              </label>
              <div
                class="reimbursement-input-wrapper"
              >
                <input
                  class=""
                  id="genericOriginalCost"
                  min="0"
                  name="genericOriginalCost"
                  placeholder="0.00"
                  step="0.01"
                  type="number"
                  value="100"
                />
                <button
                  aria-label="Clear original cost"
                  class="clear-reimbursement-btn"
                  title="Clear original cost"
                  type="button"
                >
                  Γ£ò
                </button>
              </div>
              <small
                class="form-hint"
              >
                If you were reimbursed, enter the full amount charged here. Amount above is what you paid out-of-pocket.
              </small>
              <div
                class="reimbursement-preview"
              >
                <div
                  class="reimbursement-preview-item"
                >
                  <span
                    class="preview-label"
                  >
                    Charged:
                  </span>
                  <span
                    class="preview-value"
                  >
                    $
                    100.00
                  </span>
                </div>
                <div
                  class="reimbursement-preview-item"
                >
                  <span
                    class="preview-label"
                  >
                    Reimbursed:
                  </span>
                  <span
                    class="preview-value reimbursed"
                  >
                    $
                    25.00
                  </span>
                </div>
                <div
                  class="reimbursement-preview-item"
                >
                  <span
                    class="preview-label"
                  >
                    Net (out-of-pocket):
                  </span>
                  <span
                    class="preview-value net"
                  >
                    $
                    75.00
                  </span>
                </div>
              </div>
            </div>
          </div>
        </div>
        <div
          class="collapsible-section "
        >
          <div
            aria-controls="collapsible-content-advanced-options"
            aria-expanded="false"
            class="collapsible-header"
            id="collapsible-header-advanced-options"
            role="button"
            tabindex="0"
          >
            <div
              class="collapsible-header-left"
            >
              <span
                class="collapsible-icon collapsed"
              >
                Γû╢
              </span>
              <span
                class="collapsible-title"
              >
                Advanced Options
              </span>
            </div>
          </div>
        </div>
        <div
          class="form-group"
        >
          <label
            for="notes"
          >
            Notes
          </label>
          <textarea
            id="notes"
            maxlength="200"
            name="notes"
            placeholder="Additional notes..."
            rows="3"
          />
        </div>
        <button
          class="submit-button"
          type="submit"
        >
          Add Expense
        </button>
      </form>
    </div>
  </div>
</body>

Ignored nodes: comments, script, style
<html>
  <head />
  <body>
    <div>
      <div
        class="expense-form-container"
      >
        <h2>
          Add New Expense
        </h2>
        <form
          class="expense-form"
        >
          <div
            class="form-row"
          >
            <div
              class="form-group"
            >
              <label
                for="date"
              >
                Date *
              </label>
              <input
                id="date"
                name="date"
                required=""
                type="date"
                value="2024-06-15"
              />
            </div>
            <div
              class="form-group autocomplete-wrapper"
            >
              <label
                for="place"
              >
                Place
              </label>
              <input
                autocomplete="off"
                id="place"
                maxlength="200"
                name="place"
                placeholder="Where was this expense?"
                type="text"
                value="Test Place"
              />
            </div>
          </div>
          <div
            class="form-row"
          >
            <div
              class="form-group"
            >
              <label
                for="type"
              >
                Type *
              </label>
              <select
                class=""
                id="type"
                name="type"
                required=""
              >
                <option
                  value="Other"
                >
                  Other
                </option>
                <option
                  value="Groceries"
                >
                  Groceries
                </option>
                <option
                  value="Gas"
                >
                  Gas
                </option>
                <option
                  value="Dining Out"
                >
                  Dining Out
                </option>
                <option
                  value="Tax - Medical"
                >
                  Tax - Medical
                </option>
                <option
                  value="Tax - Donation"
                >
                  Tax - Donation
                </option>
              </select>
            </div>
            <div
              class="form-group"
            >
              <label
                for="amount"
              >
                Amount *
              </label>
              <input
                id="amount"
                min="0.01"
                name="amount"
                placeholder="0.00"
                required=""
                step="0.01"
                type="number"
                value="75"
              />
            </div>
          </div>
          <div
            class="form-group"
          >
            <label
              for="payment_method_id"
            >
              Payment Method *
            </label>
            <select
              id="payment_method_id"
              name="payment_method_id"
              required=""
            >
              <option
                value=""
              >
                Select payment method...
              </option>
              <optgroup
                label="Cash"
              >
                <option
                  value="1"
                >
                  Cash
                </option>
              </optgroup>
              <optgroup
                label="Debit"
              >
                <option
                  value="2"
                >
                  Debit
                </option>
              </optgroup>
              <optgroup
                label="Credit Card"
              >
                <option
                  value="3"
                >
                  VISA
                </option>
              </optgroup>
            </select>
          </div>
          <div
            class="collapsible-section "
          >
            <div
              aria-controls="collapsible-content-reimbursement"
              aria-expanded="true"
              class="collapsible-header"
              id="collapsible-header-reimbursement"
              role="button"
              tabindex="0"
            >
              <div
                class="collapsible-header-left"
              >
                <span
                  class="collapsible-icon expanded"
                >
                  Γû╝
                </span>
                <span
                  class="collapsible-title"
                >
                  Reimbursement
                </span>
                <span
                  class="collapsible-badge"
                >
                  Reimbursed: 25.00
                </span>
              </div>
            </div>
            <div
              aria-labelledby="collapsible-header-reimbursement"
              class="collapsible-content"
              id="collapsible-content-reimbursement"
              role="region"
            >
              <div
                class="form-group reimbursement-section"
              >
                <label
                  for="genericOriginalCost"
                >
                  Original Cost $ (optional)
                  <span
                    class="help-tooltip-wrapper"
                  >
                    <span
                      aria-label="Help information"
                      class="help-tooltip-icon"
                      role="button"
                      tabindex="0"
                    >
                      Γôÿ
                    </span>
                  </span>
                </label>
                <div
                  class="reimbursement-input-wrapper"
                >
                  <input
                    class=""
                    id="genericOriginalCost"
                    min="0"
                    name="genericOriginalCost"
                    placeholder="0.00"
                    step="0.01"
                    type="number"
                    value="100"
                  />
                  <button
                    aria-label="Clear original cost"
                    class="clear-reimbursement-btn"
                    title="Clear original cost"
                    type="button"
                  >
                    Γ£ò
                  </button>
                </div>
                <small
                  class="form-hint"
                >
                  If you were reimbursed, enter the full amount charged here. Amount above is what you paid out-of-pocket.
                </small>
                <div
                  class="reimbursement-preview"
                >
                  <div
                    class="reimbursement-preview-item"
                  >
                    <span
                      class="preview-label"
                    >
                      Charged:
                    </span>
                    <span
                      class="preview-value"
                    >
                      $
                      100.00
                    </span>
                  </div>
                  <div
                    class="reimbursement-preview-item"
                  >
                    <span
                      class="preview-label"
                    >
                      Reimbursed:
                    </span>
                    <span
                      class="preview-value reimbursed"
                    >
                      $
                      25.00
                    </span>
                  </div>
                  <div
                    class="reimbursement-preview-item"
                  >
                    <span
                      class="preview-label"
                    >
                      Net (out-of-pocket):
                    </span>
                    <span
                      class="preview-value net"
                    >
                      $
                      75.00
                    </span>
                  </div>
                </div>
              </div>
            </div>
          </div>
          <div
            class="collapsible-section "
          >
            <div
              aria-controls="collapsible-content-advanced-options"
              aria-expanded="false"
              class="collapsible-header"
              id="collapsible-header-advanced-options"
              role="button"
              tabindex="0"
            >
              <div
                class="collapsible-header-left"
              >
                <span
                  class="collapsible-icon collapsed"
                >
                  Γû╢
                </span>
                <span
                  class="collapsible-title"
                >
                  Advanced Options
                </span>
              </div>
            </div>
          </div>
          <div
            class="form-group"
          >
            <label
              for="notes"
            >
              Notes
            </label>
            <textarea
              id="notes"
              maxlength="200"
              name="notes"
              placeholder="Additional notes..."
              rows="3"
            />
          </div>
          <button
            class="submit-button"
            type="submit"
          >
            Add Expense
          </button>
        </form>
      </div>
    </div>
  </body>
</html>
 Γ¥» Proxy.waitForWrapper node_modules/@testing-library/dom/dist/wait-for.js:163:27
 Γ¥» src/components/ExpenseForm.test.jsx:3219:11
    3217| 
    3218|     // Verify reimbursement breakdown is displayed - use more flexibleΓÇª
    3219|     await waitFor(() => {
       |           ^
    3220|       expect(screen.getByText(/Charged:/i)).toBeInTheDocument();
    3221|       expect(screen.getByText(/100\.00/)).toBeInTheDocument();

ΓÄ»ΓÄ»ΓÄ»ΓÄ»ΓÄ»ΓÄ»ΓÄ»ΓÄ»ΓÄ»ΓÄ»ΓÄ»ΓÄ»ΓÄ»ΓÄ»ΓÄ»ΓÄ»ΓÄ»ΓÄ»ΓÄ»ΓÄ»ΓÄ»ΓÄ»[10/11]ΓÄ»

 FAIL  src/components/ExpenseForm.test.jsx > ExpenseForm - Data Preservation During Collapse > should preserve insurance data when Insurance section is collapsed
Error: expect(received).toBeInTheDocument()

received value must be an HTMLElement or an SVGElement.
Received has type:  Null
Received has value: null

Ignored nodes: comments, script, style
<html>
  <head />
  <body>
    <div>
      <div
        class="expense-form-container"
      >
        <h2>
          Add New Expense
        </h2>
        <form
          class="expense-form"
        >
          <div
            class="form-row"
          >
            <div
              class="form-group"
            >
              <label
                for="date"
              >
                Date *
              </label>
              <input
                id="date"
                name="date"
                required=""
                type="date"
                value="2024-06-15"
              />
            </div>
            <div
              class="form-group autocomplete-wrapper"
            >
              <label
                for="place"
              >
                Place
              </label>
              <input
                autocomplete="off"
                id="place"
                maxlength="200"
                name="place"
                placeholder="Where was this expense?"
                type="text"
                value="Hospital"
              />
            </div>
          </div>
          <div
            class="form-row"
          >
            <div
              class="form-group"
            >
              <label
                for="type"
              >
                Type *
              </label>
              <select
                class=""
                id="type"
                name="type"
                required=""
              >
                <option
                  value="Other"
                >
                  Other
                </option>
                <option
                  value="Groceries"
                >
                  Groceries
                </option>
                <option
                  value="Gas"
                >
                  Gas
                </option>
                <option
                  value="Dining Out"
                >
                  Dining Out
                </option>
                <option
                  value="Tax - Medical"
                >
                  Tax - Medical
                </option>
                <option
                  value="Tax - Donation"
                >
                  Tax - Donation
                </option>
              </select>
            </div>
            <div
              class="form-group"
            >
              <label
                for="amount"
              >
                Amount *
              </label>
              <input
                id="amount"
                min="0.01"
                name="amount"
                placeholder="0.00"
                required=""
                step="0.01"
                type="number"
                value="200"
              />
            </div>
          </div>
          <div
            class="form-group"
          >
            <label
              for="payment_method_id"
            >
              Payment Method *
            </label>
            <select
              id="payment_method_id"
              name="payment_method_id"
              required=""
            >
              <option
                value=""
              >
                Select payment method...
              </option>
              <optgroup
                label="Cash"
              >
                <option
                  value="1"
                >
                  Cash
                </option>
              </optgroup>
              <optgroup
                label="Debit"
              >
                <option
                  value="2"
                >
                  Debit
                </option>
              </optgroup>
              <optgroup
                label="Credit Card"
              >
                <option
                  value="3"
                >
                  VISA
                </option>
              </optgroup>
            </select>
          </div>
          <div
            class="collapsible-section "
          >
            <div
              aria-controls="collapsible-content-people-assignment"
              aria-expanded="false"
              class="collapsible-header"
              id="collapsible-header-people-assignment"
              role="button"
              tabindex="0"
            >
              <div
                class="collapsible-header-left"
              >
                <span
                  class="collapsible-icon collapsed"
                >
                  Γû╢
                </span>
                <span
                  class="collapsible-title"
                >
                  People Assignment
                </span>
              </div>
            </div>
          </div>
          <div
            class="collapsible-section "
          >
            <div
              aria-controls="collapsible-content-insurance-tracking"
              aria-expanded="true"
              class="collapsible-header"
              id="collapsible-header-insurance-tracking"
              role="button"
              tabindex="0"
            >
              <div
                class="collapsible-header-left"
              >
                <span
                  class="collapsible-icon expanded"
                >
                  Γû╝
                </span>
                <span
                  class="collapsible-title"
                >
                  Insurance Tracking
                </span>
                <span
                  class="collapsible-badge"
                >
                  Claim: Not Claimed
                </span>
              </div>
            </div>
            <div
              aria-labelledby="collapsible-header-insurance-tracking"
              class="collapsible-content"
              id="collapsible-content-insurance-tracking"
              role="region"
            >
              <div
                class="insurance-eligibility-row"
              >
                <label
                  class="insurance-checkbox"
                >
                  <input
                    type="checkbox"
                  />
                  <span>
                    Eligible for Insurance Reimbursement
                  </span>
                  <span
                    class="help-tooltip-wrapper"
                  >
                    <span
                      aria-label="Help information"
                      class="help-tooltip-icon"
                      role="button"
                      tabindex="0"
                    >
                      Γôÿ
                    </span>
                  </span>
                </label>
              </div>
              <div
                class="insurance-details"
              >
                <div
                  class="insurance-field-row"
                >
                  <div
                    class="insurance-field"
                  >
                    <label
                      for="originalCost"
                    >
                      Original Cost
                      <span
                        class="help-tooltip-wrapper"
                      >
                        <span
                          aria-label="Help information"
                          class="help-tooltip-icon"
                          role="button"
                          tabindex="0"
                        >
                          Γôÿ
                        </span>
                      </span>
                    </label>
                    <div
                      class="amount-input-wrapper"
                    >
                      <span
                        class="currency-symbol"
                      >
                        $
                      </span>
                      <input
                        id="originalCost"
                        min="0.01"
                        placeholder="0.00"
                        step="0.01"
                        type="number"
                        value="200"
                      />
                    </div>
                  </div>
                  <div
                    class="insurance-field"
                  >
                    <label>
                      Out-of-Pocket
                    </label>
                    <div
                      class="out-of-pocket-display"
                    >
                      $
                      200.00
                    </div>
                    <small
                      class="field-hint"
                    >
                      Set via Amount field above
                    </small>
                  </div>
                </div>
                <div
                  class="insurance-field-row"
                >
                  <div
                    class="insurance-field"
                  >
                    <label
                      for="claimStatus"
                    >
                      Claim Status
                      <span
                        class="help-tooltip-wrapper"
                      >
                        <span
                          aria-label="Help information"
                          class="help-tooltip-icon"
                          role="button"
                          tabindex="0"
                        >
                          Γôÿ
                        </span>
                      </span>
                    </label>
                    <select
                      class="claim-status-select"
                      id="claimStatus"
                    >
                      <option
                        value="not_claimed"
                      >
                        Not Claimed
                      </option>
                      <option
                        value="in_progress"
                      >
                        In Progress
                      </option>
                      <option
                        value="paid"
                      >
                        Paid
                      </option>
                      <option
                        value="denied"
                      >
                        Denied
                      </option>
                    </select>
                  </div>
                  <div
                    class="insurance-field"
                  >
                    <label>
                      Reimbursement
                    </label>
                    <div
                      class="reimbursement-display "
                    >
                      $
                      0.00
                    </div>
                    <small
                      class="field-hint"
                    >
                      Original cost - Out-of-pocket
                    </small>
                  </div>
                </div>
                <div
                  class="insurance-status-note"
                >
                  <small>
                    ≡ƒÆí Not yet claimed. Submit to insurance to track reimbursement.
                  </small>
                </div>
              </div>
            </div>
          </div>
          <div
            class="collapsible-section "
          >
            <div
              aria-controls="collapsible-content-invoice-attachments"
              aria-expanded="false"
              class="collapsible-header"
              id="collapsible-header-invoice-attachments"
              role="button"
              tabindex="0"
            >
              <div
                class="collapsible-header-left"
              >
                <span
                  class="collapsible-icon collapsed"
                >
                  Γû╢
                </span>
                <span
                  class="collapsible-title"
                >
                  Invoice Attachments
                </span>
              </div>
            </div>
          </div>
          <div
            class="collapsible-section "
          >
            <div
              aria-controls="collapsible-content-advanced-options"
              aria-expanded="false"
              class="collapsible-header"
              id="collapsible-header-advanced-options"
              role="button"
              tabindex="0"
            >
              <div
                class="collapsible-header-left"
              >
                <span
                  class="collapsible-icon collapsed"
                >
                  Γû╢
                </span>
                <span
                  class="collapsible-title"
                >
                  Advanced Options
                </span>
              </div>
            </div>
          </div>
          <div
            class="form-group"
          >
            <label
              for="notes"
            >
              Notes
            </label>
            <textarea
              id="notes"
              maxlength="200"
              name="notes"
              placeholder="Additional notes..."
              rows="3"
            />
          </div>
          <button
            class="submit-button"
            type="submit"
          >
            Add Expense
          </button>
        </form>
      </div>
    </div>
  </body>
</html>
 Γ¥» src/components/ExpenseForm.test.jsx:3357:67
    3355| 
    3356|     await waitFor(() => {
    3357|       expect(container.querySelector('#insurance_original_cost')).toBeΓÇª
       |                                                                   ^
    3358|     });
    3359| 
 Γ¥» runWithExpensiveErrorDiagnosticsDisabled node_modules/@testing-library/dom/dist/config.js:47:12
 Γ¥» checkCallback node_modules/@testing-library/dom/dist/wait-for.js:124:77
 Γ¥» Timeout.checkRealTimersCallback node_modules/@testing-library/dom/dist/wait-for.js:118:16

ΓÄ»ΓÄ»ΓÄ»ΓÄ»ΓÄ»ΓÄ»ΓÄ»ΓÄ»ΓÄ»ΓÄ»ΓÄ»ΓÄ»ΓÄ»ΓÄ»ΓÄ»ΓÄ»ΓÄ»ΓÄ»ΓÄ»ΓÄ»ΓÄ»ΓÄ»[11/11]ΓÄ»


[2m Test Files [22m [1m[31m1 failed[39m[22m[90m (1)[39m
[2m      Tests [22m [1m[31m11 failed[39m[22m[2m | [22m[1m[32m56 passed[39m[22m[90m (67)[39m
[2m   Start at [22m 19:58:44
[2m   Duration [22m 18.32s[2m (transform 526ms, setup 152ms, import 800ms, tests 16.19s, environment 989ms)[22m

